******************************************************************************
                  MSP430 Linker PC v4.3.3                      
******************************************************************************
>> Linked Tue Jan 05 10:35:15 2016

OUTPUT FILE NAME:   <blinkSpeech.out>
ENTRY POINT SYMBOL: "_c_int00"  address: 000044a6


MEMORY CONFIGURATION

         name            origin    length      used     unused   attr    fill
----------------------  --------  ---------  --------  --------  ----  --------
  SFR                   00000000   00000010  00000000  00000010  RWIX
  PERIPHERALS_8BIT      00000010   000000f0  00000000  000000f0  RWIX
  PERIPHERALS_16BIT     00000100   00000100  00000000  00000100  RWIX
  INFOD                 00001800   00000080  00000000  00000080  RWIX
  INFOC                 00001880   00000080  00000000  00000080  RWIX
  INFOB                 00001900   00000080  00000000  00000080  RWIX
  INFOA                 00001980   00000080  00000000  00000080  RWIX
  USBRAM                00001c00   00000800  00000000  00000800  RWIX
  RAM                   00002400   00002000  000015af  00000a51  RWIX
  FLASH                 00004400   0000bb80  00000ada  0000b0a6  RWIX
  INT00                 0000ff80   00000002  00000000  00000002  RWIX
  INT01                 0000ff82   00000002  00000000  00000002  RWIX
  INT02                 0000ff84   00000002  00000000  00000002  RWIX
  INT03                 0000ff86   00000002  00000000  00000002  RWIX
  INT04                 0000ff88   00000002  00000000  00000002  RWIX
  INT05                 0000ff8a   00000002  00000000  00000002  RWIX
  INT06                 0000ff8c   00000002  00000000  00000002  RWIX
  INT07                 0000ff8e   00000002  00000000  00000002  RWIX
  INT08                 0000ff90   00000002  00000000  00000002  RWIX
  INT09                 0000ff92   00000002  00000000  00000002  RWIX
  INT10                 0000ff94   00000002  00000000  00000002  RWIX
  INT11                 0000ff96   00000002  00000000  00000002  RWIX
  INT12                 0000ff98   00000002  00000000  00000002  RWIX
  INT13                 0000ff9a   00000002  00000000  00000002  RWIX
  INT14                 0000ff9c   00000002  00000000  00000002  RWIX
  INT15                 0000ff9e   00000002  00000000  00000002  RWIX
  INT16                 0000ffa0   00000002  00000000  00000002  RWIX
  INT17                 0000ffa2   00000002  00000000  00000002  RWIX
  INT18                 0000ffa4   00000002  00000000  00000002  RWIX
  INT19                 0000ffa6   00000002  00000000  00000002  RWIX
  INT20                 0000ffa8   00000002  00000000  00000002  RWIX
  INT21                 0000ffaa   00000002  00000000  00000002  RWIX
  INT22                 0000ffac   00000002  00000000  00000002  RWIX
  INT23                 0000ffae   00000002  00000000  00000002  RWIX
  INT24                 0000ffb0   00000002  00000000  00000002  RWIX
  INT25                 0000ffb2   00000002  00000000  00000002  RWIX
  INT26                 0000ffb4   00000002  00000000  00000002  RWIX
  INT27                 0000ffb6   00000002  00000000  00000002  RWIX
  INT28                 0000ffb8   00000002  00000000  00000002  RWIX
  INT29                 0000ffba   00000002  00000000  00000002  RWIX
  INT30                 0000ffbc   00000002  00000000  00000002  RWIX
  INT31                 0000ffbe   00000002  00000000  00000002  RWIX
  INT32                 0000ffc0   00000002  00000000  00000002  RWIX
  INT33                 0000ffc2   00000002  00000000  00000002  RWIX
  INT34                 0000ffc4   00000002  00000000  00000002  RWIX
  INT35                 0000ffc6   00000002  00000000  00000002  RWIX
  INT36                 0000ffc8   00000002  00000000  00000002  RWIX
  INT37                 0000ffca   00000002  00000000  00000002  RWIX
  INT38                 0000ffcc   00000002  00000000  00000002  RWIX
  INT39                 0000ffce   00000002  00000000  00000002  RWIX
  INT40                 0000ffd0   00000002  00000000  00000002  RWIX
  INT41                 0000ffd2   00000002  00000002  00000000  RWIX
  INT42                 0000ffd4   00000002  00000002  00000000  RWIX
  INT43                 0000ffd6   00000002  00000002  00000000  RWIX
  INT44                 0000ffd8   00000002  00000002  00000000  RWIX
  INT45                 0000ffda   00000002  00000002  00000000  RWIX
  INT46                 0000ffdc   00000002  00000002  00000000  RWIX
  INT47                 0000ffde   00000002  00000002  00000000  RWIX
  INT48                 0000ffe0   00000002  00000002  00000000  RWIX
  INT49                 0000ffe2   00000002  00000002  00000000  RWIX
  INT50                 0000ffe4   00000002  00000002  00000000  RWIX
  INT51                 0000ffe6   00000002  00000002  00000000  RWIX
  INT52                 0000ffe8   00000002  00000002  00000000  RWIX
  INT53                 0000ffea   00000002  00000002  00000000  RWIX
  INT54                 0000ffec   00000002  00000002  00000000  RWIX
  INT55                 0000ffee   00000002  00000002  00000000  RWIX
  INT56                 0000fff0   00000002  00000002  00000000  RWIX
  INT57                 0000fff2   00000002  00000002  00000000  RWIX
  INT58                 0000fff4   00000002  00000002  00000000  RWIX
  INT59                 0000fff6   00000002  00000002  00000000  RWIX
  INT60                 0000fff8   00000002  00000002  00000000  RWIX
  INT61                 0000fffa   00000002  00000002  00000000  RWIX
  INT62                 0000fffc   00000002  00000002  00000000  RWIX
  RESET                 0000fffe   00000002  00000002  00000000  RWIX
  FLASH2                00010000   00014400  00006a76  0000d98a  RWIX


SECTION ALLOCATION MAP

 output                                  attributes/
section   page    origin      length       input sections
--------  ----  ----------  ----------   ----------------
.init_array 
*          0    00004400    00000000     UNINITIALIZED

.bss       0    00002400    0000101f     UNINITIALIZED
                  00002400    00000cc0     (.common:mat)
                  000030c0    00000332     (.common:dogs102x6Memory)
                  000033f2    0000001c     (.common:g_sContext)
                  0000340e    00000004     (.common:FThreshold)
                  00003412    00000004     (.common:X)
                  00003416    00000002     (.common:eeprom_address)
                  00003418    00000002     (.common:input)
                  0000341a    00000002     (.common:positionData)
                  0000341c    00000002     (.common:positionDataOld)
                  0000341e    00000001     (.common:receivedChar)

.TI.noinit 
*          0    00002400    00000000     UNINITIALIZED

.data      0    00003420    000004f0     UNINITIALIZED
                  00003420    00000330     Dogs102x64_UC1701.obj (.data:DOGS102x64Memory)
                  00003750    000000b0     rts430x_lc_ld_eabi.lib : signal.obj (.data:sigtable)
                  00003800    00000080                            : xvalues.obj (.data)
                  00003880    0000004c     main.obj (.data)
                  000038cc    00000010     HAL_Dogs102x6.obj (.data:Dogs102x6_initMacro)
                  000038dc    0000000e     main.obj (.data:total_options)
                  000038ea    00000008     ucs.obj (.data)
                  000038f2    00000008     rts430x_lc_ld_eabi.lib : _lock.obj (.data)
                  000038fa    00000008                            : feraiseexcept.obj (.data)
                  00003902    00000005     HAL_Dogs102x6.obj (.data)
                  00003907    00000001     --HOLE--
                  00003908    00000004     HAL_Buttons.obj (.data)
                  0000390c    00000002     Dogs102x64_UC1701.obj (.data)
                  0000390e    00000002     rts430x_lc_ld_eabi.lib : errno.obj (.data)

.TI.persistent 
*          0    00003420    00000000     UNINITIALIZED

.stack     0    00004360    000000a0     UNINITIALIZED
                  00004360    00000004     rts430x_lc_ld_eabi.lib : boot.obj (.stack)
                  00004364    0000009c     --HOLE--

.text:_isr 
*          0    00004400    000000e8     
                  00004400    00000046     HAL_Buttons.obj (.text:_isr:Port1_ISR)
                  00004446    00000046     HAL_Buttons.obj (.text:_isr:Port2_ISR)
                  0000448c    0000001a     HAL_Buttons.obj (.text:_isr:WDT_ISR)
                  000044a6    0000001a     rts430x_lc_ld_eabi.lib : boot.obj (.text:_isr:_c_int00_noexit)
                  000044c0    00000016     HAL_Wheel.obj (.text:_isr:ADC12_ISR)
                  000044d6    00000012     main.obj (.text:_isr:USCI_A1_ISR)

.const     0    000044e8    00000952     
                  000044e8    000002f8     fontfixed6x8.obj (.const:.string:g_pucFontFixed6x8Data)
                  000047e0    000002a4     main.obj (.const:.string)
                  00004a84    0000024c     HAL_Dogs102x6.obj (.const:.string:FONT6x8)
                  00004cd0    000000c8     fontfixed6x8.obj (.const)
                  00004d98    00000030     rts430x_lc_ld_eabi.lib : xsin.obj (.const:c)
                  00004dc8    00000030                            : xsin.obj (.const:s)
                  00004df8    0000002c     Dogs102x64_UC1701.obj (.const)
                  00004e24    00000014     rts430x_lc_ld_eabi.lib : _printfi_min.obj (.const:.string)
                  00004e38    00000002     HAL_Dogs102x6.obj (.const:.string:$P$T1$2)

.cinit     0    00004e3a    000000a0     
                  00004e3a    0000007d     (.cinit..data.load) [load image, compression = rle]
                  00004eb7    00000001     --HOLE-- [fill = 0]
                  00004eb8    0000000c     (__TI_handler_table)
                  00004ec4    00000006     (.cinit..bss.load) [load image, compression = zero_init]
                  00004eca    00000010     (__TI_cinit_table)

RTC        0    0000ffd2    00000002     
                  0000ffd2    00000002     rts430x_lc_ld_eabi.lib : int41.obj (.int41)

PORT2      0    0000ffd4    00000002     
                  0000ffd4    00000002     HAL_Buttons.obj (.int42)

TIMER2_A1 
*          0    0000ffd6    00000002     
                  0000ffd6    00000002     rts430x_lc_ld_eabi.lib : int43.obj (.int43)

TIMER2_A0 
*          0    0000ffd8    00000002     
                  0000ffd8    00000002     rts430x_lc_ld_eabi.lib : int44.obj (.int44)

USCI_B1    0    0000ffda    00000002     
                  0000ffda    00000002     rts430x_lc_ld_eabi.lib : int45.obj (.int45)

USCI_A1    0    0000ffdc    00000002     
                  0000ffdc    00000002     main.obj (.int46)

PORT1      0    0000ffde    00000002     
                  0000ffde    00000002     HAL_Buttons.obj (.int47)

TIMER1_A1 
*          0    0000ffe0    00000002     
                  0000ffe0    00000002     rts430x_lc_ld_eabi.lib : int48.obj (.int48)

TIMER1_A0 
*          0    0000ffe2    00000002     
                  0000ffe2    00000002     rts430x_lc_ld_eabi.lib : int49.obj (.int49)

DMA        0    0000ffe4    00000002     
                  0000ffe4    00000002     rts430x_lc_ld_eabi.lib : int50.obj (.int50)

USB_UBM    0    0000ffe6    00000002     
                  0000ffe6    00000002     rts430x_lc_ld_eabi.lib : int51.obj (.int51)

TIMER0_A1 
*          0    0000ffe8    00000002     
                  0000ffe8    00000002     rts430x_lc_ld_eabi.lib : int52.obj (.int52)

TIMER0_A0 
*          0    0000ffea    00000002     
                  0000ffea    00000002     rts430x_lc_ld_eabi.lib : int53.obj (.int53)

ADC12      0    0000ffec    00000002     
                  0000ffec    00000002     HAL_Wheel.obj (.int54)

USCI_B0    0    0000ffee    00000002     
                  0000ffee    00000002     rts430x_lc_ld_eabi.lib : int55.obj (.int55)

USCI_A0    0    0000fff0    00000002     
                  0000fff0    00000002     rts430x_lc_ld_eabi.lib : int56.obj (.int56)

WDT        0    0000fff2    00000002     
                  0000fff2    00000002     HAL_Buttons.obj (.int57)

TIMER0_B1 
*          0    0000fff4    00000002     
                  0000fff4    00000002     rts430x_lc_ld_eabi.lib : int58.obj (.int58)

TIMER0_B0 
*          0    0000fff6    00000002     
                  0000fff6    00000002     rts430x_lc_ld_eabi.lib : int59.obj (.int59)

COMP_B     0    0000fff8    00000002     
                  0000fff8    00000002     rts430x_lc_ld_eabi.lib : int60.obj (.int60)

UNMI       0    0000fffa    00000002     
                  0000fffa    00000002     rts430x_lc_ld_eabi.lib : int61.obj (.int61)

SYSNMI     0    0000fffc    00000002     
                  0000fffc    00000002     rts430x_lc_ld_eabi.lib : int62.obj (.int62)

.reset     0    0000fffe    00000002     
                  0000fffe    00000002     rts430x_lc_ld_eabi.lib : boot.obj (.reset)

.text      0    00010000    00006a76     
                  00010000    00000a86     main.obj (.text:main)
                  00010a86    00000694     string.obj (.text:GrStringDraw)
                  0001111a    00000452     rts430x_lc_ld_eabi.lib : frcdivd.obj (.text:__TI_frcdivd)
                  0001156c    000003c2                            : xsin.obj (.text:_Sin)
                  0001192e    0000031a                            : fmod.obj (.text:fmod)
                  00011c48    00000318     main.obj (.text:plot)
                  00011f60    000002e4     rts430x_lc_ld_eabi.lib : frcmpyd.obj (.text:__TI_frcmpyd)
                  00012244    000002d8                            : addd.obj (.text:__mspabi_addd)
                  0001251c    00000290     Dogs102x64_UC1701.obj (.text:Dogs102x64_UC1701RectFill)
                  000127ac    00000282     rts430x_lc_ld_eabi.lib : mpyd.obj (.text:__mspabi_mpyd)
                  00012a2e    00000252                            : frcaddd.obj (.text:__TI_frcaddd)
                  00012c80    0000022a     main.obj (.text:moveSnake)
                  00012eaa    00000222     rts430x_lc_ld_eabi.lib : divd.obj (.text:__mspabi_divd)
                  000130cc    000001d8     main.obj (.text:dft)
                  000132a4    0000019e     rts430x_lc_ld_eabi.lib : xdscale.obj (.text:_Dscale)
                  00013442    00000194     main.obj (.text:playSnake)
                  000135d6    0000017c     rts430x_lc_ld_eabi.lib : _printfi_min.obj (.text:_setfield)
                  00013752    0000016e     Dogs102x64_UC1701.obj (.text:Dogs102x64_UC1701LineDrawV)
                  000138c0    00000166     Dogs102x64_UC1701.obj (.text:Dogs102x64_UC1701Init)
                  00013a26    0000014e     HAL_Dogs102x6.obj (.text:Dogs102x6_verticalLineDraw)
                  00013b74    00000146     main.obj (.text:set_up)
                  00013cba    00000130     rts430x_lc_ld_eabi.lib : fs_add.obj (.text)
                  00013dea    0000012c     main.obj (.text:eye_control)
                  00013f16    00000126     HAL_Dogs102x6.obj (.text:Dogs102x6_lineDraw)
                  0001403c    00000100     rts430x_lc_ld_eabi.lib : xdnorm.obj (.text:_Dnorm)
                  0001413c    000000f2     ucs.obj (.text:privateUCSSourceClockFromDCO)
                  0001422e    000000ee     main.obj (.text:reinitialise)
                  0001431c    000000e4     HAL_Board.obj (.text:Board_init)
                  00014400    000000e2     ucs.obj (.text:UCS_initFLL)
                  000144e2    000000d8     rts430x_lc_ld_eabi.lib : cmpd.obj (.text:__mspabi_cmpd)
                  000145ba    000000d6                            : _printfi_min.obj (.text:__TI_printfi_minimal)
                  00014690    000000d6     ucs.obj (.text:privateUCSComputeCLKFrequency)
                  00014766    000000ce     pmm.obj (.text:PMM_setVCoreUp)
                  00014834    000000c4     timer_b.obj (.text:privateTimerBProcessClockSourceDivider)
                  000148f8    000000c2     Dogs102x64_UC1701.obj (.text:Dogs102x64_UC1701PixelDrawMultiple)
                  000149ba    000000c0     line.obj (.text:GrLineDrawH)
                  00014a7a    000000b6     rts430x_lc_ld_eabi.lib : fs_mpy.obj (.text)
                  00014b30    000000b2                            : renormd.obj (.text:__TI_renormd)
                  00014be2    000000ae     HAL_Dogs102x6.obj (.text:Dogs102x6_writeData)
                  00014c90    000000aa     HAL_Dogs102x6.obj (.text:Dogs102x6_horizontalLineDraw)
                  00014d3a    0000009e     Dogs102x64_UC1701.obj (.text:Dogs102x64_setBacklight)
                  00014dd8    0000009a     main.obj (.text:print_int)
                  00014e72    00000098     rts430x_lc_ld_eabi.lib : autoinit.obj (.text:_auto_init_hold_wdt)
                  00014f0a    00000094     pmm.obj (.text:PMM_setVCoreDown)
                  00014f9e    00000094     rts430x_lc_ld_eabi.lib : fltlid.obj (.text:__mspabi_fltlid)
                  00015032    00000092     Dogs102x64_UC1701.obj (.text:Dogs102x64_UC1701LineDrawH)
                  000150c4    00000092     string.obj (.text:GrStringWidthGet)
                  00015156    00000092     main.obj (.text:print_char)
                  000151e8    0000008e     gpio.obj (.text:GPIO_setAsOutputPin)
                  00015276    0000008e     gpio.obj (.text:GPIO_setAsPeripheralModuleFunctionOutputPin)
                  00015304    0000008e     rts430x_lc_ld_eabi.lib : fs_div.obj (.text)
                  00015392    0000008c                            : cvtdf.obj (.text:__mspabi_cvtdf)
                  0001541e    00000086     Dogs102x64_UC1701.obj (.text:Dogs102x64_fillScreen)
                  000154a4    00000086     HAL_Dogs102x6.obj (.text:Dogs102x6_charDraw)
                  0001552a    0000007a     main.obj (.text:highlight_and_print_string)
                  000155a4    0000007a     main.obj (.text:print_string)
                  0001561e    00000078     HAL_Dogs102x6.obj (.text:Dogs102x6_init)
                  00015696    00000078     rts430x_lc_ld_eabi.lib : snprintf.obj (.text:snprintf)
                  0001570e    00000076     Dogs102x64_UC1701.obj (.text:Dogs102x64_UC1701PixelDraw)
                  00015784    00000076     HAL_Dogs102x6.obj (.text:Dogs102x6_pixelDraw)
                  000157fa    00000072     HAL_Dogs102x6.obj (.text:Dogs102x6_stringDraw)
                  0001586c    00000070     gpio.obj (.text:GPIO_setOutputHighOnPin)
                  000158dc    00000070     gpio.obj (.text:GPIO_setOutputLowOnPin)
                  0001594c    0000006e     Dogs102x64_UC1701.obj (.text:WriteCommand)
                  000159ba    0000006e     Dogs102x64_UC1701.obj (.text:WriteData)
                  00015a28    0000006c     rts430x_lc_ld_eabi.lib : snprintf.obj (.text:_outs)
                  00015a94    00000068                            : fs_toi.obj (.text)
                  00015afc    00000066     HAL_Dogs102x6.obj (.text:Dogs102x6_setAddress)
                  00015b62    00000066     rts430x_lc_ld_eabi.lib : fixdli.obj (.text:__mspabi_fixdli)
                  00015bc8    00000064                            : cvtfd.obj (.text:__mspabi_cvtfd)
                  00015c2c    00000062                            : copy_decompress_rle.obj (.text:__TI_decompress_rle_core)
                  00015c8e    00000060     Dogs102x64_UC1701.obj (.text:Dogs102x64_backlightInit)
                  00015cee    00000060     gpio.obj (.text:privateGPIOGetBaseAddress)
                  00015d4e    0000005a     timer_b.obj (.text:TIMER_B_startUpMode)
                  00015da8    0000005a     usci_b_spi.obj (.text:USCI_B_SPI_masterInit)
                  00015e02    0000005a     main.obj (.text:lcd_init)
                  00015e5c    00000058     rts430x_lc_ld_eabi.lib : _printfi_min.obj (.text:_ltostr)
                  00015eb4    00000058                            : div32u.obj (.text)
                  00015f0c    00000052     Dogs102x64_UC1701.obj (.text:Dogs102x64_UC1701ClearDisplay)
                  00015f5e    0000004e     HAL_Wheel.obj (.text:Wheel_getValue)
                  00015fac    0000004c     rts430x_lc_ld_eabi.lib : _printfi_min.obj (.text:_pproc_diouxp)
                  00015ff8    0000004a     pmm.obj (.text:PMM_setVCore)
                  00016042    0000004a     rts430x_lc_ld_eabi.lib : fs_cmp.obj (.text)
                  0001608c    00000048                            : _printfi_min.obj (.text:_pproc_str)
                  000160d4    00000046     ucs.obj (.text:UCS_LFXT1Start)
                  0001611a    00000046     rts430x_lc_ld_eabi.lib : fs_tou.obj (.text)
                  00016160    00000042     main.obj (.text:eeprom_write_bytes)
                  000161a2    00000040     HAL_Dogs102x6.obj (.text:Dogs102x6_writeCommand)
                  000161e2    00000040     rts430x_lc_ld_eabi.lib : div32s.obj (.text)
                  00016222    0000003e     HAL_Dogs102x6.obj (.text:Dogs102x6_setBacklight)
                  00016260    0000003e     rts430x_lc_ld_eabi.lib : _printfi_min.obj (.text:_getarg_diouxp)
                  0001629e    0000003e                            : asr32.obj (.text:l_asr_const)
                  000162dc    0000003e                            : lsl32.obj (.text:l_lsl_const)
                  0001631a    0000003e                            : lsr32.obj (.text:l_lsr_const)
                  00016358    0000003c     context.obj (.text:GrContextInit)
                  00016394    0000003a     rts430x_lc_ld_eabi.lib : llmath.obj (.text:__mspabi_srlll)
                  000163ce    00000038     main.obj (.text:check_blink)
                  00016406    00000038     rts430x_lc_ld_eabi.lib : signal.obj (.text:signal)
                  0001643e    00000036     Dogs102x64_UC1701.obj (.text:Dogs102x64_UC1701ColorTranslate)
                  00016474    00000036     HAL_Dogs102x6.obj (.text:Dogs102x6_clearScreen)
                  000164aa    00000036     HAL_Wheel.obj (.text:Wheel_getPosition)
                  000164e0    00000036     rts430x_lc_ld_eabi.lib : xferaise.obj (.text:_Feraise)
                  00016516    00000036                            : fs_itof.obj (.text)
                  0001654c    00000034                            : feraiseexcept.obj (.text:feraiseexcept)
                  00016580    00000034     main.obj (.text:usart_init)
                  000165b4    00000032     HAL_Dogs102x6.obj (.text:Dogs102x6_setContrast)
                  000165e6    00000032     ucs.obj (.text:UCS_initFLLSettle)
                  00016618    00000032     rts430x_lc_ld_eabi.lib : subd.obj (.text:__mspabi_subd)
                  0001664a    00000032                            : raise.obj (.text:raise)
                  0001667c    00000030     HAL_Dogs102x6.obj (.text:Dogs102x6_backlightInit)
                  000166ac    0000002e     string.obj (.text:NumLeadingZeros)
                  000166da    0000002e     rts430x_lc_ld_eabi.lib : negd.obj (.text:__mspabi_negd)
                  00016708    0000002e                            : snprintf.obj (.text:_outc)
                  00016736    0000002c     timer_b.obj (.text:TIMER_B_initCompare)
                  00016762    0000002c     rts430x_lc_ld_eabi.lib : div16s.obj (.text)
                  0001678e    0000002a                            : memcpy.obj (.text:memcpy)
                  000167b8    00000028                            : fixdi.obj (.text:__mspabi_fixdi)
                  000167e0    00000026     HAL_Wheel.obj (.text:Wheel_init)
                  00016806    00000024     rts430x_lc_ld_eabi.lib : copy_zero_init.obj (.text:decompress:ZI:__TI_zero_init)
                  0001682a    00000024                            : fs_utof.obj (.text)
                  0001684e    00000022                            : mult32_f5hw.obj (.text)
                  00016870    00000020                            : memccpy.obj (.text:memccpy)
                  00016890    00000020                            : memset.obj (.text:memset)
                  000168b0    0000001a                            : _printfi_min.obj (.text:_div)
                  000168ca    00000018     ucs.obj (.text:UCS_getSMCLK)
                  000168e2    00000016     wdt_a.obj (.text:WDT_A_hold)
                  000168f8    00000016     rts430x_lc_ld_eabi.lib : copy_decompress_none.obj (.text:decompress:none:__TI_decompress_none)
                  0001690e    00000016                            : div16u.obj (.text)
                  00016924    00000016                            : mult16_f5hw.obj (.text)
                  0001693a    00000012     HAL_Buttons.obj (.text:Buttons_interruptEnable)
                  0001694c    00000012     ucs.obj (.text:UCS_setExternalClockSource)
                  0001695e    00000012     rts430x_lc_ld_eabi.lib : strlen.obj (.text:strlen)
                  00016970    00000010                            : asr32.obj (.text:l_asr)
                  00016980    00000010                            : lsl32.obj (.text:l_lsl)
                  00016990    00000010                            : lsr32.obj (.text:l_lsr)
                  000169a0    0000000e     HAL_Buttons.obj (.text:Buttons_init)
                  000169ae    0000000e     timer_b.obj (.text:TIMER_B_stop)
                  000169bc    0000000e     rts430x_lc_ld_eabi.lib : cos.obj (.text:cos)
                  000169ca    0000000e                            : sin.obj (.text:sin)
                  000169d8    0000000c     timer_b.obj (.text:TIMER_B_setCompareValue)
                  000169e4    0000000c     usci_b_spi.obj (.text:USCI_B_SPI_clearInterruptFlag)
                  000169f0    0000000c     usci_b_spi.obj (.text:USCI_B_SPI_isBusy)
                  000169fc    0000000c     rts430x_lc_ld_eabi.lib : fltid.obj (.text:__mspabi_fltid)
                  00016a08    0000000a     timer_b.obj (.text:TIMER_B_getCaptureCompareCount)
                  00016a12    0000000a     usci_b_spi.obj (.text:USCI_B_SPI_getInterruptStatus)
                  00016a1c    0000000a     usci_b_spi.obj (.text:USCI_B_SPI_transmitData)
                  00016a26    0000000a     rts430x_lc_ld_eabi.lib : asr16.obj (.text)
                  00016a30    0000000a                            : lsl16.obj (.text)
                  00016a3a    0000000a                            : lsr16.obj (.text)
                  00016a44    00000008     usci_b_spi.obj (.text:USCI_B_SPI_receiveData)
                  00016a4c    00000006     sfr.obj (.text:SFR_enableInterrupt)
                  00016a52    00000006     timer_b.obj (.text:TIMER_B_startCounter)
                  00016a58    00000006     usci_b_spi.obj (.text:USCI_B_SPI_enable)
                  00016a5e    00000006     rts430x_lc_ld_eabi.lib : isr_trap.obj (.text:__TI_ISR_TRAP)
                  00016a64    00000006                            : copy_decompress_rle.obj (.text:decompress:rle24:__TI_decompress_rle24)
                  00016a6a    00000004                            : pre_init.obj (.text:_system_pre_init)
                  00016a6e    00000004                            : exit.obj (.text:abort)
                  00016a72    00000002     Dogs102x64_UC1701.obj (.text:Dogs102x64_UC1701Flush)
                  00016a74    00000002     rts430x_lc_ld_eabi.lib : _lock.obj (.text:_nop)


LINKER GENERATED COPY TABLES

__TI_cinit_table @ 00004eca records: 2, size/record: 8, table size: 16
	.data: load addr=00004e3a, load size=0000007d bytes, run addr=00003420, run size=000004f0 bytes, compression=rle
	.bss: load addr=00004ec4, load size=00000006 bytes, run addr=00002400, run size=0000101f bytes, compression=zero_init


LINKER GENERATED HANDLER TABLE

__TI_handler_table @ 00004eb8 records: 3, size/record: 4, table size: 12
	index: 0, handler: __TI_zero_init
	index: 1, handler: __TI_decompress_rle24
	index: 2, handler: __TI_decompress_none


GLOBAL SYMBOLS: SORTED ALPHABETICALLY BY Name 

address    name
--------   ----
00000700   ADC12CTL0
00000701   ADC12CTL0_H
00000700   ADC12CTL0_L
00000702   ADC12CTL1
00000703   ADC12CTL1_H
00000702   ADC12CTL1_L
00000704   ADC12CTL2
00000705   ADC12CTL2_H
00000704   ADC12CTL2_L
0000070c   ADC12IE
0000070d   ADC12IE_H
0000070c   ADC12IE_L
0000070a   ADC12IFG
0000070b   ADC12IFG_H
0000070a   ADC12IFG_L
0000070e   ADC12IV
0000070f   ADC12IV_H
0000070e   ADC12IV_L
00000710   ADC12MCTL0
00000711   ADC12MCTL1
0000071a   ADC12MCTL10
0000071b   ADC12MCTL11
0000071c   ADC12MCTL12
0000071d   ADC12MCTL13
0000071e   ADC12MCTL14
0000071f   ADC12MCTL15
00000712   ADC12MCTL2
00000713   ADC12MCTL3
00000714   ADC12MCTL4
00000715   ADC12MCTL5
00000716   ADC12MCTL6
00000717   ADC12MCTL7
00000718   ADC12MCTL8
00000719   ADC12MCTL9
00000720   ADC12MEM0
00000721   ADC12MEM0_H
00000720   ADC12MEM0_L
00000722   ADC12MEM1
00000734   ADC12MEM10
00000735   ADC12MEM10_H
00000734   ADC12MEM10_L
00000736   ADC12MEM11
00000737   ADC12MEM11_H
00000736   ADC12MEM11_L
00000738   ADC12MEM12
00000739   ADC12MEM12_H
00000738   ADC12MEM12_L
0000073a   ADC12MEM13
0000073b   ADC12MEM13_H
0000073a   ADC12MEM13_L
0000073c   ADC12MEM14
0000073d   ADC12MEM14_H
0000073c   ADC12MEM14_L
0000073e   ADC12MEM15
0000073f   ADC12MEM15_H
0000073e   ADC12MEM15_L
00000723   ADC12MEM1_H
00000722   ADC12MEM1_L
00000724   ADC12MEM2
00000725   ADC12MEM2_H
00000724   ADC12MEM2_L
00000726   ADC12MEM3
00000727   ADC12MEM3_H
00000726   ADC12MEM3_L
00000728   ADC12MEM4
00000729   ADC12MEM4_H
00000728   ADC12MEM4_L
0000072a   ADC12MEM5
0000072b   ADC12MEM5_H
0000072a   ADC12MEM5_L
0000072c   ADC12MEM6
0000072d   ADC12MEM6_H
0000072c   ADC12MEM6_L
0000072e   ADC12MEM7
0000072f   ADC12MEM7_H
0000072e   ADC12MEM7_L
00000730   ADC12MEM8
00000731   ADC12MEM8_H
00000730   ADC12MEM8_L
00000732   ADC12MEM9
00000733   ADC12MEM9_H
00000732   ADC12MEM9_L
000044c0   ADC12_ISR
00003886   AdcThreshold
0001431c   Board_init
000169a0   Buttons_init
0001693a   Buttons_interruptEnable
00016a6e   C$$EXIT
000008c0   CBCTL0
000008c1   CBCTL0_H
000008c0   CBCTL0_L
000008c2   CBCTL1
000008c3   CBCTL1_H
000008c2   CBCTL1_L
000008c4   CBCTL2
000008c5   CBCTL2_H
000008c4   CBCTL2_L
000008c6   CBCTL3
000008c7   CBCTL3_H
000008c6   CBCTL3_L
000008cc   CBINT
000008cd   CBINT_H
000008cc   CBINT_L
000008ce   CBIV
00000150   CRCDI
00000152   CRCDIRB
00000153   CRCDIRB_H
00000152   CRCDIRB_L
00000151   CRCDI_H
00000150   CRCDI_L
00000154   CRCINIRES
00000155   CRCINIRES_H
00000154   CRCINIRES_L
00000156   CRCRESR
00000157   CRCRESR_H
00000156   CRCRESR_L
00000510   DMA0CTL
00000511   DMA0CTL_H
00000510   DMA0CTL_L
00000516   DMA0DA
00000516   DMA0DAL
00000512   DMA0SA
00000512   DMA0SAL
0000051a   DMA0SZ
00000520   DMA1CTL
00000521   DMA1CTL_H
00000520   DMA1CTL_L
00000526   DMA1DA
00000526   DMA1DAL
00000522   DMA1SA
00000522   DMA1SAL
0000052a   DMA1SZ
00000530   DMA2CTL
00000531   DMA2CTL_H
00000530   DMA2CTL_L
00000536   DMA2DA
00000536   DMA2DAL
00000532   DMA2SA
00000532   DMA2SAL
0000053a   DMA2SZ
00000500   DMACTL0
00000501   DMACTL0_H
00000500   DMACTL0_L
00000502   DMACTL1
00000503   DMACTL1_H
00000502   DMACTL1_L
00000504   DMACTL2
00000505   DMACTL2_H
00000504   DMACTL2_L
00000506   DMACTL3
00000507   DMACTL3_H
00000506   DMACTL3_L
00000508   DMACTL4
00000509   DMACTL4_H
00000508   DMACTL4_L
0000050e   DMAIV
0000050f   DMAIV_H
0000050e   DMAIV_L
00003420   DOGS102x64Memory
00015f0c   Dogs102x64_UC1701ClearDisplay
000138c0   Dogs102x64_UC1701Init
0001570e   Dogs102x64_UC1701PixelDraw
00015c8e   Dogs102x64_backlightInit
0001541e   Dogs102x64_fillScreen
00014d3a   Dogs102x64_setBacklight
0001667c   Dogs102x6_backlightInit
000154a4   Dogs102x6_charDraw
00016474   Dogs102x6_clearScreen
00014c90   Dogs102x6_horizontalLineDraw
0001561e   Dogs102x6_init
000038cc   Dogs102x6_initMacro
00013f16   Dogs102x6_lineDraw
00015784   Dogs102x6_pixelDraw
00015afc   Dogs102x6_setAddress
00016222   Dogs102x6_setBacklight
000165b4   Dogs102x6_setContrast
000157fa   Dogs102x6_stringDraw
00013a26   Dogs102x6_verticalLineDraw
000161a2   Dogs102x6_writeCommand
00014be2   Dogs102x6_writeData
00000140   FCTL1
00000141   FCTL1_H
00000140   FCTL1_L
00000144   FCTL3
00000145   FCTL3_H
00000144   FCTL3_L
00000146   FCTL4
00000147   FCTL4_H
00000146   FCTL4_L
0000340e   FThreshold
000151e8   GPIO_setAsOutputPin
00015276   GPIO_setAsPeripheralModuleFunctionOutputPin
0001586c   GPIO_setOutputHighOnPin
000158dc   GPIO_setOutputLowOnPin
00016358   GrContextInit
000149ba   GrLineDrawH
00010a86   GrStringDraw
000150c4   GrStringWidthGet
000004c4   MAC
000004da   MAC32H
000004db   MAC32H_H
000004da   MAC32H_L
000004d8   MAC32L
000004d9   MAC32L_H
000004d8   MAC32L_L
000004c6   MACS
000004de   MACS32H
000004df   MACS32H_H
000004de   MACS32H_L
000004dc   MACS32L
000004dd   MACS32L_H
000004dc   MACS32L_L
000004c7   MACS_H
000004c6   MACS_L
000004c5   MAC_H
000004c4   MAC_L
000004c0   MPY
000004ec   MPY32CTL0
000004ed   MPY32CTL0_H
000004ec   MPY32CTL0_L
000004d2   MPY32H
000004d3   MPY32H_H
000004d2   MPY32H_L
000004d0   MPY32L
000004d1   MPY32L_H
000004d0   MPY32L_L
000004c2   MPYS
000004d6   MPYS32H
000004d7   MPYS32H_H
000004d6   MPYS32H_L
000004d4   MPYS32L
000004d5   MPYS32L_H
000004d4   MPYS32L_L
000004c3   MPYS_H
000004c2   MPYS_L
000004c1   MPY_H
000004c0   MPY_L
000166ac   NumLeadingZeros
00003898   ON
000004c8   OP2
000004e2   OP2H
000004e3   OP2H_H
000004e2   OP2H_L
000004e0   OP2L
000004e1   OP2L_H
000004e0   OP2L_L
000004c9   OP2_H
000004c8   OP2_L
0000020e   P1IV
0000021e   P2IV
000001e0   P4MAP01
000001e1   P4MAP01_H
000001e0   P4MAP01_L
000001e2   P4MAP23
000001e3   P4MAP23_H
000001e2   P4MAP23_L
000001e4   P4MAP45
000001e5   P4MAP45_H
000001e4   P4MAP45_L
000001e6   P4MAP67
000001e7   P4MAP67_H
000001e6   P4MAP67_L
00000204   PADIR
00000205   PADIR_H
00000204   PADIR_L
00000208   PADS
00000209   PADS_H
00000208   PADS_L
0000021a   PAIE
00000218   PAIES
00000219   PAIES_H
00000218   PAIES_L
0000021b   PAIE_H
0000021a   PAIE_L
0000021c   PAIFG
0000021d   PAIFG_H
0000021c   PAIFG_L
00000200   PAIN
00000201   PAIN_H
00000200   PAIN_L
00000202   PAOUT
00000203   PAOUT_H
00000202   PAOUT_L
00000206   PAREN
00000207   PAREN_H
00000206   PAREN_L
0000020a   PASEL
0000020b   PASEL_H
0000020a   PASEL_L
00000224   PBDIR
00000225   PBDIR_H
00000224   PBDIR_L
00000228   PBDS
00000229   PBDS_H
00000228   PBDS_L
00000220   PBIN
00000221   PBIN_H
00000220   PBIN_L
00000222   PBOUT
00000223   PBOUT_H
00000222   PBOUT_L
00000226   PBREN
00000227   PBREN_H
00000226   PBREN_L
0000022a   PBSEL
0000022b   PBSEL_H
0000022a   PBSEL_L
00000244   PCDIR
00000245   PCDIR_H
00000244   PCDIR_L
00000248   PCDS
00000249   PCDS_H
00000248   PCDS_L
00000240   PCIN
00000241   PCIN_H
00000240   PCIN_L
00000242   PCOUT
00000243   PCOUT_H
00000242   PCOUT_L
00000246   PCREN
00000247   PCREN_H
00000246   PCREN_L
0000024a   PCSEL
0000024b   PCSEL_H
0000024a   PCSEL_L
00000264   PDDIR
00000265   PDDIR_H
00000264   PDDIR_L
00000268   PDDS
00000269   PDDS_H
00000268   PDDS_L
00000260   PDIN
00000261   PDIN_H
00000260   PDIN_L
00000262   PDOUT
00000263   PDOUT_H
00000262   PDOUT_L
00000266   PDREN
00000267   PDREN_H
00000266   PDREN_L
0000026a   PDSEL
0000026b   PDSEL_H
0000026a   PDSEL_L
00000324   PJDIR
00000325   PJDIR_H
00000324   PJDIR_L
00000328   PJDS
00000329   PJDS_H
00000328   PJDS_L
00000320   PJIN
00000321   PJIN_H
00000320   PJIN_L
00000322   PJOUT
00000323   PJOUT_H
00000322   PJOUT_L
00000326   PJREN
00000327   PJREN_H
00000326   PJREN_L
00000130   PM5CTL0
00000131   PM5CTL0_H
00000130   PM5CTL0_L
000001c2   PMAPCTL
000001c3   PMAPCTL_H
000001c2   PMAPCTL_L
000001c0   PMAPKEYID
000001c1   PMAPKEYID_H
000001c0   PMAPKEYID_L
00000120   PMMCTL0
00000121   PMMCTL0_H
00000120   PMMCTL0_L
00000122   PMMCTL1
00000123   PMMCTL1_H
00000122   PMMCTL1_L
0000012c   PMMIFG
0000012d   PMMIFG_H
0000012c   PMMIFG_L
0000012e   PMMRIE
0000012f   PMMRIE_H
0000012e   PMMRIE_L
00015ff8   PMM_setVCore
00014f0a   PMM_setVCoreDown
00014766   PMM_setVCoreUp
00004400   Port1_ISR
00004446   Port2_ISR
00000158   RCCTL0
00000159   RCCTL0_H
00000158   RCCTL0_L
000001b0   REFCTL0
000001b1   REFCTL0_H
000001b0   REFCTL0_L
000004e4   RES0
000004e5   RES0_H
000004e4   RES0_L
000004e6   RES1
000004e7   RES1_H
000004e6   RES1_L
000004e8   RES2
000004e9   RES2_H
000004e8   RES2_L
000004ea   RES3
000004eb   RES3_H
000004ea   RES3_L
000004cc   RESHI
000004cd   RESHI_H
000004cc   RESHI_L
000004ca   RESLO
000004cb   RESLO_H
000004ca   RESLO_L
000004ba   RTCADOWDAY
000004bb   RTCADOWDAY_H
000004ba   RTCADOWDAY_L
000004b8   RTCAMINHR
000004b9   RTCAMINHR_H
000004b8   RTCAMINHR_L
000004a0   RTCCTL01
000004a1   RTCCTL01_H
000004a0   RTCCTL01_L
000004a2   RTCCTL23
000004a3   RTCCTL23_H
000004a2   RTCCTL23_L
000004b4   RTCDATE
000004b5   RTCDATE_H
000004b4   RTCDATE_L
000004ae   RTCIV
000004ac   RTCPS
000004a8   RTCPS0CTL
000004a9   RTCPS0CTL_H
000004a8   RTCPS0CTL_L
000004aa   RTCPS1CTL
000004ab   RTCPS1CTL_H
000004aa   RTCPS1CTL_L
000004ad   RTCPS_H
000004ac   RTCPS_L
000004b0   RTCTIM0
000004b1   RTCTIM0_H
000004b0   RTCTIM0_L
000004b2   RTCTIM1
000004b3   RTCTIM1_H
000004b2   RTCTIM1_L
000004b6   RTCYEAR
000004b7   RTCYEAR_H
000004b6   RTCYEAR_L
00000100   SFRIE1
00000101   SFRIE1_H
00000100   SFRIE1_L
00000102   SFRIFG1
00000103   SFRIFG1_H
00000102   SFRIFG1_L
00000104   SFRRPCR
00000105   SFRRPCR_H
00000104   SFRRPCR_L
00016a4c   SFR_enableInterrupt
000004ce   SUMEXT
000004cf   SUMEXT_H
000004ce   SUMEXT_L
00000124   SVSMHCTL
00000125   SVSMHCTL_H
00000124   SVSMHCTL_L
00000128   SVSMIO
00000129   SVSMIO_H
00000128   SVSMIO_L
00000126   SVSMLCTL
00000127   SVSMLCTL_H
00000126   SVSMLCTL_L
00000198   SYSBERRIV
00000199   SYSBERRIV_H
00000198   SYSBERRIV_L
00000182   SYSBSLC
00000183   SYSBSLC_H
00000182   SYSBSLC_L
00000180   SYSCTL
00000181   SYSCTL_H
00000180   SYSCTL_L
00000186   SYSJMBC
00000187   SYSJMBC_H
00000186   SYSJMBC_L
00000188   SYSJMBI0
00000189   SYSJMBI0_H
00000188   SYSJMBI0_L
0000018a   SYSJMBI1
0000018b   SYSJMBI1_H
0000018a   SYSJMBI1_L
0000018c   SYSJMBO0
0000018d   SYSJMBO0_H
0000018c   SYSJMBO0_L
0000018e   SYSJMBO1
0000018f   SYSJMBO1_H
0000018e   SYSJMBO1_L
0000019e   SYSRSTIV
0000019f   SYSRSTIV_H
0000019e   SYSRSTIV_L
0000019c   SYSSNIV
0000019d   SYSSNIV_H
0000019c   SYSSNIV_L
0000019a   SYSUNIV
0000019b   SYSUNIV_H
0000019a   SYSUNIV_L
00000352   TA0CCR0
00000354   TA0CCR1
00000356   TA0CCR2
00000358   TA0CCR3
0000035a   TA0CCR4
00000342   TA0CCTL0
00000344   TA0CCTL1
00000346   TA0CCTL2
00000348   TA0CCTL3
0000034a   TA0CCTL4
00000340   TA0CTL
00000360   TA0EX0
0000036e   TA0IV
00000350   TA0R
00000392   TA1CCR0
00000394   TA1CCR1
00000396   TA1CCR2
00000382   TA1CCTL0
00000384   TA1CCTL1
00000386   TA1CCTL2
00000380   TA1CTL
000003a0   TA1EX0
000003ae   TA1IV
00000390   TA1R
00000412   TA2CCR0
00000414   TA2CCR1
00000416   TA2CCR2
00000402   TA2CCTL0
00000404   TA2CCTL1
00000406   TA2CCTL2
00000400   TA2CTL
00000420   TA2EX0
0000042e   TA2IV
00000410   TA2R
000003d2   TB0CCR0
000003d4   TB0CCR1
000003d6   TB0CCR2
000003d8   TB0CCR3
000003da   TB0CCR4
000003dc   TB0CCR5
000003de   TB0CCR6
000003c2   TB0CCTL0
000003c4   TB0CCTL1
000003c6   TB0CCTL2
000003c8   TB0CCTL3
000003ca   TB0CCTL4
000003cc   TB0CCTL5
000003ce   TB0CCTL6
000003c0   TB0CTL
000003e0   TB0EX0
000003ee   TB0IV
000003d0   TB0R
00016a08   TIMER_B_getCaptureCompareCount
00016736   TIMER_B_initCompare
000169d8   TIMER_B_setCompareValue
00016a52   TIMER_B_startCounter
00015d4e   TIMER_B_startUpMode
000169ae   TIMER_B_stop
000005d0   UCA0ABCTL
000005c6   UCA0BRW
000005c7   UCA0BRW_H
000005c6   UCA0BRW_L
000005c0   UCA0CTLW0
000005c1   UCA0CTLW0_H
000005c0   UCA0CTLW0_L
000005dc   UCA0ICTL
000005dd   UCA0ICTL_H
000005dc   UCA0ICTL_L
000005d2   UCA0IRCTL
000005d3   UCA0IRCTL_H
000005d2   UCA0IRCTL_L
000005de   UCA0IV
000005c8   UCA0MCTL
000005cc   UCA0RXBUF
000005ca   UCA0STAT
000005ce   UCA0TXBUF
00000610   UCA1ABCTL
00000606   UCA1BRW
00000607   UCA1BRW_H
00000606   UCA1BRW_L
00000600   UCA1CTLW0
00000601   UCA1CTLW0_H
00000600   UCA1CTLW0_L
0000061c   UCA1ICTL
0000061d   UCA1ICTL_H
0000061c   UCA1ICTL_L
00000612   UCA1IRCTL
00000613   UCA1IRCTL_H
00000612   UCA1IRCTL_L
0000061e   UCA1IV
00000608   UCA1MCTL
0000060c   UCA1RXBUF
0000060a   UCA1STAT
0000060e   UCA1TXBUF
000005e6   UCB0BRW
000005e7   UCB0BRW_H
000005e6   UCB0BRW_L
000005e0   UCB0CTLW0
000005e1   UCB0CTLW0_H
000005e0   UCB0CTLW0_L
000005f0   UCB0I2COA
000005f1   UCB0I2COA_H
000005f0   UCB0I2COA_L
000005f2   UCB0I2CSA
000005f3   UCB0I2CSA_H
000005f2   UCB0I2CSA_L
000005fc   UCB0ICTL
000005fd   UCB0ICTL_H
000005fc   UCB0ICTL_L
000005fe   UCB0IV
000005ec   UCB0RXBUF
000005ea   UCB0STAT
000005ee   UCB0TXBUF
00000626   UCB1BRW
00000627   UCB1BRW_H
00000626   UCB1BRW_L
00000620   UCB1CTLW0
00000621   UCB1CTLW0_H
00000620   UCB1CTLW0_L
00000630   UCB1I2COA
00000631   UCB1I2COA_H
00000630   UCB1I2COA_L
00000632   UCB1I2CSA
00000633   UCB1I2CSA_H
00000632   UCB1I2CSA_L
0000063c   UCB1ICTL
0000063d   UCB1ICTL_H
0000063c   UCB1ICTL_L
0000063e   UCB1IV
0000062c   UCB1RXBUF
0000062a   UCB1STAT
0000062e   UCB1TXBUF
00000160   UCSCTL0
00000161   UCSCTL0_H
00000160   UCSCTL0_L
00000162   UCSCTL1
00000163   UCSCTL1_H
00000162   UCSCTL1_L
00000164   UCSCTL2
00000165   UCSCTL2_H
00000164   UCSCTL2_L
00000166   UCSCTL3
00000167   UCSCTL3_H
00000166   UCSCTL3_L
00000168   UCSCTL4
00000169   UCSCTL4_H
00000168   UCSCTL4_L
0000016a   UCSCTL5
0000016b   UCSCTL5_H
0000016a   UCSCTL5_L
0000016c   UCSCTL6
0000016d   UCSCTL6_H
0000016c   UCSCTL6_L
0000016e   UCSCTL7
0000016f   UCSCTL7_H
0000016e   UCSCTL7_L
00000170   UCSCTL8
00000171   UCSCTL8_H
00000170   UCSCTL8_L
000160d4   UCS_LFXT1Start
000038ea   UCS_XT1ClockFrequency
000038ee   UCS_XT2ClockFrequency
000168ca   UCS_getSMCLK
00014400   UCS_initFLL
000165e6   UCS_initFLLSettle
0001694c   UCS_setExternalClockSource
00000902   USBCNF
00000903   USBCNF_H
00000902   USBCNF_L
0000093c   USBCTL
0000093a   USBFN
0000093b   USBFN_H
0000093a   USBFN_L
0000093f   USBFUNADR
0000093d   USBIE
00002378   USBIEP0BUF
000023c9   USBIEPBBAX_1
000023d1   USBIEPBBAX_2
000023d9   USBIEPBBAX_3
000023e1   USBIEPBBAX_4
000023e9   USBIEPBBAX_5
000023f1   USBIEPBBAX_6
000023f9   USBIEPBBAX_7
000023cd   USBIEPBBAY_1
000023d5   USBIEPBBAY_2
000023dd   USBIEPBBAY_3
000023e5   USBIEPBBAY_4
000023ed   USBIEPBBAY_5
000023f5   USBIEPBBAY_6
000023fd   USBIEPBBAY_7
000023ca   USBIEPBCTX_1
000023d2   USBIEPBCTX_2
000023da   USBIEPBCTX_3
000023e2   USBIEPBCTX_4
000023ea   USBIEPBCTX_5
000023f2   USBIEPBCTX_6
000023fa   USBIEPBCTX_7
000023ce   USBIEPBCTY_1
000023d6   USBIEPBCTY_2
000023de   USBIEPBCTY_3
000023e6   USBIEPBCTY_4
000023ee   USBIEPBCTY_5
000023f6   USBIEPBCTY_6
000023fe   USBIEPBCTY_7
00000920   USBIEPCNF_0
000023c8   USBIEPCNF_1
000023d0   USBIEPCNF_2
000023d8   USBIEPCNF_3
000023e0   USBIEPCNF_4
000023e8   USBIEPCNF_5
000023f0   USBIEPCNF_6
000023f8   USBIEPCNF_7
00000921   USBIEPCNT_0
0000092e   USBIEPIE
00000930   USBIEPIFG
000023cf   USBIEPSIZXY_1
000023d7   USBIEPSIZXY_2
000023df   USBIEPSIZXY_3
000023e7   USBIEPSIZXY_4
000023ef   USBIEPSIZXY_5
000023f7   USBIEPSIZXY_6
000023ff   USBIEPSIZXY_7
0000093e   USBIFG
00000900   USBKEYID
00000901   USBKEYID_H
00000900   USBKEYID_L
00000936   USBMAINT
00000937   USBMAINT_H
00000936   USBMAINT_L
00002370   USBOEP0BUF
00002389   USBOEPBBAX_1
00002391   USBOEPBBAX_2
00002399   USBOEPBBAX_3
000023a1   USBOEPBBAX_4
000023a9   USBOEPBBAX_5
000023b1   USBOEPBBAX_6
000023b9   USBOEPBBAX_7
0000238d   USBOEPBBAY_1
00002395   USBOEPBBAY_2
0000239d   USBOEPBBAY_3
000023a5   USBOEPBBAY_4
000023ad   USBOEPBBAY_5
000023b5   USBOEPBBAY_6
000023bd   USBOEPBBAY_7
0000238a   USBOEPBCTX_1
00002392   USBOEPBCTX_2
0000239a   USBOEPBCTX_3
000023a2   USBOEPBCTX_4
000023aa   USBOEPBCTX_5
000023b2   USBOEPBCTX_6
000023ba   USBOEPBCTX_7
0000238e   USBOEPBCTY_1
00002396   USBOEPBCTY_2
0000239e   USBOEPBCTY_3
000023a6   USBOEPBCTY_4
000023ae   USBOEPBCTY_5
000023b6   USBOEPBCTY_6
000023be   USBOEPBCTY_7
00000922   USBOEPCNF_0
00002388   USBOEPCNF_1
00002390   USBOEPCNF_2
00002398   USBOEPCNF_3
000023a0   USBOEPCNF_4
000023a8   USBOEPCNF_5
000023b0   USBOEPCNF_6
000023b8   USBOEPCNF_7
00000923   USBOEPCNT_0
0000092f   USBOEPIE
00000931   USBOEPIFG
0000238f   USBOEPSIZXY_1
00002397   USBOEPSIZXY_2
0000239f   USBOEPSIZXY_3
000023a7   USBOEPSIZXY_4
000023af   USBOEPSIZXY_5
000023b7   USBOEPSIZXY_6
000023bf   USBOEPSIZXY_7
00000904   USBPHYCTL
00000905   USBPHYCTL_H
00000904   USBPHYCTL_L
00000910   USBPLLCTL
00000911   USBPLLCTL_H
00000910   USBPLLCTL_L
00000912   USBPLLDIVB
00000913   USBPLLDIVB_H
00000912   USBPLLDIVB_L
00000914   USBPLLIR
00000915   USBPLLIR_H
00000914   USBPLLIR_L
00000908   USBPWRCTL
00000909   USBPWRCTL_H
00000908   USBPWRCTL_L
00001c00   USBSTABUFF
00002380   USBSUBLK
0000236f   USBTOPBUFF
00000938   USBTSREG
00000939   USBTSREG_H
00000938   USBTSREG_L
00000932   USBVECINT
00000933   USBVECINT_H
00000932   USBVECINT_L
000044d6   USCI_A1_ISR
000169e4   USCI_B_SPI_clearInterruptFlag
00016a58   USCI_B_SPI_enable
00016a12   USCI_B_SPI_getInterruptStatus
000169f0   USCI_B_SPI_isBusy
00015da8   USCI_B_SPI_masterInit
00016a44   USCI_B_SPI_receiveData
00016a1c   USCI_B_SPI_transmitData
0000015c   WDTCTL
0000015d   WDTCTL_H
0000015c   WDTCTL_L
000168e2   WDT_A_hold
0000448c   WDT_ISR
000164aa   Wheel_getPosition
00015f5e   Wheel_getValue
000167e0   Wheel_init
00003412   X
00003800   _Denorm
0001403c   _Dnorm
000132a4   _Dscale
00003810   _Eps
0000390e   _Errno
000038fa   _Fenv
000164e0   _Feraise
00003820   _Hugeval
00003830   _Inf
00003840   _Nan
00003860   _Rteps
0001156c   _Sin
00003850   _Snan
000038fe   _Tls_setup__Fenv
00003870   _Xbig
00003878   _Zero
00004400   __STACK_END
000000a0   __STACK_SIZE
00004eca   __TI_CINIT_Base
00004eda   __TI_CINIT_Limit
00004eb8   __TI_Handler_Table_Base
00004ec4   __TI_Handler_Table_Limit
UNDEFED    __TI_INITARRAY_Base
UNDEFED    __TI_INITARRAY_Limit
00016a5e   __TI_ISR_TRAP
00000001   __TI_args_main
000168f8   __TI_decompress_none
00016a64   __TI_decompress_rle24
00000001   __TI_exit
00012a2e   __TI_frcaddd
0001111a   __TI_frcdivd
00011f60   __TI_frcmpyd
0000ffd2   __TI_int41
0000ffd4   __TI_int42
0000ffd6   __TI_int43
0000ffd8   __TI_int44
0000ffda   __TI_int45
0000ffdc   __TI_int46
0000ffde   __TI_int47
0000ffe0   __TI_int48
0000ffe2   __TI_int49
0000ffe4   __TI_int50
0000ffe6   __TI_int51
0000ffe8   __TI_int52
0000ffea   __TI_int53
0000ffec   __TI_int54
0000ffee   __TI_int55
0000fff0   __TI_int56
0000fff2   __TI_int57
0000fff4   __TI_int58
0000fff6   __TI_int59
0000fff8   __TI_int60
0000fffa   __TI_int61
0000fffc   __TI_int62
000145ba   __TI_printfi_minimal
00014b30   __TI_renormd
00016806   __TI_zero_init
ffffffff   __binit__
ffffffff   __c_args__
00012244   __mspabi_addd
00013cc0   __mspabi_addf
000144e2   __mspabi_cmpd
00016042   __mspabi_cmpf
00015392   __mspabi_cvtdf
00015bc8   __mspabi_cvtfd
00012eaa   __mspabi_divd
00015304   __mspabi_divf
00016762   __mspabi_divi
000161e2   __mspabi_divli
0001690e   __mspabi_divu
00015eb4   __mspabi_divul
000167b8   __mspabi_fixdi
00015b62   __mspabi_fixdli
00015a94   __mspabi_fixfi
0001611a   __mspabi_fixfu
000169fc   __mspabi_fltid
00016516   __mspabi_fltif
00014f9e   __mspabi_fltlid
0001682a   __mspabi_fltuf
000127ac   __mspabi_mpyd
00014a7a   __mspabi_mpyf
00016924   __mspabi_mpyi_f5hw
0001684e   __mspabi_mpyl_f5hw
000166da   __mspabi_negd
00016762   __mspabi_remi
000161e2   __mspabi_remli
0001690e   __mspabi_remu
00015eb4   __mspabi_remul
00016a30   __mspabi_slli
00016980   __mspabi_slll
00016314   __mspabi_slll_1
000162f0   __mspabi_slll_10
000162ec   __mspabi_slll_11
000162e8   __mspabi_slll_12
000162e4   __mspabi_slll_13
000162e0   __mspabi_slll_14
000162dc   __mspabi_slll_15
00016310   __mspabi_slll_2
0001630c   __mspabi_slll_3
00016308   __mspabi_slll_4
00016304   __mspabi_slll_5
00016300   __mspabi_slll_6
000162fc   __mspabi_slll_7
000162f8   __mspabi_slll_8
000162f4   __mspabi_slll_9
00016a26   __mspabi_srai
00016970   __mspabi_sral
000162d6   __mspabi_sral_1
000162b2   __mspabi_sral_10
000162ae   __mspabi_sral_11
000162aa   __mspabi_sral_12
000162a6   __mspabi_sral_13
000162a2   __mspabi_sral_14
0001629e   __mspabi_sral_15
000162d2   __mspabi_sral_2
000162ce   __mspabi_sral_3
000162ca   __mspabi_sral_4
000162c6   __mspabi_sral_5
000162c2   __mspabi_sral_6
000162be   __mspabi_sral_7
000162ba   __mspabi_sral_8
000162b6   __mspabi_sral_9
00016a3a   __mspabi_srli
00016990   __mspabi_srll
00016352   __mspabi_srll_1
0001632e   __mspabi_srll_10
0001632a   __mspabi_srll_11
00016326   __mspabi_srll_12
00016322   __mspabi_srll_13
0001631e   __mspabi_srll_14
0001631a   __mspabi_srll_15
0001634e   __mspabi_srll_2
0001634a   __mspabi_srll_3
00016346   __mspabi_srll_4
00016342   __mspabi_srll_5
0001633e   __mspabi_srll_6
0001633a   __mspabi_srll_7
00016336   __mspabi_srll_8
00016332   __mspabi_srll_9
00016394   __mspabi_srlll
00016618   __mspabi_subd
00013cba   __mspabi_subf
00014e72   _auto_init_hold_wdt
000044a6   _c_int00
000044a6   _c_int00_noexit
000038f2   _lock
00016a74   _nop
0000fffe   _reset_vector
00004360   _stack
00016a6a   _system_pre_init
000038f6   _unlock
00016a6e   abort
00003904   backlight
000038a4   big_blink
ffffffff   binit
00003908   buttonDebounce
0000390a   buttonsPressed
0000389e   calibrated_F
0000389a   calibrated_adc
0000389c   calibrated_steady
000163ce   check_blink
00003905   contrast
000169bc   cos
000038b4   counter_BigB
000038ac   crest
00003903   currentColumn
00003902   currentPage
00003892   dcval
000130cc   dft
000038be   disp_counter
000030c0   dogs102x6Memory
00003906   drawmode
00003416   eeprom_address
00016160   eeprom_write_bytes
000038ba   exec_counter
00013dea   eye_control
000038c4   facing
0001654c   feraiseexcept
0001192e   fmod
00003896   fourier_offset
000033f2   g_sContext
00004df8   g_sDogs102x64_UC1701
00004cd0   g_sFontFixed6x8
000038c1   head_c
000038c0   head_r
0001552a   highlight_and_print_string
000038a0   i
00003418   input
00003884   isCharReceived
00015e02   lcd_init
000038ca   length
00010000   main
00002400   mat
000038ae   max_input
000038bc   max_menu
00016870   memccpy
0001678e   memcpy
00016890   memset
000038b6   menu
000038c8   move
00012c80   moveSnake
000038c6   no_of_turns
000038b8   option
00013442   playSnake
00011c48   plot
0000341a   positionData
0000341c   positionDataOld
00015156   print_char
00014dd8   print_int
000155a4   print_string
0001664a   raise
0000341e   receivedChar
0001422e   reinitialise
00013b74   set_up
00016406   signal
000169ca   sin
000038a2   small_blink
00015696   snprintf
000038a8   steady_crest
000038a6   steady_trough
00003880   stringWidth
0001695e   strlen
000038c3   tail_c
000038c2   tail_r
0000388a   temp
0000388e   tempF
000038b2   temp_BigB
000038dc   total_options
000038aa   trough
0000390c   ucBacklightLevel
0000390d   ucContrast
00016580   usart_init
000038b0   view_counter


GLOBAL SYMBOLS: SORTED BY Symbol Address 

address    name
--------   ----
00000001   __TI_args_main
00000001   __TI_exit
000000a0   __STACK_SIZE
00000100   SFRIE1
00000100   SFRIE1_L
00000101   SFRIE1_H
00000102   SFRIFG1
00000102   SFRIFG1_L
00000103   SFRIFG1_H
00000104   SFRRPCR
00000104   SFRRPCR_L
00000105   SFRRPCR_H
00000120   PMMCTL0
00000120   PMMCTL0_L
00000121   PMMCTL0_H
00000122   PMMCTL1
00000122   PMMCTL1_L
00000123   PMMCTL1_H
00000124   SVSMHCTL
00000124   SVSMHCTL_L
00000125   SVSMHCTL_H
00000126   SVSMLCTL
00000126   SVSMLCTL_L
00000127   SVSMLCTL_H
00000128   SVSMIO
00000128   SVSMIO_L
00000129   SVSMIO_H
0000012c   PMMIFG
0000012c   PMMIFG_L
0000012d   PMMIFG_H
0000012e   PMMRIE
0000012e   PMMRIE_L
0000012f   PMMRIE_H
00000130   PM5CTL0
00000130   PM5CTL0_L
00000131   PM5CTL0_H
00000140   FCTL1
00000140   FCTL1_L
00000141   FCTL1_H
00000144   FCTL3
00000144   FCTL3_L
00000145   FCTL3_H
00000146   FCTL4
00000146   FCTL4_L
00000147   FCTL4_H
00000150   CRCDI
00000150   CRCDI_L
00000151   CRCDI_H
00000152   CRCDIRB
00000152   CRCDIRB_L
00000153   CRCDIRB_H
00000154   CRCINIRES
00000154   CRCINIRES_L
00000155   CRCINIRES_H
00000156   CRCRESR
00000156   CRCRESR_L
00000157   CRCRESR_H
00000158   RCCTL0
00000158   RCCTL0_L
00000159   RCCTL0_H
0000015c   WDTCTL
0000015c   WDTCTL_L
0000015d   WDTCTL_H
00000160   UCSCTL0
00000160   UCSCTL0_L
00000161   UCSCTL0_H
00000162   UCSCTL1
00000162   UCSCTL1_L
00000163   UCSCTL1_H
00000164   UCSCTL2
00000164   UCSCTL2_L
00000165   UCSCTL2_H
00000166   UCSCTL3
00000166   UCSCTL3_L
00000167   UCSCTL3_H
00000168   UCSCTL4
00000168   UCSCTL4_L
00000169   UCSCTL4_H
0000016a   UCSCTL5
0000016a   UCSCTL5_L
0000016b   UCSCTL5_H
0000016c   UCSCTL6
0000016c   UCSCTL6_L
0000016d   UCSCTL6_H
0000016e   UCSCTL7
0000016e   UCSCTL7_L
0000016f   UCSCTL7_H
00000170   UCSCTL8
00000170   UCSCTL8_L
00000171   UCSCTL8_H
00000180   SYSCTL
00000180   SYSCTL_L
00000181   SYSCTL_H
00000182   SYSBSLC
00000182   SYSBSLC_L
00000183   SYSBSLC_H
00000186   SYSJMBC
00000186   SYSJMBC_L
00000187   SYSJMBC_H
00000188   SYSJMBI0
00000188   SYSJMBI0_L
00000189   SYSJMBI0_H
0000018a   SYSJMBI1
0000018a   SYSJMBI1_L
0000018b   SYSJMBI1_H
0000018c   SYSJMBO0
0000018c   SYSJMBO0_L
0000018d   SYSJMBO0_H
0000018e   SYSJMBO1
0000018e   SYSJMBO1_L
0000018f   SYSJMBO1_H
00000198   SYSBERRIV
00000198   SYSBERRIV_L
00000199   SYSBERRIV_H
0000019a   SYSUNIV
0000019a   SYSUNIV_L
0000019b   SYSUNIV_H
0000019c   SYSSNIV
0000019c   SYSSNIV_L
0000019d   SYSSNIV_H
0000019e   SYSRSTIV
0000019e   SYSRSTIV_L
0000019f   SYSRSTIV_H
000001b0   REFCTL0
000001b0   REFCTL0_L
000001b1   REFCTL0_H
000001c0   PMAPKEYID
000001c0   PMAPKEYID_L
000001c1   PMAPKEYID_H
000001c2   PMAPCTL
000001c2   PMAPCTL_L
000001c3   PMAPCTL_H
000001e0   P4MAP01
000001e0   P4MAP01_L
000001e1   P4MAP01_H
000001e2   P4MAP23
000001e2   P4MAP23_L
000001e3   P4MAP23_H
000001e4   P4MAP45
000001e4   P4MAP45_L
000001e5   P4MAP45_H
000001e6   P4MAP67
000001e6   P4MAP67_L
000001e7   P4MAP67_H
00000200   PAIN
00000200   PAIN_L
00000201   PAIN_H
00000202   PAOUT
00000202   PAOUT_L
00000203   PAOUT_H
00000204   PADIR
00000204   PADIR_L
00000205   PADIR_H
00000206   PAREN
00000206   PAREN_L
00000207   PAREN_H
00000208   PADS
00000208   PADS_L
00000209   PADS_H
0000020a   PASEL
0000020a   PASEL_L
0000020b   PASEL_H
0000020e   P1IV
00000218   PAIES
00000218   PAIES_L
00000219   PAIES_H
0000021a   PAIE
0000021a   PAIE_L
0000021b   PAIE_H
0000021c   PAIFG
0000021c   PAIFG_L
0000021d   PAIFG_H
0000021e   P2IV
00000220   PBIN
00000220   PBIN_L
00000221   PBIN_H
00000222   PBOUT
00000222   PBOUT_L
00000223   PBOUT_H
00000224   PBDIR
00000224   PBDIR_L
00000225   PBDIR_H
00000226   PBREN
00000226   PBREN_L
00000227   PBREN_H
00000228   PBDS
00000228   PBDS_L
00000229   PBDS_H
0000022a   PBSEL
0000022a   PBSEL_L
0000022b   PBSEL_H
00000240   PCIN
00000240   PCIN_L
00000241   PCIN_H
00000242   PCOUT
00000242   PCOUT_L
00000243   PCOUT_H
00000244   PCDIR
00000244   PCDIR_L
00000245   PCDIR_H
00000246   PCREN
00000246   PCREN_L
00000247   PCREN_H
00000248   PCDS
00000248   PCDS_L
00000249   PCDS_H
0000024a   PCSEL
0000024a   PCSEL_L
0000024b   PCSEL_H
00000260   PDIN
00000260   PDIN_L
00000261   PDIN_H
00000262   PDOUT
00000262   PDOUT_L
00000263   PDOUT_H
00000264   PDDIR
00000264   PDDIR_L
00000265   PDDIR_H
00000266   PDREN
00000266   PDREN_L
00000267   PDREN_H
00000268   PDDS
00000268   PDDS_L
00000269   PDDS_H
0000026a   PDSEL
0000026a   PDSEL_L
0000026b   PDSEL_H
00000320   PJIN
00000320   PJIN_L
00000321   PJIN_H
00000322   PJOUT
00000322   PJOUT_L
00000323   PJOUT_H
00000324   PJDIR
00000324   PJDIR_L
00000325   PJDIR_H
00000326   PJREN
00000326   PJREN_L
00000327   PJREN_H
00000328   PJDS
00000328   PJDS_L
00000329   PJDS_H
00000340   TA0CTL
00000342   TA0CCTL0
00000344   TA0CCTL1
00000346   TA0CCTL2
00000348   TA0CCTL3
0000034a   TA0CCTL4
00000350   TA0R
00000352   TA0CCR0
00000354   TA0CCR1
00000356   TA0CCR2
00000358   TA0CCR3
0000035a   TA0CCR4
00000360   TA0EX0
0000036e   TA0IV
00000380   TA1CTL
00000382   TA1CCTL0
00000384   TA1CCTL1
00000386   TA1CCTL2
00000390   TA1R
00000392   TA1CCR0
00000394   TA1CCR1
00000396   TA1CCR2
000003a0   TA1EX0
000003ae   TA1IV
000003c0   TB0CTL
000003c2   TB0CCTL0
000003c4   TB0CCTL1
000003c6   TB0CCTL2
000003c8   TB0CCTL3
000003ca   TB0CCTL4
000003cc   TB0CCTL5
000003ce   TB0CCTL6
000003d0   TB0R
000003d2   TB0CCR0
000003d4   TB0CCR1
000003d6   TB0CCR2
000003d8   TB0CCR3
000003da   TB0CCR4
000003dc   TB0CCR5
000003de   TB0CCR6
000003e0   TB0EX0
000003ee   TB0IV
00000400   TA2CTL
00000402   TA2CCTL0
00000404   TA2CCTL1
00000406   TA2CCTL2
00000410   TA2R
00000412   TA2CCR0
00000414   TA2CCR1
00000416   TA2CCR2
00000420   TA2EX0
0000042e   TA2IV
000004a0   RTCCTL01
000004a0   RTCCTL01_L
000004a1   RTCCTL01_H
000004a2   RTCCTL23
000004a2   RTCCTL23_L
000004a3   RTCCTL23_H
000004a8   RTCPS0CTL
000004a8   RTCPS0CTL_L
000004a9   RTCPS0CTL_H
000004aa   RTCPS1CTL
000004aa   RTCPS1CTL_L
000004ab   RTCPS1CTL_H
000004ac   RTCPS
000004ac   RTCPS_L
000004ad   RTCPS_H
000004ae   RTCIV
000004b0   RTCTIM0
000004b0   RTCTIM0_L
000004b1   RTCTIM0_H
000004b2   RTCTIM1
000004b2   RTCTIM1_L
000004b3   RTCTIM1_H
000004b4   RTCDATE
000004b4   RTCDATE_L
000004b5   RTCDATE_H
000004b6   RTCYEAR
000004b6   RTCYEAR_L
000004b7   RTCYEAR_H
000004b8   RTCAMINHR
000004b8   RTCAMINHR_L
000004b9   RTCAMINHR_H
000004ba   RTCADOWDAY
000004ba   RTCADOWDAY_L
000004bb   RTCADOWDAY_H
000004c0   MPY
000004c0   MPY_L
000004c1   MPY_H
000004c2   MPYS
000004c2   MPYS_L
000004c3   MPYS_H
000004c4   MAC
000004c4   MAC_L
000004c5   MAC_H
000004c6   MACS
000004c6   MACS_L
000004c7   MACS_H
000004c8   OP2
000004c8   OP2_L
000004c9   OP2_H
000004ca   RESLO
000004ca   RESLO_L
000004cb   RESLO_H
000004cc   RESHI
000004cc   RESHI_L
000004cd   RESHI_H
000004ce   SUMEXT
000004ce   SUMEXT_L
000004cf   SUMEXT_H
000004d0   MPY32L
000004d0   MPY32L_L
000004d1   MPY32L_H
000004d2   MPY32H
000004d2   MPY32H_L
000004d3   MPY32H_H
000004d4   MPYS32L
000004d4   MPYS32L_L
000004d5   MPYS32L_H
000004d6   MPYS32H
000004d6   MPYS32H_L
000004d7   MPYS32H_H
000004d8   MAC32L
000004d8   MAC32L_L
000004d9   MAC32L_H
000004da   MAC32H
000004da   MAC32H_L
000004db   MAC32H_H
000004dc   MACS32L
000004dc   MACS32L_L
000004dd   MACS32L_H
000004de   MACS32H
000004de   MACS32H_L
000004df   MACS32H_H
000004e0   OP2L
000004e0   OP2L_L
000004e1   OP2L_H
000004e2   OP2H
000004e2   OP2H_L
000004e3   OP2H_H
000004e4   RES0
000004e4   RES0_L
000004e5   RES0_H
000004e6   RES1
000004e6   RES1_L
000004e7   RES1_H
000004e8   RES2
000004e8   RES2_L
000004e9   RES2_H
000004ea   RES3
000004ea   RES3_L
000004eb   RES3_H
000004ec   MPY32CTL0
000004ec   MPY32CTL0_L
000004ed   MPY32CTL0_H
00000500   DMACTL0
00000500   DMACTL0_L
00000501   DMACTL0_H
00000502   DMACTL1
00000502   DMACTL1_L
00000503   DMACTL1_H
00000504   DMACTL2
00000504   DMACTL2_L
00000505   DMACTL2_H
00000506   DMACTL3
00000506   DMACTL3_L
00000507   DMACTL3_H
00000508   DMACTL4
00000508   DMACTL4_L
00000509   DMACTL4_H
0000050e   DMAIV
0000050e   DMAIV_L
0000050f   DMAIV_H
00000510   DMA0CTL
00000510   DMA0CTL_L
00000511   DMA0CTL_H
00000512   DMA0SA
00000512   DMA0SAL
00000516   DMA0DA
00000516   DMA0DAL
0000051a   DMA0SZ
00000520   DMA1CTL
00000520   DMA1CTL_L
00000521   DMA1CTL_H
00000522   DMA1SA
00000522   DMA1SAL
00000526   DMA1DA
00000526   DMA1DAL
0000052a   DMA1SZ
00000530   DMA2CTL
00000530   DMA2CTL_L
00000531   DMA2CTL_H
00000532   DMA2SA
00000532   DMA2SAL
00000536   DMA2DA
00000536   DMA2DAL
0000053a   DMA2SZ
000005c0   UCA0CTLW0
000005c0   UCA0CTLW0_L
000005c1   UCA0CTLW0_H
000005c6   UCA0BRW
000005c6   UCA0BRW_L
000005c7   UCA0BRW_H
000005c8   UCA0MCTL
000005ca   UCA0STAT
000005cc   UCA0RXBUF
000005ce   UCA0TXBUF
000005d0   UCA0ABCTL
000005d2   UCA0IRCTL
000005d2   UCA0IRCTL_L
000005d3   UCA0IRCTL_H
000005dc   UCA0ICTL
000005dc   UCA0ICTL_L
000005dd   UCA0ICTL_H
000005de   UCA0IV
000005e0   UCB0CTLW0
000005e0   UCB0CTLW0_L
000005e1   UCB0CTLW0_H
000005e6   UCB0BRW
000005e6   UCB0BRW_L
000005e7   UCB0BRW_H
000005ea   UCB0STAT
000005ec   UCB0RXBUF
000005ee   UCB0TXBUF
000005f0   UCB0I2COA
000005f0   UCB0I2COA_L
000005f1   UCB0I2COA_H
000005f2   UCB0I2CSA
000005f2   UCB0I2CSA_L
000005f3   UCB0I2CSA_H
000005fc   UCB0ICTL
000005fc   UCB0ICTL_L
000005fd   UCB0ICTL_H
000005fe   UCB0IV
00000600   UCA1CTLW0
00000600   UCA1CTLW0_L
00000601   UCA1CTLW0_H
00000606   UCA1BRW
00000606   UCA1BRW_L
00000607   UCA1BRW_H
00000608   UCA1MCTL
0000060a   UCA1STAT
0000060c   UCA1RXBUF
0000060e   UCA1TXBUF
00000610   UCA1ABCTL
00000612   UCA1IRCTL
00000612   UCA1IRCTL_L
00000613   UCA1IRCTL_H
0000061c   UCA1ICTL
0000061c   UCA1ICTL_L
0000061d   UCA1ICTL_H
0000061e   UCA1IV
00000620   UCB1CTLW0
00000620   UCB1CTLW0_L
00000621   UCB1CTLW0_H
00000626   UCB1BRW
00000626   UCB1BRW_L
00000627   UCB1BRW_H
0000062a   UCB1STAT
0000062c   UCB1RXBUF
0000062e   UCB1TXBUF
00000630   UCB1I2COA
00000630   UCB1I2COA_L
00000631   UCB1I2COA_H
00000632   UCB1I2CSA
00000632   UCB1I2CSA_L
00000633   UCB1I2CSA_H
0000063c   UCB1ICTL
0000063c   UCB1ICTL_L
0000063d   UCB1ICTL_H
0000063e   UCB1IV
00000700   ADC12CTL0
00000700   ADC12CTL0_L
00000701   ADC12CTL0_H
00000702   ADC12CTL1
00000702   ADC12CTL1_L
00000703   ADC12CTL1_H
00000704   ADC12CTL2
00000704   ADC12CTL2_L
00000705   ADC12CTL2_H
0000070a   ADC12IFG
0000070a   ADC12IFG_L
0000070b   ADC12IFG_H
0000070c   ADC12IE
0000070c   ADC12IE_L
0000070d   ADC12IE_H
0000070e   ADC12IV
0000070e   ADC12IV_L
0000070f   ADC12IV_H
00000710   ADC12MCTL0
00000711   ADC12MCTL1
00000712   ADC12MCTL2
00000713   ADC12MCTL3
00000714   ADC12MCTL4
00000715   ADC12MCTL5
00000716   ADC12MCTL6
00000717   ADC12MCTL7
00000718   ADC12MCTL8
00000719   ADC12MCTL9
0000071a   ADC12MCTL10
0000071b   ADC12MCTL11
0000071c   ADC12MCTL12
0000071d   ADC12MCTL13
0000071e   ADC12MCTL14
0000071f   ADC12MCTL15
00000720   ADC12MEM0
00000720   ADC12MEM0_L
00000721   ADC12MEM0_H
00000722   ADC12MEM1
00000722   ADC12MEM1_L
00000723   ADC12MEM1_H
00000724   ADC12MEM2
00000724   ADC12MEM2_L
00000725   ADC12MEM2_H
00000726   ADC12MEM3
00000726   ADC12MEM3_L
00000727   ADC12MEM3_H
00000728   ADC12MEM4
00000728   ADC12MEM4_L
00000729   ADC12MEM4_H
0000072a   ADC12MEM5
0000072a   ADC12MEM5_L
0000072b   ADC12MEM5_H
0000072c   ADC12MEM6
0000072c   ADC12MEM6_L
0000072d   ADC12MEM6_H
0000072e   ADC12MEM7
0000072e   ADC12MEM7_L
0000072f   ADC12MEM7_H
00000730   ADC12MEM8
00000730   ADC12MEM8_L
00000731   ADC12MEM8_H
00000732   ADC12MEM9
00000732   ADC12MEM9_L
00000733   ADC12MEM9_H
00000734   ADC12MEM10
00000734   ADC12MEM10_L
00000735   ADC12MEM10_H
00000736   ADC12MEM11
00000736   ADC12MEM11_L
00000737   ADC12MEM11_H
00000738   ADC12MEM12
00000738   ADC12MEM12_L
00000739   ADC12MEM12_H
0000073a   ADC12MEM13
0000073a   ADC12MEM13_L
0000073b   ADC12MEM13_H
0000073c   ADC12MEM14
0000073c   ADC12MEM14_L
0000073d   ADC12MEM14_H
0000073e   ADC12MEM15
0000073e   ADC12MEM15_L
0000073f   ADC12MEM15_H
000008c0   CBCTL0
000008c0   CBCTL0_L
000008c1   CBCTL0_H
000008c2   CBCTL1
000008c2   CBCTL1_L
000008c3   CBCTL1_H
000008c4   CBCTL2
000008c4   CBCTL2_L
000008c5   CBCTL2_H
000008c6   CBCTL3
000008c6   CBCTL3_L
000008c7   CBCTL3_H
000008cc   CBINT
000008cc   CBINT_L
000008cd   CBINT_H
000008ce   CBIV
00000900   USBKEYID
00000900   USBKEYID_L
00000901   USBKEYID_H
00000902   USBCNF
00000902   USBCNF_L
00000903   USBCNF_H
00000904   USBPHYCTL
00000904   USBPHYCTL_L
00000905   USBPHYCTL_H
00000908   USBPWRCTL
00000908   USBPWRCTL_L
00000909   USBPWRCTL_H
00000910   USBPLLCTL
00000910   USBPLLCTL_L
00000911   USBPLLCTL_H
00000912   USBPLLDIVB
00000912   USBPLLDIVB_L
00000913   USBPLLDIVB_H
00000914   USBPLLIR
00000914   USBPLLIR_L
00000915   USBPLLIR_H
00000920   USBIEPCNF_0
00000921   USBIEPCNT_0
00000922   USBOEPCNF_0
00000923   USBOEPCNT_0
0000092e   USBIEPIE
0000092f   USBOEPIE
00000930   USBIEPIFG
00000931   USBOEPIFG
00000932   USBVECINT
00000932   USBVECINT_L
00000933   USBVECINT_H
00000936   USBMAINT
00000936   USBMAINT_L
00000937   USBMAINT_H
00000938   USBTSREG
00000938   USBTSREG_L
00000939   USBTSREG_H
0000093a   USBFN
0000093a   USBFN_L
0000093b   USBFN_H
0000093c   USBCTL
0000093d   USBIE
0000093e   USBIFG
0000093f   USBFUNADR
00001c00   USBSTABUFF
0000236f   USBTOPBUFF
00002370   USBOEP0BUF
00002378   USBIEP0BUF
00002380   USBSUBLK
00002388   USBOEPCNF_1
00002389   USBOEPBBAX_1
0000238a   USBOEPBCTX_1
0000238d   USBOEPBBAY_1
0000238e   USBOEPBCTY_1
0000238f   USBOEPSIZXY_1
00002390   USBOEPCNF_2
00002391   USBOEPBBAX_2
00002392   USBOEPBCTX_2
00002395   USBOEPBBAY_2
00002396   USBOEPBCTY_2
00002397   USBOEPSIZXY_2
00002398   USBOEPCNF_3
00002399   USBOEPBBAX_3
0000239a   USBOEPBCTX_3
0000239d   USBOEPBBAY_3
0000239e   USBOEPBCTY_3
0000239f   USBOEPSIZXY_3
000023a0   USBOEPCNF_4
000023a1   USBOEPBBAX_4
000023a2   USBOEPBCTX_4
000023a5   USBOEPBBAY_4
000023a6   USBOEPBCTY_4
000023a7   USBOEPSIZXY_4
000023a8   USBOEPCNF_5
000023a9   USBOEPBBAX_5
000023aa   USBOEPBCTX_5
000023ad   USBOEPBBAY_5
000023ae   USBOEPBCTY_5
000023af   USBOEPSIZXY_5
000023b0   USBOEPCNF_6
000023b1   USBOEPBBAX_6
000023b2   USBOEPBCTX_6
000023b5   USBOEPBBAY_6
000023b6   USBOEPBCTY_6
000023b7   USBOEPSIZXY_6
000023b8   USBOEPCNF_7
000023b9   USBOEPBBAX_7
000023ba   USBOEPBCTX_7
000023bd   USBOEPBBAY_7
000023be   USBOEPBCTY_7
000023bf   USBOEPSIZXY_7
000023c8   USBIEPCNF_1
000023c9   USBIEPBBAX_1
000023ca   USBIEPBCTX_1
000023cd   USBIEPBBAY_1
000023ce   USBIEPBCTY_1
000023cf   USBIEPSIZXY_1
000023d0   USBIEPCNF_2
000023d1   USBIEPBBAX_2
000023d2   USBIEPBCTX_2
000023d5   USBIEPBBAY_2
000023d6   USBIEPBCTY_2
000023d7   USBIEPSIZXY_2
000023d8   USBIEPCNF_3
000023d9   USBIEPBBAX_3
000023da   USBIEPBCTX_3
000023dd   USBIEPBBAY_3
000023de   USBIEPBCTY_3
000023df   USBIEPSIZXY_3
000023e0   USBIEPCNF_4
000023e1   USBIEPBBAX_4
000023e2   USBIEPBCTX_4
000023e5   USBIEPBBAY_4
000023e6   USBIEPBCTY_4
000023e7   USBIEPSIZXY_4
000023e8   USBIEPCNF_5
000023e9   USBIEPBBAX_5
000023ea   USBIEPBCTX_5
000023ed   USBIEPBBAY_5
000023ee   USBIEPBCTY_5
000023ef   USBIEPSIZXY_5
000023f0   USBIEPCNF_6
000023f1   USBIEPBBAX_6
000023f2   USBIEPBCTX_6
000023f5   USBIEPBBAY_6
000023f6   USBIEPBCTY_6
000023f7   USBIEPSIZXY_6
000023f8   USBIEPCNF_7
000023f9   USBIEPBBAX_7
000023fa   USBIEPBCTX_7
000023fd   USBIEPBBAY_7
000023fe   USBIEPBCTY_7
000023ff   USBIEPSIZXY_7
00002400   mat
000030c0   dogs102x6Memory
000033f2   g_sContext
0000340e   FThreshold
00003412   X
00003416   eeprom_address
00003418   input
0000341a   positionData
0000341c   positionDataOld
0000341e   receivedChar
00003420   DOGS102x64Memory
00003800   _Denorm
00003810   _Eps
00003820   _Hugeval
00003830   _Inf
00003840   _Nan
00003850   _Snan
00003860   _Rteps
00003870   _Xbig
00003878   _Zero
00003880   stringWidth
00003884   isCharReceived
00003886   AdcThreshold
0000388a   temp
0000388e   tempF
00003892   dcval
00003896   fourier_offset
00003898   ON
0000389a   calibrated_adc
0000389c   calibrated_steady
0000389e   calibrated_F
000038a0   i
000038a2   small_blink
000038a4   big_blink
000038a6   steady_trough
000038a8   steady_crest
000038aa   trough
000038ac   crest
000038ae   max_input
000038b0   view_counter
000038b2   temp_BigB
000038b4   counter_BigB
000038b6   menu
000038b8   option
000038ba   exec_counter
000038bc   max_menu
000038be   disp_counter
000038c0   head_r
000038c1   head_c
000038c2   tail_r
000038c3   tail_c
000038c4   facing
000038c6   no_of_turns
000038c8   move
000038ca   length
000038cc   Dogs102x6_initMacro
000038dc   total_options
000038ea   UCS_XT1ClockFrequency
000038ee   UCS_XT2ClockFrequency
000038f2   _lock
000038f6   _unlock
000038fa   _Fenv
000038fe   _Tls_setup__Fenv
00003902   currentPage
00003903   currentColumn
00003904   backlight
00003905   contrast
00003906   drawmode
00003908   buttonDebounce
0000390a   buttonsPressed
0000390c   ucBacklightLevel
0000390d   ucContrast
0000390e   _Errno
00004360   _stack
00004400   Port1_ISR
00004400   __STACK_END
00004446   Port2_ISR
0000448c   WDT_ISR
000044a6   _c_int00
000044a6   _c_int00_noexit
000044c0   ADC12_ISR
000044d6   USCI_A1_ISR
00004cd0   g_sFontFixed6x8
00004df8   g_sDogs102x64_UC1701
00004eb8   __TI_Handler_Table_Base
00004ec4   __TI_Handler_Table_Limit
00004eca   __TI_CINIT_Base
00004eda   __TI_CINIT_Limit
0000ffd2   __TI_int41
0000ffd4   __TI_int42
0000ffd6   __TI_int43
0000ffd8   __TI_int44
0000ffda   __TI_int45
0000ffdc   __TI_int46
0000ffde   __TI_int47
0000ffe0   __TI_int48
0000ffe2   __TI_int49
0000ffe4   __TI_int50
0000ffe6   __TI_int51
0000ffe8   __TI_int52
0000ffea   __TI_int53
0000ffec   __TI_int54
0000ffee   __TI_int55
0000fff0   __TI_int56
0000fff2   __TI_int57
0000fff4   __TI_int58
0000fff6   __TI_int59
0000fff8   __TI_int60
0000fffa   __TI_int61
0000fffc   __TI_int62
0000fffe   _reset_vector
00010000   main
00010a86   GrStringDraw
0001111a   __TI_frcdivd
0001156c   _Sin
0001192e   fmod
00011c48   plot
00011f60   __TI_frcmpyd
00012244   __mspabi_addd
000127ac   __mspabi_mpyd
00012a2e   __TI_frcaddd
00012c80   moveSnake
00012eaa   __mspabi_divd
000130cc   dft
000132a4   _Dscale
00013442   playSnake
000138c0   Dogs102x64_UC1701Init
00013a26   Dogs102x6_verticalLineDraw
00013b74   set_up
00013cba   __mspabi_subf
00013cc0   __mspabi_addf
00013dea   eye_control
00013f16   Dogs102x6_lineDraw
0001403c   _Dnorm
0001422e   reinitialise
0001431c   Board_init
00014400   UCS_initFLL
000144e2   __mspabi_cmpd
000145ba   __TI_printfi_minimal
00014766   PMM_setVCoreUp
000149ba   GrLineDrawH
00014a7a   __mspabi_mpyf
00014b30   __TI_renormd
00014be2   Dogs102x6_writeData
00014c90   Dogs102x6_horizontalLineDraw
00014d3a   Dogs102x64_setBacklight
00014dd8   print_int
00014e72   _auto_init_hold_wdt
00014f0a   PMM_setVCoreDown
00014f9e   __mspabi_fltlid
000150c4   GrStringWidthGet
00015156   print_char
000151e8   GPIO_setAsOutputPin
00015276   GPIO_setAsPeripheralModuleFunctionOutputPin
00015304   __mspabi_divf
00015392   __mspabi_cvtdf
0001541e   Dogs102x64_fillScreen
000154a4   Dogs102x6_charDraw
0001552a   highlight_and_print_string
000155a4   print_string
0001561e   Dogs102x6_init
00015696   snprintf
0001570e   Dogs102x64_UC1701PixelDraw
00015784   Dogs102x6_pixelDraw
000157fa   Dogs102x6_stringDraw
0001586c   GPIO_setOutputHighOnPin
000158dc   GPIO_setOutputLowOnPin
00015a94   __mspabi_fixfi
00015afc   Dogs102x6_setAddress
00015b62   __mspabi_fixdli
00015bc8   __mspabi_cvtfd
00015c8e   Dogs102x64_backlightInit
00015d4e   TIMER_B_startUpMode
00015da8   USCI_B_SPI_masterInit
00015e02   lcd_init
00015eb4   __mspabi_divul
00015eb4   __mspabi_remul
00015f0c   Dogs102x64_UC1701ClearDisplay
00015f5e   Wheel_getValue
00015ff8   PMM_setVCore
00016042   __mspabi_cmpf
000160d4   UCS_LFXT1Start
0001611a   __mspabi_fixfu
00016160   eeprom_write_bytes
000161a2   Dogs102x6_writeCommand
000161e2   __mspabi_divli
000161e2   __mspabi_remli
00016222   Dogs102x6_setBacklight
0001629e   __mspabi_sral_15
000162a2   __mspabi_sral_14
000162a6   __mspabi_sral_13
000162aa   __mspabi_sral_12
000162ae   __mspabi_sral_11
000162b2   __mspabi_sral_10
000162b6   __mspabi_sral_9
000162ba   __mspabi_sral_8
000162be   __mspabi_sral_7
000162c2   __mspabi_sral_6
000162c6   __mspabi_sral_5
000162ca   __mspabi_sral_4
000162ce   __mspabi_sral_3
000162d2   __mspabi_sral_2
000162d6   __mspabi_sral_1
000162dc   __mspabi_slll_15
000162e0   __mspabi_slll_14
000162e4   __mspabi_slll_13
000162e8   __mspabi_slll_12
000162ec   __mspabi_slll_11
000162f0   __mspabi_slll_10
000162f4   __mspabi_slll_9
000162f8   __mspabi_slll_8
000162fc   __mspabi_slll_7
00016300   __mspabi_slll_6
00016304   __mspabi_slll_5
00016308   __mspabi_slll_4
0001630c   __mspabi_slll_3
00016310   __mspabi_slll_2
00016314   __mspabi_slll_1
0001631a   __mspabi_srll_15
0001631e   __mspabi_srll_14
00016322   __mspabi_srll_13
00016326   __mspabi_srll_12
0001632a   __mspabi_srll_11
0001632e   __mspabi_srll_10
00016332   __mspabi_srll_9
00016336   __mspabi_srll_8
0001633a   __mspabi_srll_7
0001633e   __mspabi_srll_6
00016342   __mspabi_srll_5
00016346   __mspabi_srll_4
0001634a   __mspabi_srll_3
0001634e   __mspabi_srll_2
00016352   __mspabi_srll_1
00016358   GrContextInit
00016394   __mspabi_srlll
000163ce   check_blink
00016406   signal
00016474   Dogs102x6_clearScreen
000164aa   Wheel_getPosition
000164e0   _Feraise
00016516   __mspabi_fltif
0001654c   feraiseexcept
00016580   usart_init
000165b4   Dogs102x6_setContrast
000165e6   UCS_initFLLSettle
00016618   __mspabi_subd
0001664a   raise
0001667c   Dogs102x6_backlightInit
000166ac   NumLeadingZeros
000166da   __mspabi_negd
00016736   TIMER_B_initCompare
00016762   __mspabi_divi
00016762   __mspabi_remi
0001678e   memcpy
000167b8   __mspabi_fixdi
000167e0   Wheel_init
00016806   __TI_zero_init
0001682a   __mspabi_fltuf
0001684e   __mspabi_mpyl_f5hw
00016870   memccpy
00016890   memset
000168ca   UCS_getSMCLK
000168e2   WDT_A_hold
000168f8   __TI_decompress_none
0001690e   __mspabi_divu
0001690e   __mspabi_remu
00016924   __mspabi_mpyi_f5hw
0001693a   Buttons_interruptEnable
0001694c   UCS_setExternalClockSource
0001695e   strlen
00016970   __mspabi_sral
00016980   __mspabi_slll
00016990   __mspabi_srll
000169a0   Buttons_init
000169ae   TIMER_B_stop
000169bc   cos
000169ca   sin
000169d8   TIMER_B_setCompareValue
000169e4   USCI_B_SPI_clearInterruptFlag
000169f0   USCI_B_SPI_isBusy
000169fc   __mspabi_fltid
00016a08   TIMER_B_getCaptureCompareCount
00016a12   USCI_B_SPI_getInterruptStatus
00016a1c   USCI_B_SPI_transmitData
00016a26   __mspabi_srai
00016a30   __mspabi_slli
00016a3a   __mspabi_srli
00016a44   USCI_B_SPI_receiveData
00016a4c   SFR_enableInterrupt
00016a52   TIMER_B_startCounter
00016a58   USCI_B_SPI_enable
00016a5e   __TI_ISR_TRAP
00016a64   __TI_decompress_rle24
00016a6a   _system_pre_init
00016a6e   C$$EXIT
00016a6e   abort
00016a74   _nop
ffffffff   __binit__
ffffffff   __c_args__
ffffffff   binit
UNDEFED    __TI_INITARRAY_Base
UNDEFED    __TI_INITARRAY_Limit

[1047 symbols]
