******************************************************************************
                  MSP430 Linker PC v4.3.3                      
******************************************************************************
>> Linked Mon Jan 04 09:09:01 2016

OUTPUT FILE NAME:   <blinkSpeach.out>
ENTRY POINT SYMBOL: "_c_int00"  address: 000044a6


MEMORY CONFIGURATION

         name            origin    length      used     unused   attr    fill
----------------------  --------  ---------  --------  --------  ----  --------
  SFR                   00000000   00000010  00000000  00000010  RWIX
  PERIPHERALS_8BIT      00000010   000000f0  00000000  000000f0  RWIX
  PERIPHERALS_16BIT     00000100   00000100  00000000  00000100  RWIX
  INFOD                 00001800   00000080  00000000  00000080  RWIX
  INFOC                 00001880   00000080  00000000  00000080  RWIX
  INFOB                 00001900   00000080  00000000  00000080  RWIX
  INFOA                 00001980   00000080  00000000  00000080  RWIX
  USBRAM                00001c00   00000800  00000000  00000800  RWIX
  RAM                   00002400   00002000  00000794  0000186c  RWIX
  FLASH                 00004400   0000bb80  00000922  0000b25e  RWIX
  INT00                 0000ff80   00000002  00000000  00000002  RWIX
  INT01                 0000ff82   00000002  00000000  00000002  RWIX
  INT02                 0000ff84   00000002  00000000  00000002  RWIX
  INT03                 0000ff86   00000002  00000000  00000002  RWIX
  INT04                 0000ff88   00000002  00000000  00000002  RWIX
  INT05                 0000ff8a   00000002  00000000  00000002  RWIX
  INT06                 0000ff8c   00000002  00000000  00000002  RWIX
  INT07                 0000ff8e   00000002  00000000  00000002  RWIX
  INT08                 0000ff90   00000002  00000000  00000002  RWIX
  INT09                 0000ff92   00000002  00000000  00000002  RWIX
  INT10                 0000ff94   00000002  00000000  00000002  RWIX
  INT11                 0000ff96   00000002  00000000  00000002  RWIX
  INT12                 0000ff98   00000002  00000000  00000002  RWIX
  INT13                 0000ff9a   00000002  00000000  00000002  RWIX
  INT14                 0000ff9c   00000002  00000000  00000002  RWIX
  INT15                 0000ff9e   00000002  00000000  00000002  RWIX
  INT16                 0000ffa0   00000002  00000000  00000002  RWIX
  INT17                 0000ffa2   00000002  00000000  00000002  RWIX
  INT18                 0000ffa4   00000002  00000000  00000002  RWIX
  INT19                 0000ffa6   00000002  00000000  00000002  RWIX
  INT20                 0000ffa8   00000002  00000000  00000002  RWIX
  INT21                 0000ffaa   00000002  00000000  00000002  RWIX
  INT22                 0000ffac   00000002  00000000  00000002  RWIX
  INT23                 0000ffae   00000002  00000000  00000002  RWIX
  INT24                 0000ffb0   00000002  00000000  00000002  RWIX
  INT25                 0000ffb2   00000002  00000000  00000002  RWIX
  INT26                 0000ffb4   00000002  00000000  00000002  RWIX
  INT27                 0000ffb6   00000002  00000000  00000002  RWIX
  INT28                 0000ffb8   00000002  00000000  00000002  RWIX
  INT29                 0000ffba   00000002  00000000  00000002  RWIX
  INT30                 0000ffbc   00000002  00000000  00000002  RWIX
  INT31                 0000ffbe   00000002  00000000  00000002  RWIX
  INT32                 0000ffc0   00000002  00000000  00000002  RWIX
  INT33                 0000ffc2   00000002  00000000  00000002  RWIX
  INT34                 0000ffc4   00000002  00000000  00000002  RWIX
  INT35                 0000ffc6   00000002  00000000  00000002  RWIX
  INT36                 0000ffc8   00000002  00000000  00000002  RWIX
  INT37                 0000ffca   00000002  00000000  00000002  RWIX
  INT38                 0000ffcc   00000002  00000000  00000002  RWIX
  INT39                 0000ffce   00000002  00000000  00000002  RWIX
  INT40                 0000ffd0   00000002  00000000  00000002  RWIX
  INT41                 0000ffd2   00000002  00000002  00000000  RWIX
  INT42                 0000ffd4   00000002  00000002  00000000  RWIX
  INT43                 0000ffd6   00000002  00000002  00000000  RWIX
  INT44                 0000ffd8   00000002  00000002  00000000  RWIX
  INT45                 0000ffda   00000002  00000002  00000000  RWIX
  INT46                 0000ffdc   00000002  00000002  00000000  RWIX
  INT47                 0000ffde   00000002  00000002  00000000  RWIX
  INT48                 0000ffe0   00000002  00000002  00000000  RWIX
  INT49                 0000ffe2   00000002  00000002  00000000  RWIX
  INT50                 0000ffe4   00000002  00000002  00000000  RWIX
  INT51                 0000ffe6   00000002  00000002  00000000  RWIX
  INT52                 0000ffe8   00000002  00000002  00000000  RWIX
  INT53                 0000ffea   00000002  00000002  00000000  RWIX
  INT54                 0000ffec   00000002  00000002  00000000  RWIX
  INT55                 0000ffee   00000002  00000002  00000000  RWIX
  INT56                 0000fff0   00000002  00000002  00000000  RWIX
  INT57                 0000fff2   00000002  00000002  00000000  RWIX
  INT58                 0000fff4   00000002  00000002  00000000  RWIX
  INT59                 0000fff6   00000002  00000002  00000000  RWIX
  INT60                 0000fff8   00000002  00000002  00000000  RWIX
  INT61                 0000fffa   00000002  00000002  00000000  RWIX
  INT62                 0000fffc   00000002  00000002  00000000  RWIX
  RESET                 0000fffe   00000002  00000002  00000000  RWIX
  FLASH2                00010000   00014400  00003eda  00010526  RWIX


SECTION ALLOCATION MAP

 output                                  attributes/
section   page    origin      length       input sections
--------  ----  ----------  ----------   ----------------
.init_array 
*          0    00004400    00000000     UNINITIALIZED

.data      0    00002400    0000039c     UNINITIALIZED
                  00002400    00000330     Dogs102x64_UC1701.obj (.data:DOGS102x64Memory)
                  00002730    0000003e     main.obj (.data)
                  0000276e    00000010     HAL_Dogs102x6.obj (.data:Dogs102x6_initMacro)
                  0000277e    0000000a     main.obj (.data:total_options)
                  00002788    00000008     ucs.obj (.data)
                  00002790    00000005     HAL_Dogs102x6.obj (.data)
                  00002795    00000001     --HOLE--
                  00002796    00000004     HAL_Buttons.obj (.data)
                  0000279a    00000002     Dogs102x64_UC1701.obj (.data)

.TI.persistent 
*          0    00002400    00000000     UNINITIALIZED

.bss       0    0000279c    00000358     UNINITIALIZED
                  0000279c    00000332     (.common:dogs102x6Memory)
                  00002ace    0000001c     (.common:g_sContext)
                  00002aea    00000004     (.common:FThreshold)
                  00002aee    00000002     (.common:eeprom_address)
                  00002af0    00000002     (.common:positionData)
                  00002af2    00000002     (.common:positionDataOld)

.TI.noinit 
*          0    0000279c    00000000     UNINITIALIZED

.stack     0    00004360    000000a0     UNINITIALIZED
                  00004360    00000004     rts430x_lc_ld_eabi.lib : boot.obj (.stack)
                  00004364    0000009c     --HOLE--

.text:_isr 
*          0    00004400    000000d6     
                  00004400    00000046     HAL_Buttons.obj (.text:_isr:Port1_ISR)
                  00004446    00000046     HAL_Buttons.obj (.text:_isr:Port2_ISR)
                  0000448c    0000001a     HAL_Buttons.obj (.text:_isr:WDT_ISR)
                  000044a6    0000001a     rts430x_lc_ld_eabi.lib : boot.obj (.text:_isr:_c_int00_noexit)
                  000044c0    00000016     HAL_Wheel.obj (.text:_isr:ADC12_ISR)

.const     0    000044d6    000007ec     
                  000044d6    000002f8     fontfixed6x8.obj (.const:.string:g_pucFontFixed6x8Data)
                  000047ce    0000024c     HAL_Dogs102x6.obj (.const:.string:FONT6x8)
                  00004a1a    0000019e     main.obj (.const:.string)
                  00004bb8    000000c8     fontfixed6x8.obj (.const)
                  00004c80    0000002c     Dogs102x64_UC1701.obj (.const)
                  00004cac    00000014     rts430x_lc_ld_eabi.lib : _printfi_min.obj (.const:.string)
                  00004cc0    00000002     HAL_Dogs102x6.obj (.const:.string:$P$T1$2)

.cinit     0    00004cc2    00000060     
                  00004cc2    0000003e     (.cinit..data.load) [load image, compression = rle]
                  00004d00    0000000c     (__TI_handler_table)
                  00004d0c    00000006     (.cinit..bss.load) [load image, compression = zero_init]
                  00004d12    00000010     (__TI_cinit_table)

RTC        0    0000ffd2    00000002     
                  0000ffd2    00000002     rts430x_lc_ld_eabi.lib : int41.obj (.int41)

PORT2      0    0000ffd4    00000002     
                  0000ffd4    00000002     HAL_Buttons.obj (.int42)

TIMER2_A1 
*          0    0000ffd6    00000002     
                  0000ffd6    00000002     rts430x_lc_ld_eabi.lib : int43.obj (.int43)

TIMER2_A0 
*          0    0000ffd8    00000002     
                  0000ffd8    00000002     rts430x_lc_ld_eabi.lib : int44.obj (.int44)

USCI_B1    0    0000ffda    00000002     
                  0000ffda    00000002     rts430x_lc_ld_eabi.lib : int45.obj (.int45)

USCI_A1    0    0000ffdc    00000002     
                  0000ffdc    00000002     rts430x_lc_ld_eabi.lib : int46.obj (.int46)

PORT1      0    0000ffde    00000002     
                  0000ffde    00000002     HAL_Buttons.obj (.int47)

TIMER1_A1 
*          0    0000ffe0    00000002     
                  0000ffe0    00000002     rts430x_lc_ld_eabi.lib : int48.obj (.int48)

TIMER1_A0 
*          0    0000ffe2    00000002     
                  0000ffe2    00000002     rts430x_lc_ld_eabi.lib : int49.obj (.int49)

DMA        0    0000ffe4    00000002     
                  0000ffe4    00000002     rts430x_lc_ld_eabi.lib : int50.obj (.int50)

USB_UBM    0    0000ffe6    00000002     
                  0000ffe6    00000002     rts430x_lc_ld_eabi.lib : int51.obj (.int51)

TIMER0_A1 
*          0    0000ffe8    00000002     
                  0000ffe8    00000002     rts430x_lc_ld_eabi.lib : int52.obj (.int52)

TIMER0_A0 
*          0    0000ffea    00000002     
                  0000ffea    00000002     rts430x_lc_ld_eabi.lib : int53.obj (.int53)

ADC12      0    0000ffec    00000002     
                  0000ffec    00000002     HAL_Wheel.obj (.int54)

USCI_B0    0    0000ffee    00000002     
                  0000ffee    00000002     rts430x_lc_ld_eabi.lib : int55.obj (.int55)

USCI_A0    0    0000fff0    00000002     
                  0000fff0    00000002     rts430x_lc_ld_eabi.lib : int56.obj (.int56)

WDT        0    0000fff2    00000002     
                  0000fff2    00000002     HAL_Buttons.obj (.int57)

TIMER0_B1 
*          0    0000fff4    00000002     
                  0000fff4    00000002     rts430x_lc_ld_eabi.lib : int58.obj (.int58)

TIMER0_B0 
*          0    0000fff6    00000002     
                  0000fff6    00000002     rts430x_lc_ld_eabi.lib : int59.obj (.int59)

COMP_B     0    0000fff8    00000002     
                  0000fff8    00000002     rts430x_lc_ld_eabi.lib : int60.obj (.int60)

UNMI       0    0000fffa    00000002     
                  0000fffa    00000002     rts430x_lc_ld_eabi.lib : int61.obj (.int61)

SYSNMI     0    0000fffc    00000002     
                  0000fffc    00000002     rts430x_lc_ld_eabi.lib : int62.obj (.int62)

.reset     0    0000fffe    00000002     
                  0000fffe    00000002     rts430x_lc_ld_eabi.lib : boot.obj (.reset)

.text      0    00010000    00003eda     
                  00010000    00000694     string.obj (.text:GrStringDraw)
                  00010694    000004b8     main.obj (.text:main)
                  00010b4c    00000316     main.obj (.text:plot)
                  00010e62    000002e4     rts430x_lc_ld_eabi.lib : frcmpyd.obj (.text:__TI_frcmpyd)
                  00011146    00000290     Dogs102x64_UC1701.obj (.text:Dogs102x64_UC1701RectFill)
                  000113d6    00000282     rts430x_lc_ld_eabi.lib : mpyd.obj (.text:__mspabi_mpyd)
                  00011658    0000017c                            : _printfi_min.obj (.text:_setfield)
                  000117d4    0000016e     Dogs102x64_UC1701.obj (.text:Dogs102x64_UC1701LineDrawV)
                  00011942    00000166     Dogs102x64_UC1701.obj (.text:Dogs102x64_UC1701Init)
                  00011aa8    0000014e     HAL_Dogs102x6.obj (.text:Dogs102x6_verticalLineDraw)
                  00011bf6    0000012a     main.obj (.text:set_up)
                  00011d20    00000126     HAL_Dogs102x6.obj (.text:Dogs102x6_lineDraw)
                  00011e46    000000f2     ucs.obj (.text:privateUCSSourceClockFromDCO)
                  00011f38    000000e4     HAL_Board.obj (.text:Board_init)
                  0001201c    000000e2     ucs.obj (.text:UCS_initFLL)
                  000120fe    000000d6     rts430x_lc_ld_eabi.lib : _printfi_min.obj (.text:__TI_printfi_minimal)
                  000121d4    000000d6     ucs.obj (.text:privateUCSComputeCLKFrequency)
                  000122aa    000000ce     pmm.obj (.text:PMM_setVCoreUp)
                  00012378    000000c4     timer_b.obj (.text:privateTimerBProcessClockSourceDivider)
                  0001243c    000000c2     Dogs102x64_UC1701.obj (.text:Dogs102x64_UC1701PixelDrawMultiple)
                  000124fe    000000c0     line.obj (.text:GrLineDrawH)
                  000125be    000000ae     HAL_Dogs102x6.obj (.text:Dogs102x6_writeData)
                  0001266c    000000aa     HAL_Dogs102x6.obj (.text:Dogs102x6_horizontalLineDraw)
                  00012716    0000009e     Dogs102x64_UC1701.obj (.text:Dogs102x64_setBacklight)
                  000127b4    0000009a     main.obj (.text:print_int)
                  0001284e    00000098     rts430x_lc_ld_eabi.lib : autoinit.obj (.text:_auto_init_hold_wdt)
                  000128e6    00000094     pmm.obj (.text:PMM_setVCoreDown)
                  0001297a    00000094     rts430x_lc_ld_eabi.lib : fltlid.obj (.text:__mspabi_fltlid)
                  00012a0e    00000092     Dogs102x64_UC1701.obj (.text:Dogs102x64_UC1701LineDrawH)
                  00012aa0    0000008e     gpio.obj (.text:GPIO_setAsOutputPin)
                  00012b2e    0000008e     gpio.obj (.text:GPIO_setAsPeripheralModuleFunctionOutputPin)
                  00012bbc    00000086     Dogs102x64_UC1701.obj (.text:Dogs102x64_fillScreen)
                  00012c42    00000086     HAL_Dogs102x6.obj (.text:Dogs102x6_charDraw)
                  00012cc8    0000007a     main.obj (.text:highlight_and_print_string)
                  00012d42    0000007a     main.obj (.text:print_string)
                  00012dbc    00000078     HAL_Dogs102x6.obj (.text:Dogs102x6_init)
                  00012e34    00000078     rts430x_lc_ld_eabi.lib : snprintf.obj (.text:snprintf)
                  00012eac    00000076     Dogs102x64_UC1701.obj (.text:Dogs102x64_UC1701PixelDraw)
                  00012f22    00000076     HAL_Dogs102x6.obj (.text:Dogs102x6_pixelDraw)
                  00012f98    00000072     HAL_Dogs102x6.obj (.text:Dogs102x6_stringDraw)
                  0001300a    00000070     gpio.obj (.text:GPIO_setOutputHighOnPin)
                  0001307a    00000070     gpio.obj (.text:GPIO_setOutputLowOnPin)
                  000130ea    0000006e     Dogs102x64_UC1701.obj (.text:WriteCommand)
                  00013158    0000006e     Dogs102x64_UC1701.obj (.text:WriteData)
                  000131c6    0000006c     rts430x_lc_ld_eabi.lib : snprintf.obj (.text:_outs)
                  00013232    00000068                            : fs_toi.obj (.text)
                  0001329a    00000066     HAL_Dogs102x6.obj (.text:Dogs102x6_setAddress)
                  00013300    00000066     rts430x_lc_ld_eabi.lib : fixdli.obj (.text:__mspabi_fixdli)
                  00013366    00000062                            : copy_decompress_rle.obj (.text:__TI_decompress_rle_core)
                  000133c8    00000060     Dogs102x64_UC1701.obj (.text:Dogs102x64_backlightInit)
                  00013428    00000060     gpio.obj (.text:privateGPIOGetBaseAddress)
                  00013488    0000005a     timer_b.obj (.text:TIMER_B_startUpMode)
                  000134e2    0000005a     usci_b_spi.obj (.text:USCI_B_SPI_masterInit)
                  0001353c    0000005a     main.obj (.text:lcd_init)
                  00013596    00000058     rts430x_lc_ld_eabi.lib : _printfi_min.obj (.text:_ltostr)
                  000135ee    00000058                            : div32u.obj (.text)
                  00013646    00000052     Dogs102x64_UC1701.obj (.text:Dogs102x64_UC1701ClearDisplay)
                  00013698    0000004e     HAL_Wheel.obj (.text:Wheel_getValue)
                  000136e6    0000004c     rts430x_lc_ld_eabi.lib : _printfi_min.obj (.text:_pproc_diouxp)
                  00013732    0000004a     pmm.obj (.text:PMM_setVCore)
                  0001377c    0000004a     rts430x_lc_ld_eabi.lib : fs_cmp.obj (.text)
                  000137c6    00000048                            : _printfi_min.obj (.text:_pproc_str)
                  0001380e    00000046     ucs.obj (.text:UCS_LFXT1Start)
                  00013854    00000040     HAL_Dogs102x6.obj (.text:Dogs102x6_writeCommand)
                  00013894    00000040     rts430x_lc_ld_eabi.lib : div32s.obj (.text)
                  000138d4    0000003e     HAL_Dogs102x6.obj (.text:Dogs102x6_setBacklight)
                  00013912    0000003e     rts430x_lc_ld_eabi.lib : _printfi_min.obj (.text:_getarg_diouxp)
                  00013950    0000003e                            : asr32.obj (.text:l_asr_const)
                  0001398e    0000003e                            : lsl32.obj (.text:l_lsl_const)
                  000139cc    0000003e                            : lsr32.obj (.text:l_lsr_const)
                  00013a0a    0000003c     context.obj (.text:GrContextInit)
                  00013a46    00000036     Dogs102x64_UC1701.obj (.text:Dogs102x64_UC1701ColorTranslate)
                  00013a7c    00000036     HAL_Dogs102x6.obj (.text:Dogs102x6_clearScreen)
                  00013ab2    00000036     rts430x_lc_ld_eabi.lib : fs_itof.obj (.text)
                  00013ae8    00000032     HAL_Dogs102x6.obj (.text:Dogs102x6_setContrast)
                  00013b1a    00000032     ucs.obj (.text:UCS_initFLLSettle)
                  00013b4c    00000030     HAL_Dogs102x6.obj (.text:Dogs102x6_backlightInit)
                  00013b7c    0000002e     string.obj (.text:NumLeadingZeros)
                  00013baa    0000002e     rts430x_lc_ld_eabi.lib : snprintf.obj (.text:_outc)
                  00013bd8    0000002c     timer_b.obj (.text:TIMER_B_initCompare)
                  00013c04    0000002c     rts430x_lc_ld_eabi.lib : div16s.obj (.text)
                  00013c30    0000002a                            : memcpy.obj (.text:memcpy)
                  00013c5a    00000028                            : fixdi.obj (.text:__mspabi_fixdi)
                  00013c82    00000026     HAL_Wheel.obj (.text:Wheel_init)
                  00013ca8    00000024     rts430x_lc_ld_eabi.lib : copy_zero_init.obj (.text:decompress:ZI:__TI_zero_init)
                  00013ccc    00000024                            : fs_utof.obj (.text)
                  00013cf0    00000022                            : mult32_f5hw.obj (.text)
                  00013d12    00000020                            : memccpy.obj (.text:memccpy)
                  00013d32    00000020                            : memset.obj (.text:memset)
                  00013d52    0000001a                            : _printfi_min.obj (.text:_div)
                  00013d6c    00000018     ucs.obj (.text:UCS_getSMCLK)
                  00013d84    00000016     wdt_a.obj (.text:WDT_A_hold)
                  00013d9a    00000016     rts430x_lc_ld_eabi.lib : copy_decompress_none.obj (.text:decompress:none:__TI_decompress_none)
                  00013db0    00000016                            : div16u.obj (.text)
                  00013dc6    00000016                            : mult16_f5hw.obj (.text)
                  00013ddc    00000012     HAL_Buttons.obj (.text:Buttons_interruptEnable)
                  00013dee    00000012     ucs.obj (.text:UCS_setExternalClockSource)
                  00013e00    00000012     rts430x_lc_ld_eabi.lib : strlen.obj (.text:strlen)
                  00013e12    00000010                            : lsr32.obj (.text:l_lsr)
                  00013e22    0000000e     HAL_Buttons.obj (.text:Buttons_init)
                  00013e30    0000000e     timer_b.obj (.text:TIMER_B_stop)
                  00013e3e    0000000c     timer_b.obj (.text:TIMER_B_setCompareValue)
                  00013e4a    0000000c     usci_b_spi.obj (.text:USCI_B_SPI_clearInterruptFlag)
                  00013e56    0000000c     usci_b_spi.obj (.text:USCI_B_SPI_isBusy)
                  00013e62    0000000c     rts430x_lc_ld_eabi.lib : fltid.obj (.text:__mspabi_fltid)
                  00013e6e    0000000a     timer_b.obj (.text:TIMER_B_getCaptureCompareCount)
                  00013e78    0000000a     usci_b_spi.obj (.text:USCI_B_SPI_getInterruptStatus)
                  00013e82    0000000a     usci_b_spi.obj (.text:USCI_B_SPI_transmitData)
                  00013e8c    0000000a     rts430x_lc_ld_eabi.lib : asr16.obj (.text)
                  00013e96    0000000a                            : lsl16.obj (.text)
                  00013ea0    0000000a                            : lsr16.obj (.text)
                  00013eaa    00000008     usci_b_spi.obj (.text:USCI_B_SPI_receiveData)
                  00013eb2    00000006     sfr.obj (.text:SFR_enableInterrupt)
                  00013eb8    00000006     timer_b.obj (.text:TIMER_B_startCounter)
                  00013ebe    00000006     usci_b_spi.obj (.text:USCI_B_SPI_enable)
                  00013ec4    00000006     rts430x_lc_ld_eabi.lib : isr_trap.obj (.text:__TI_ISR_TRAP)
                  00013eca    00000006                            : copy_decompress_rle.obj (.text:decompress:rle24:__TI_decompress_rle24)
                  00013ed0    00000004                            : pre_init.obj (.text:_system_pre_init)
                  00013ed4    00000004                            : exit.obj (.text:abort)
                  00013ed8    00000002     Dogs102x64_UC1701.obj (.text:Dogs102x64_UC1701Flush)


LINKER GENERATED COPY TABLES

__TI_cinit_table @ 00004d12 records: 2, size/record: 8, table size: 16
	.data: load addr=00004cc2, load size=0000003e bytes, run addr=00002400, run size=0000039c bytes, compression=rle
	.bss: load addr=00004d0c, load size=00000006 bytes, run addr=0000279c, run size=00000358 bytes, compression=zero_init


LINKER GENERATED HANDLER TABLE

__TI_handler_table @ 00004d00 records: 3, size/record: 4, table size: 12
	index: 0, handler: __TI_zero_init
	index: 1, handler: __TI_decompress_rle24
	index: 2, handler: __TI_decompress_none


GLOBAL SYMBOLS: SORTED ALPHABETICALLY BY Name 

address    name
--------   ----
00000700   ADC12CTL0
00000701   ADC12CTL0_H
00000700   ADC12CTL0_L
00000702   ADC12CTL1
00000703   ADC12CTL1_H
00000702   ADC12CTL1_L
00000704   ADC12CTL2
00000705   ADC12CTL2_H
00000704   ADC12CTL2_L
0000070c   ADC12IE
0000070d   ADC12IE_H
0000070c   ADC12IE_L
0000070a   ADC12IFG
0000070b   ADC12IFG_H
0000070a   ADC12IFG_L
0000070e   ADC12IV
0000070f   ADC12IV_H
0000070e   ADC12IV_L
00000710   ADC12MCTL0
00000711   ADC12MCTL1
0000071a   ADC12MCTL10
0000071b   ADC12MCTL11
0000071c   ADC12MCTL12
0000071d   ADC12MCTL13
0000071e   ADC12MCTL14
0000071f   ADC12MCTL15
00000712   ADC12MCTL2
00000713   ADC12MCTL3
00000714   ADC12MCTL4
00000715   ADC12MCTL5
00000716   ADC12MCTL6
00000717   ADC12MCTL7
00000718   ADC12MCTL8
00000719   ADC12MCTL9
00000720   ADC12MEM0
00000721   ADC12MEM0_H
00000720   ADC12MEM0_L
00000722   ADC12MEM1
00000734   ADC12MEM10
00000735   ADC12MEM10_H
00000734   ADC12MEM10_L
00000736   ADC12MEM11
00000737   ADC12MEM11_H
00000736   ADC12MEM11_L
00000738   ADC12MEM12
00000739   ADC12MEM12_H
00000738   ADC12MEM12_L
0000073a   ADC12MEM13
0000073b   ADC12MEM13_H
0000073a   ADC12MEM13_L
0000073c   ADC12MEM14
0000073d   ADC12MEM14_H
0000073c   ADC12MEM14_L
0000073e   ADC12MEM15
0000073f   ADC12MEM15_H
0000073e   ADC12MEM15_L
00000723   ADC12MEM1_H
00000722   ADC12MEM1_L
00000724   ADC12MEM2
00000725   ADC12MEM2_H
00000724   ADC12MEM2_L
00000726   ADC12MEM3
00000727   ADC12MEM3_H
00000726   ADC12MEM3_L
00000728   ADC12MEM4
00000729   ADC12MEM4_H
00000728   ADC12MEM4_L
0000072a   ADC12MEM5
0000072b   ADC12MEM5_H
0000072a   ADC12MEM5_L
0000072c   ADC12MEM6
0000072d   ADC12MEM6_H
0000072c   ADC12MEM6_L
0000072e   ADC12MEM7
0000072f   ADC12MEM7_H
0000072e   ADC12MEM7_L
00000730   ADC12MEM8
00000731   ADC12MEM8_H
00000730   ADC12MEM8_L
00000732   ADC12MEM9
00000733   ADC12MEM9_H
00000732   ADC12MEM9_L
000044c0   ADC12_ISR
00002734   AdcThreshold
00011f38   Board_init
00013e22   Buttons_init
00013ddc   Buttons_interruptEnable
00013ed4   C$$EXIT
000008c0   CBCTL0
000008c1   CBCTL0_H
000008c0   CBCTL0_L
000008c2   CBCTL1
000008c3   CBCTL1_H
000008c2   CBCTL1_L
000008c4   CBCTL2
000008c5   CBCTL2_H
000008c4   CBCTL2_L
000008c6   CBCTL3
000008c7   CBCTL3_H
000008c6   CBCTL3_L
000008cc   CBINT
000008cd   CBINT_H
000008cc   CBINT_L
000008ce   CBIV
00000150   CRCDI
00000152   CRCDIRB
00000153   CRCDIRB_H
00000152   CRCDIRB_L
00000151   CRCDI_H
00000150   CRCDI_L
00000154   CRCINIRES
00000155   CRCINIRES_H
00000154   CRCINIRES_L
00000156   CRCRESR
00000157   CRCRESR_H
00000156   CRCRESR_L
00000510   DMA0CTL
00000511   DMA0CTL_H
00000510   DMA0CTL_L
00000516   DMA0DA
00000516   DMA0DAL
00000512   DMA0SA
00000512   DMA0SAL
0000051a   DMA0SZ
00000520   DMA1CTL
00000521   DMA1CTL_H
00000520   DMA1CTL_L
00000526   DMA1DA
00000526   DMA1DAL
00000522   DMA1SA
00000522   DMA1SAL
0000052a   DMA1SZ
00000530   DMA2CTL
00000531   DMA2CTL_H
00000530   DMA2CTL_L
00000536   DMA2DA
00000536   DMA2DAL
00000532   DMA2SA
00000532   DMA2SAL
0000053a   DMA2SZ
00000500   DMACTL0
00000501   DMACTL0_H
00000500   DMACTL0_L
00000502   DMACTL1
00000503   DMACTL1_H
00000502   DMACTL1_L
00000504   DMACTL2
00000505   DMACTL2_H
00000504   DMACTL2_L
00000506   DMACTL3
00000507   DMACTL3_H
00000506   DMACTL3_L
00000508   DMACTL4
00000509   DMACTL4_H
00000508   DMACTL4_L
0000050e   DMAIV
0000050f   DMAIV_H
0000050e   DMAIV_L
00002400   DOGS102x64Memory
00013646   Dogs102x64_UC1701ClearDisplay
00011942   Dogs102x64_UC1701Init
000133c8   Dogs102x64_backlightInit
00012bbc   Dogs102x64_fillScreen
00012716   Dogs102x64_setBacklight
00013b4c   Dogs102x6_backlightInit
00012c42   Dogs102x6_charDraw
00013a7c   Dogs102x6_clearScreen
0001266c   Dogs102x6_horizontalLineDraw
00012dbc   Dogs102x6_init
0000276e   Dogs102x6_initMacro
00011d20   Dogs102x6_lineDraw
00012f22   Dogs102x6_pixelDraw
0001329a   Dogs102x6_setAddress
000138d4   Dogs102x6_setBacklight
00013ae8   Dogs102x6_setContrast
00012f98   Dogs102x6_stringDraw
00011aa8   Dogs102x6_verticalLineDraw
00013854   Dogs102x6_writeCommand
000125be   Dogs102x6_writeData
00000140   FCTL1
00000141   FCTL1_H
00000140   FCTL1_L
00000144   FCTL3
00000145   FCTL3_H
00000144   FCTL3_L
00000146   FCTL4
00000147   FCTL4_H
00000146   FCTL4_L
00002aea   FThreshold
00012aa0   GPIO_setAsOutputPin
00012b2e   GPIO_setAsPeripheralModuleFunctionOutputPin
0001300a   GPIO_setOutputHighOnPin
0001307a   GPIO_setOutputLowOnPin
00013a0a   GrContextInit
000124fe   GrLineDrawH
00010000   GrStringDraw
000004c4   MAC
000004da   MAC32H
000004db   MAC32H_H
000004da   MAC32H_L
000004d8   MAC32L
000004d9   MAC32L_H
000004d8   MAC32L_L
000004c6   MACS
000004de   MACS32H
000004df   MACS32H_H
000004de   MACS32H_L
000004dc   MACS32L
000004dd   MACS32L_H
000004dc   MACS32L_L
000004c7   MACS_H
000004c6   MACS_L
000004c5   MAC_H
000004c4   MAC_L
000004c0   MPY
000004ec   MPY32CTL0
000004ed   MPY32CTL0_H
000004ec   MPY32CTL0_L
000004d2   MPY32H
000004d3   MPY32H_H
000004d2   MPY32H_L
000004d0   MPY32L
000004d1   MPY32L_H
000004d0   MPY32L_L
000004c2   MPYS
000004d6   MPYS32H
000004d7   MPYS32H_H
000004d6   MPYS32H_L
000004d4   MPYS32L
000004d5   MPYS32L_H
000004d4   MPYS32L_L
000004c3   MPYS_H
000004c2   MPYS_L
000004c1   MPY_H
000004c0   MPY_L
00013b7c   NumLeadingZeros
00002746   ON
000004c8   OP2
000004e2   OP2H
000004e3   OP2H_H
000004e2   OP2H_L
000004e0   OP2L
000004e1   OP2L_H
000004e0   OP2L_L
000004c9   OP2_H
000004c8   OP2_L
0000020e   P1IV
0000021e   P2IV
000001e0   P4MAP01
000001e1   P4MAP01_H
000001e0   P4MAP01_L
000001e2   P4MAP23
000001e3   P4MAP23_H
000001e2   P4MAP23_L
000001e4   P4MAP45
000001e5   P4MAP45_H
000001e4   P4MAP45_L
000001e6   P4MAP67
000001e7   P4MAP67_H
000001e6   P4MAP67_L
00000204   PADIR
00000205   PADIR_H
00000204   PADIR_L
00000208   PADS
00000209   PADS_H
00000208   PADS_L
0000021a   PAIE
00000218   PAIES
00000219   PAIES_H
00000218   PAIES_L
0000021b   PAIE_H
0000021a   PAIE_L
0000021c   PAIFG
0000021d   PAIFG_H
0000021c   PAIFG_L
00000200   PAIN
00000201   PAIN_H
00000200   PAIN_L
00000202   PAOUT
00000203   PAOUT_H
00000202   PAOUT_L
00000206   PAREN
00000207   PAREN_H
00000206   PAREN_L
0000020a   PASEL
0000020b   PASEL_H
0000020a   PASEL_L
00000224   PBDIR
00000225   PBDIR_H
00000224   PBDIR_L
00000228   PBDS
00000229   PBDS_H
00000228   PBDS_L
00000220   PBIN
00000221   PBIN_H
00000220   PBIN_L
00000222   PBOUT
00000223   PBOUT_H
00000222   PBOUT_L
00000226   PBREN
00000227   PBREN_H
00000226   PBREN_L
0000022a   PBSEL
0000022b   PBSEL_H
0000022a   PBSEL_L
00000244   PCDIR
00000245   PCDIR_H
00000244   PCDIR_L
00000248   PCDS
00000249   PCDS_H
00000248   PCDS_L
00000240   PCIN
00000241   PCIN_H
00000240   PCIN_L
00000242   PCOUT
00000243   PCOUT_H
00000242   PCOUT_L
00000246   PCREN
00000247   PCREN_H
00000246   PCREN_L
0000024a   PCSEL
0000024b   PCSEL_H
0000024a   PCSEL_L
00000264   PDDIR
00000265   PDDIR_H
00000264   PDDIR_L
00000268   PDDS
00000269   PDDS_H
00000268   PDDS_L
00000260   PDIN
00000261   PDIN_H
00000260   PDIN_L
00000262   PDOUT
00000263   PDOUT_H
00000262   PDOUT_L
00000266   PDREN
00000267   PDREN_H
00000266   PDREN_L
0000026a   PDSEL
0000026b   PDSEL_H
0000026a   PDSEL_L
00000324   PJDIR
00000325   PJDIR_H
00000324   PJDIR_L
00000328   PJDS
00000329   PJDS_H
00000328   PJDS_L
00000320   PJIN
00000321   PJIN_H
00000320   PJIN_L
00000322   PJOUT
00000323   PJOUT_H
00000322   PJOUT_L
00000326   PJREN
00000327   PJREN_H
00000326   PJREN_L
00000130   PM5CTL0
00000131   PM5CTL0_H
00000130   PM5CTL0_L
000001c2   PMAPCTL
000001c3   PMAPCTL_H
000001c2   PMAPCTL_L
000001c0   PMAPKEYID
000001c1   PMAPKEYID_H
000001c0   PMAPKEYID_L
00000120   PMMCTL0
00000121   PMMCTL0_H
00000120   PMMCTL0_L
00000122   PMMCTL1
00000123   PMMCTL1_H
00000122   PMMCTL1_L
0000012c   PMMIFG
0000012d   PMMIFG_H
0000012c   PMMIFG_L
0000012e   PMMRIE
0000012f   PMMRIE_H
0000012e   PMMRIE_L
00013732   PMM_setVCore
000128e6   PMM_setVCoreDown
000122aa   PMM_setVCoreUp
00004400   Port1_ISR
00004446   Port2_ISR
00000158   RCCTL0
00000159   RCCTL0_H
00000158   RCCTL0_L
000001b0   REFCTL0
000001b1   REFCTL0_H
000001b0   REFCTL0_L
000004e4   RES0
000004e5   RES0_H
000004e4   RES0_L
000004e6   RES1
000004e7   RES1_H
000004e6   RES1_L
000004e8   RES2
000004e9   RES2_H
000004e8   RES2_L
000004ea   RES3
000004eb   RES3_H
000004ea   RES3_L
000004cc   RESHI
000004cd   RESHI_H
000004cc   RESHI_L
000004ca   RESLO
000004cb   RESLO_H
000004ca   RESLO_L
000004ba   RTCADOWDAY
000004bb   RTCADOWDAY_H
000004ba   RTCADOWDAY_L
000004b8   RTCAMINHR
000004b9   RTCAMINHR_H
000004b8   RTCAMINHR_L
000004a0   RTCCTL01
000004a1   RTCCTL01_H
000004a0   RTCCTL01_L
000004a2   RTCCTL23
000004a3   RTCCTL23_H
000004a2   RTCCTL23_L
000004b4   RTCDATE
000004b5   RTCDATE_H
000004b4   RTCDATE_L
000004ae   RTCIV
000004ac   RTCPS
000004a8   RTCPS0CTL
000004a9   RTCPS0CTL_H
000004a8   RTCPS0CTL_L
000004aa   RTCPS1CTL
000004ab   RTCPS1CTL_H
000004aa   RTCPS1CTL_L
000004ad   RTCPS_H
000004ac   RTCPS_L
000004b0   RTCTIM0
000004b1   RTCTIM0_H
000004b0   RTCTIM0_L
000004b2   RTCTIM1
000004b3   RTCTIM1_H
000004b2   RTCTIM1_L
000004b6   RTCYEAR
000004b7   RTCYEAR_H
000004b6   RTCYEAR_L
00000100   SFRIE1
00000101   SFRIE1_H
00000100   SFRIE1_L
00000102   SFRIFG1
00000103   SFRIFG1_H
00000102   SFRIFG1_L
00000104   SFRRPCR
00000105   SFRRPCR_H
00000104   SFRRPCR_L
00013eb2   SFR_enableInterrupt
000004ce   SUMEXT
000004cf   SUMEXT_H
000004ce   SUMEXT_L
00000124   SVSMHCTL
00000125   SVSMHCTL_H
00000124   SVSMHCTL_L
00000128   SVSMIO
00000129   SVSMIO_H
00000128   SVSMIO_L
00000126   SVSMLCTL
00000127   SVSMLCTL_H
00000126   SVSMLCTL_L
00000198   SYSBERRIV
00000199   SYSBERRIV_H
00000198   SYSBERRIV_L
00000182   SYSBSLC
00000183   SYSBSLC_H
00000182   SYSBSLC_L
00000180   SYSCTL
00000181   SYSCTL_H
00000180   SYSCTL_L
00000186   SYSJMBC
00000187   SYSJMBC_H
00000186   SYSJMBC_L
00000188   SYSJMBI0
00000189   SYSJMBI0_H
00000188   SYSJMBI0_L
0000018a   SYSJMBI1
0000018b   SYSJMBI1_H
0000018a   SYSJMBI1_L
0000018c   SYSJMBO0
0000018d   SYSJMBO0_H
0000018c   SYSJMBO0_L
0000018e   SYSJMBO1
0000018f   SYSJMBO1_H
0000018e   SYSJMBO1_L
0000019e   SYSRSTIV
0000019f   SYSRSTIV_H
0000019e   SYSRSTIV_L
0000019c   SYSSNIV
0000019d   SYSSNIV_H
0000019c   SYSSNIV_L
0000019a   SYSUNIV
0000019b   SYSUNIV_H
0000019a   SYSUNIV_L
00000352   TA0CCR0
00000354   TA0CCR1
00000356   TA0CCR2
00000358   TA0CCR3
0000035a   TA0CCR4
00000342   TA0CCTL0
00000344   TA0CCTL1
00000346   TA0CCTL2
00000348   TA0CCTL3
0000034a   TA0CCTL4
00000340   TA0CTL
00000360   TA0EX0
0000036e   TA0IV
00000350   TA0R
00000392   TA1CCR0
00000394   TA1CCR1
00000396   TA1CCR2
00000382   TA1CCTL0
00000384   TA1CCTL1
00000386   TA1CCTL2
00000380   TA1CTL
000003a0   TA1EX0
000003ae   TA1IV
00000390   TA1R
00000412   TA2CCR0
00000414   TA2CCR1
00000416   TA2CCR2
00000402   TA2CCTL0
00000404   TA2CCTL1
00000406   TA2CCTL2
00000400   TA2CTL
00000420   TA2EX0
0000042e   TA2IV
00000410   TA2R
000003d2   TB0CCR0
000003d4   TB0CCR1
000003d6   TB0CCR2
000003d8   TB0CCR3
000003da   TB0CCR4
000003dc   TB0CCR5
000003de   TB0CCR6
000003c2   TB0CCTL0
000003c4   TB0CCTL1
000003c6   TB0CCTL2
000003c8   TB0CCTL3
000003ca   TB0CCTL4
000003cc   TB0CCTL5
000003ce   TB0CCTL6
000003c0   TB0CTL
000003e0   TB0EX0
000003ee   TB0IV
000003d0   TB0R
00013e6e   TIMER_B_getCaptureCompareCount
00013bd8   TIMER_B_initCompare
00013e3e   TIMER_B_setCompareValue
00013eb8   TIMER_B_startCounter
00013488   TIMER_B_startUpMode
00013e30   TIMER_B_stop
000005d0   UCA0ABCTL
000005c6   UCA0BRW
000005c7   UCA0BRW_H
000005c6   UCA0BRW_L
000005c0   UCA0CTLW0
000005c1   UCA0CTLW0_H
000005c0   UCA0CTLW0_L
000005dc   UCA0ICTL
000005dd   UCA0ICTL_H
000005dc   UCA0ICTL_L
000005d2   UCA0IRCTL
000005d3   UCA0IRCTL_H
000005d2   UCA0IRCTL_L
000005de   UCA0IV
000005c8   UCA0MCTL
000005cc   UCA0RXBUF
000005ca   UCA0STAT
000005ce   UCA0TXBUF
00000610   UCA1ABCTL
00000606   UCA1BRW
00000607   UCA1BRW_H
00000606   UCA1BRW_L
00000600   UCA1CTLW0
00000601   UCA1CTLW0_H
00000600   UCA1CTLW0_L
0000061c   UCA1ICTL
0000061d   UCA1ICTL_H
0000061c   UCA1ICTL_L
00000612   UCA1IRCTL
00000613   UCA1IRCTL_H
00000612   UCA1IRCTL_L
0000061e   UCA1IV
00000608   UCA1MCTL
0000060c   UCA1RXBUF
0000060a   UCA1STAT
0000060e   UCA1TXBUF
000005e6   UCB0BRW
000005e7   UCB0BRW_H
000005e6   UCB0BRW_L
000005e0   UCB0CTLW0
000005e1   UCB0CTLW0_H
000005e0   UCB0CTLW0_L
000005f0   UCB0I2COA
000005f1   UCB0I2COA_H
000005f0   UCB0I2COA_L
000005f2   UCB0I2CSA
000005f3   UCB0I2CSA_H
000005f2   UCB0I2CSA_L
000005fc   UCB0ICTL
000005fd   UCB0ICTL_H
000005fc   UCB0ICTL_L
000005fe   UCB0IV
000005ec   UCB0RXBUF
000005ea   UCB0STAT
000005ee   UCB0TXBUF
00000626   UCB1BRW
00000627   UCB1BRW_H
00000626   UCB1BRW_L
00000620   UCB1CTLW0
00000621   UCB1CTLW0_H
00000620   UCB1CTLW0_L
00000630   UCB1I2COA
00000631   UCB1I2COA_H
00000630   UCB1I2COA_L
00000632   UCB1I2CSA
00000633   UCB1I2CSA_H
00000632   UCB1I2CSA_L
0000063c   UCB1ICTL
0000063d   UCB1ICTL_H
0000063c   UCB1ICTL_L
0000063e   UCB1IV
0000062c   UCB1RXBUF
0000062a   UCB1STAT
0000062e   UCB1TXBUF
00000160   UCSCTL0
00000161   UCSCTL0_H
00000160   UCSCTL0_L
00000162   UCSCTL1
00000163   UCSCTL1_H
00000162   UCSCTL1_L
00000164   UCSCTL2
00000165   UCSCTL2_H
00000164   UCSCTL2_L
00000166   UCSCTL3
00000167   UCSCTL3_H
00000166   UCSCTL3_L
00000168   UCSCTL4
00000169   UCSCTL4_H
00000168   UCSCTL4_L
0000016a   UCSCTL5
0000016b   UCSCTL5_H
0000016a   UCSCTL5_L
0000016c   UCSCTL6
0000016d   UCSCTL6_H
0000016c   UCSCTL6_L
0000016e   UCSCTL7
0000016f   UCSCTL7_H
0000016e   UCSCTL7_L
00000170   UCSCTL8
00000171   UCSCTL8_H
00000170   UCSCTL8_L
0001380e   UCS_LFXT1Start
00002788   UCS_XT1ClockFrequency
0000278c   UCS_XT2ClockFrequency
00013d6c   UCS_getSMCLK
0001201c   UCS_initFLL
00013b1a   UCS_initFLLSettle
00013dee   UCS_setExternalClockSource
00000902   USBCNF
00000903   USBCNF_H
00000902   USBCNF_L
0000093c   USBCTL
0000093a   USBFN
0000093b   USBFN_H
0000093a   USBFN_L
0000093f   USBFUNADR
0000093d   USBIE
00002378   USBIEP0BUF
000023c9   USBIEPBBAX_1
000023d1   USBIEPBBAX_2
000023d9   USBIEPBBAX_3
000023e1   USBIEPBBAX_4
000023e9   USBIEPBBAX_5
000023f1   USBIEPBBAX_6
000023f9   USBIEPBBAX_7
000023cd   USBIEPBBAY_1
000023d5   USBIEPBBAY_2
000023dd   USBIEPBBAY_3
000023e5   USBIEPBBAY_4
000023ed   USBIEPBBAY_5
000023f5   USBIEPBBAY_6
000023fd   USBIEPBBAY_7
000023ca   USBIEPBCTX_1
000023d2   USBIEPBCTX_2
000023da   USBIEPBCTX_3
000023e2   USBIEPBCTX_4
000023ea   USBIEPBCTX_5
000023f2   USBIEPBCTX_6
000023fa   USBIEPBCTX_7
000023ce   USBIEPBCTY_1
000023d6   USBIEPBCTY_2
000023de   USBIEPBCTY_3
000023e6   USBIEPBCTY_4
000023ee   USBIEPBCTY_5
000023f6   USBIEPBCTY_6
000023fe   USBIEPBCTY_7
00000920   USBIEPCNF_0
000023c8   USBIEPCNF_1
000023d0   USBIEPCNF_2
000023d8   USBIEPCNF_3
000023e0   USBIEPCNF_4
000023e8   USBIEPCNF_5
000023f0   USBIEPCNF_6
000023f8   USBIEPCNF_7
00000921   USBIEPCNT_0
0000092e   USBIEPIE
00000930   USBIEPIFG
000023cf   USBIEPSIZXY_1
000023d7   USBIEPSIZXY_2
000023df   USBIEPSIZXY_3
000023e7   USBIEPSIZXY_4
000023ef   USBIEPSIZXY_5
000023f7   USBIEPSIZXY_6
000023ff   USBIEPSIZXY_7
0000093e   USBIFG
00000900   USBKEYID
00000901   USBKEYID_H
00000900   USBKEYID_L
00000936   USBMAINT
00000937   USBMAINT_H
00000936   USBMAINT_L
00002370   USBOEP0BUF
00002389   USBOEPBBAX_1
00002391   USBOEPBBAX_2
00002399   USBOEPBBAX_3
000023a1   USBOEPBBAX_4
000023a9   USBOEPBBAX_5
000023b1   USBOEPBBAX_6
000023b9   USBOEPBBAX_7
0000238d   USBOEPBBAY_1
00002395   USBOEPBBAY_2
0000239d   USBOEPBBAY_3
000023a5   USBOEPBBAY_4
000023ad   USBOEPBBAY_5
000023b5   USBOEPBBAY_6
000023bd   USBOEPBBAY_7
0000238a   USBOEPBCTX_1
00002392   USBOEPBCTX_2
0000239a   USBOEPBCTX_3
000023a2   USBOEPBCTX_4
000023aa   USBOEPBCTX_5
000023b2   USBOEPBCTX_6
000023ba   USBOEPBCTX_7
0000238e   USBOEPBCTY_1
00002396   USBOEPBCTY_2
0000239e   USBOEPBCTY_3
000023a6   USBOEPBCTY_4
000023ae   USBOEPBCTY_5
000023b6   USBOEPBCTY_6
000023be   USBOEPBCTY_7
00000922   USBOEPCNF_0
00002388   USBOEPCNF_1
00002390   USBOEPCNF_2
00002398   USBOEPCNF_3
000023a0   USBOEPCNF_4
000023a8   USBOEPCNF_5
000023b0   USBOEPCNF_6
000023b8   USBOEPCNF_7
00000923   USBOEPCNT_0
0000092f   USBOEPIE
00000931   USBOEPIFG
0000238f   USBOEPSIZXY_1
00002397   USBOEPSIZXY_2
0000239f   USBOEPSIZXY_3
000023a7   USBOEPSIZXY_4
000023af   USBOEPSIZXY_5
000023b7   USBOEPSIZXY_6
000023bf   USBOEPSIZXY_7
00000904   USBPHYCTL
00000905   USBPHYCTL_H
00000904   USBPHYCTL_L
00000910   USBPLLCTL
00000911   USBPLLCTL_H
00000910   USBPLLCTL_L
00000912   USBPLLDIVB
00000913   USBPLLDIVB_H
00000912   USBPLLDIVB_L
00000914   USBPLLIR
00000915   USBPLLIR_H
00000914   USBPLLIR_L
00000908   USBPWRCTL
00000909   USBPWRCTL_H
00000908   USBPWRCTL_L
00001c00   USBSTABUFF
00002380   USBSUBLK
0000236f   USBTOPBUFF
00000938   USBTSREG
00000939   USBTSREG_H
00000938   USBTSREG_L
00000932   USBVECINT
00000933   USBVECINT_H
00000932   USBVECINT_L
00013e4a   USCI_B_SPI_clearInterruptFlag
00013ebe   USCI_B_SPI_enable
00013e78   USCI_B_SPI_getInterruptStatus
00013e56   USCI_B_SPI_isBusy
000134e2   USCI_B_SPI_masterInit
00013eaa   USCI_B_SPI_receiveData
00013e82   USCI_B_SPI_transmitData
0000015c   WDTCTL
0000015d   WDTCTL_H
0000015c   WDTCTL_L
00013d84   WDT_A_hold
0000448c   WDT_ISR
00013698   Wheel_getValue
00013c82   Wheel_init
00004400   __STACK_END
000000a0   __STACK_SIZE
00004d12   __TI_CINIT_Base
00004d22   __TI_CINIT_Limit
00004d00   __TI_Handler_Table_Base
00004d0c   __TI_Handler_Table_Limit
UNDEFED    __TI_INITARRAY_Base
UNDEFED    __TI_INITARRAY_Limit
00013ec4   __TI_ISR_TRAP
00000001   __TI_args_main
00013d9a   __TI_decompress_none
00013eca   __TI_decompress_rle24
00000001   __TI_exit
00010e62   __TI_frcmpyd
0000ffd2   __TI_int41
0000ffd4   __TI_int42
0000ffd6   __TI_int43
0000ffd8   __TI_int44
0000ffda   __TI_int45
0000ffdc   __TI_int46
0000ffde   __TI_int47
0000ffe0   __TI_int48
0000ffe2   __TI_int49
0000ffe4   __TI_int50
0000ffe6   __TI_int51
0000ffe8   __TI_int52
0000ffea   __TI_int53
0000ffec   __TI_int54
0000ffee   __TI_int55
0000fff0   __TI_int56
0000fff2   __TI_int57
0000fff4   __TI_int58
0000fff6   __TI_int59
0000fff8   __TI_int60
0000fffa   __TI_int61
0000fffc   __TI_int62
000120fe   __TI_printfi_minimal
00013ca8   __TI_zero_init
ffffffff   __binit__
ffffffff   __c_args__
0001377c   __mspabi_cmpf
00013c04   __mspabi_divi
00013894   __mspabi_divli
00013db0   __mspabi_divu
000135ee   __mspabi_divul
00013c5a   __mspabi_fixdi
00013300   __mspabi_fixdli
00013232   __mspabi_fixfi
00013e62   __mspabi_fltid
00013ab2   __mspabi_fltif
0001297a   __mspabi_fltlid
00013ccc   __mspabi_fltuf
000113d6   __mspabi_mpyd
00013dc6   __mspabi_mpyi_f5hw
00013cf0   __mspabi_mpyl_f5hw
00013c04   __mspabi_remi
00013894   __mspabi_remli
00013db0   __mspabi_remu
000135ee   __mspabi_remul
00013e96   __mspabi_slli
000139c6   __mspabi_slll_1
000139a2   __mspabi_slll_10
0001399e   __mspabi_slll_11
0001399a   __mspabi_slll_12
00013996   __mspabi_slll_13
00013992   __mspabi_slll_14
0001398e   __mspabi_slll_15
000139c2   __mspabi_slll_2
000139be   __mspabi_slll_3
000139ba   __mspabi_slll_4
000139b6   __mspabi_slll_5
000139b2   __mspabi_slll_6
000139ae   __mspabi_slll_7
000139aa   __mspabi_slll_8
000139a6   __mspabi_slll_9
00013e8c   __mspabi_srai
00013988   __mspabi_sral_1
00013964   __mspabi_sral_10
00013960   __mspabi_sral_11
0001395c   __mspabi_sral_12
00013958   __mspabi_sral_13
00013954   __mspabi_sral_14
00013950   __mspabi_sral_15
00013984   __mspabi_sral_2
00013980   __mspabi_sral_3
0001397c   __mspabi_sral_4
00013978   __mspabi_sral_5
00013974   __mspabi_sral_6
00013970   __mspabi_sral_7
0001396c   __mspabi_sral_8
00013968   __mspabi_sral_9
00013ea0   __mspabi_srli
00013e12   __mspabi_srll
00013a04   __mspabi_srll_1
000139e0   __mspabi_srll_10
000139dc   __mspabi_srll_11
000139d8   __mspabi_srll_12
000139d4   __mspabi_srll_13
000139d0   __mspabi_srll_14
000139cc   __mspabi_srll_15
00013a00   __mspabi_srll_2
000139fc   __mspabi_srll_3
000139f8   __mspabi_srll_4
000139f4   __mspabi_srll_5
000139f0   __mspabi_srll_6
000139ec   __mspabi_srll_7
000139e8   __mspabi_srll_8
000139e4   __mspabi_srll_9
0001284e   _auto_init_hold_wdt
000044a6   _c_int00
000044a6   _c_int00_noexit
0000fffe   _reset_vector
00004360   _stack
00013ed0   _system_pre_init
00013ed4   abort
00002792   backlight
00002752   big_blink
ffffffff   binit
00002796   buttonDebounce
00002798   buttonsPressed
0000274c   calibrated_F
00002748   calibrated_adc
0000274a   calibrated_steady
00002793   contrast
00002762   counter_BigB
0000275a   crest
00002791   currentColumn
00002790   currentPage
00002740   dcval
0000276c   disp_counter
0000279c   dogs102x6Memory
00002794   drawmode
00002aee   eeprom_address
00002768   exec_counter
00002744   fourier_offset
00002ace   g_sContext
00004c80   g_sDogs102x64_UC1701
00004bb8   g_sFontFixed6x8
00012cc8   highlight_and_print_string
0000274e   i
0001353c   lcd_init
00010694   main
0000275c   max_input
0000276a   max_menu
00013d12   memccpy
00013c30   memcpy
00013d32   memset
00002764   menu
00002766   option
00010b4c   plot
00002af0   positionData
00002af2   positionDataOld
000127b4   print_int
00012d42   print_string
00011bf6   set_up
00002750   small_blink
00012e34   snprintf
00002756   steady_crest
00002754   steady_trough
00002730   stringWidth
00013e00   strlen
00002738   temp
0000273c   tempF
00002760   temp_BigB
0000277e   total_options
00002758   trough
0000279a   ucBacklightLevel
0000279b   ucContrast
0000275e   view_counter


GLOBAL SYMBOLS: SORTED BY Symbol Address 

address    name
--------   ----
00000001   __TI_args_main
00000001   __TI_exit
000000a0   __STACK_SIZE
00000100   SFRIE1
00000100   SFRIE1_L
00000101   SFRIE1_H
00000102   SFRIFG1
00000102   SFRIFG1_L
00000103   SFRIFG1_H
00000104   SFRRPCR
00000104   SFRRPCR_L
00000105   SFRRPCR_H
00000120   PMMCTL0
00000120   PMMCTL0_L
00000121   PMMCTL0_H
00000122   PMMCTL1
00000122   PMMCTL1_L
00000123   PMMCTL1_H
00000124   SVSMHCTL
00000124   SVSMHCTL_L
00000125   SVSMHCTL_H
00000126   SVSMLCTL
00000126   SVSMLCTL_L
00000127   SVSMLCTL_H
00000128   SVSMIO
00000128   SVSMIO_L
00000129   SVSMIO_H
0000012c   PMMIFG
0000012c   PMMIFG_L
0000012d   PMMIFG_H
0000012e   PMMRIE
0000012e   PMMRIE_L
0000012f   PMMRIE_H
00000130   PM5CTL0
00000130   PM5CTL0_L
00000131   PM5CTL0_H
00000140   FCTL1
00000140   FCTL1_L
00000141   FCTL1_H
00000144   FCTL3
00000144   FCTL3_L
00000145   FCTL3_H
00000146   FCTL4
00000146   FCTL4_L
00000147   FCTL4_H
00000150   CRCDI
00000150   CRCDI_L
00000151   CRCDI_H
00000152   CRCDIRB
00000152   CRCDIRB_L
00000153   CRCDIRB_H
00000154   CRCINIRES
00000154   CRCINIRES_L
00000155   CRCINIRES_H
00000156   CRCRESR
00000156   CRCRESR_L
00000157   CRCRESR_H
00000158   RCCTL0
00000158   RCCTL0_L
00000159   RCCTL0_H
0000015c   WDTCTL
0000015c   WDTCTL_L
0000015d   WDTCTL_H
00000160   UCSCTL0
00000160   UCSCTL0_L
00000161   UCSCTL0_H
00000162   UCSCTL1
00000162   UCSCTL1_L
00000163   UCSCTL1_H
00000164   UCSCTL2
00000164   UCSCTL2_L
00000165   UCSCTL2_H
00000166   UCSCTL3
00000166   UCSCTL3_L
00000167   UCSCTL3_H
00000168   UCSCTL4
00000168   UCSCTL4_L
00000169   UCSCTL4_H
0000016a   UCSCTL5
0000016a   UCSCTL5_L
0000016b   UCSCTL5_H
0000016c   UCSCTL6
0000016c   UCSCTL6_L
0000016d   UCSCTL6_H
0000016e   UCSCTL7
0000016e   UCSCTL7_L
0000016f   UCSCTL7_H
00000170   UCSCTL8
00000170   UCSCTL8_L
00000171   UCSCTL8_H
00000180   SYSCTL
00000180   SYSCTL_L
00000181   SYSCTL_H
00000182   SYSBSLC
00000182   SYSBSLC_L
00000183   SYSBSLC_H
00000186   SYSJMBC
00000186   SYSJMBC_L
00000187   SYSJMBC_H
00000188   SYSJMBI0
00000188   SYSJMBI0_L
00000189   SYSJMBI0_H
0000018a   SYSJMBI1
0000018a   SYSJMBI1_L
0000018b   SYSJMBI1_H
0000018c   SYSJMBO0
0000018c   SYSJMBO0_L
0000018d   SYSJMBO0_H
0000018e   SYSJMBO1
0000018e   SYSJMBO1_L
0000018f   SYSJMBO1_H
00000198   SYSBERRIV
00000198   SYSBERRIV_L
00000199   SYSBERRIV_H
0000019a   SYSUNIV
0000019a   SYSUNIV_L
0000019b   SYSUNIV_H
0000019c   SYSSNIV
0000019c   SYSSNIV_L
0000019d   SYSSNIV_H
0000019e   SYSRSTIV
0000019e   SYSRSTIV_L
0000019f   SYSRSTIV_H
000001b0   REFCTL0
000001b0   REFCTL0_L
000001b1   REFCTL0_H
000001c0   PMAPKEYID
000001c0   PMAPKEYID_L
000001c1   PMAPKEYID_H
000001c2   PMAPCTL
000001c2   PMAPCTL_L
000001c3   PMAPCTL_H
000001e0   P4MAP01
000001e0   P4MAP01_L
000001e1   P4MAP01_H
000001e2   P4MAP23
000001e2   P4MAP23_L
000001e3   P4MAP23_H
000001e4   P4MAP45
000001e4   P4MAP45_L
000001e5   P4MAP45_H
000001e6   P4MAP67
000001e6   P4MAP67_L
000001e7   P4MAP67_H
00000200   PAIN
00000200   PAIN_L
00000201   PAIN_H
00000202   PAOUT
00000202   PAOUT_L
00000203   PAOUT_H
00000204   PADIR
00000204   PADIR_L
00000205   PADIR_H
00000206   PAREN
00000206   PAREN_L
00000207   PAREN_H
00000208   PADS
00000208   PADS_L
00000209   PADS_H
0000020a   PASEL
0000020a   PASEL_L
0000020b   PASEL_H
0000020e   P1IV
00000218   PAIES
00000218   PAIES_L
00000219   PAIES_H
0000021a   PAIE
0000021a   PAIE_L
0000021b   PAIE_H
0000021c   PAIFG
0000021c   PAIFG_L
0000021d   PAIFG_H
0000021e   P2IV
00000220   PBIN
00000220   PBIN_L
00000221   PBIN_H
00000222   PBOUT
00000222   PBOUT_L
00000223   PBOUT_H
00000224   PBDIR
00000224   PBDIR_L
00000225   PBDIR_H
00000226   PBREN
00000226   PBREN_L
00000227   PBREN_H
00000228   PBDS
00000228   PBDS_L
00000229   PBDS_H
0000022a   PBSEL
0000022a   PBSEL_L
0000022b   PBSEL_H
00000240   PCIN
00000240   PCIN_L
00000241   PCIN_H
00000242   PCOUT
00000242   PCOUT_L
00000243   PCOUT_H
00000244   PCDIR
00000244   PCDIR_L
00000245   PCDIR_H
00000246   PCREN
00000246   PCREN_L
00000247   PCREN_H
00000248   PCDS
00000248   PCDS_L
00000249   PCDS_H
0000024a   PCSEL
0000024a   PCSEL_L
0000024b   PCSEL_H
00000260   PDIN
00000260   PDIN_L
00000261   PDIN_H
00000262   PDOUT
00000262   PDOUT_L
00000263   PDOUT_H
00000264   PDDIR
00000264   PDDIR_L
00000265   PDDIR_H
00000266   PDREN
00000266   PDREN_L
00000267   PDREN_H
00000268   PDDS
00000268   PDDS_L
00000269   PDDS_H
0000026a   PDSEL
0000026a   PDSEL_L
0000026b   PDSEL_H
00000320   PJIN
00000320   PJIN_L
00000321   PJIN_H
00000322   PJOUT
00000322   PJOUT_L
00000323   PJOUT_H
00000324   PJDIR
00000324   PJDIR_L
00000325   PJDIR_H
00000326   PJREN
00000326   PJREN_L
00000327   PJREN_H
00000328   PJDS
00000328   PJDS_L
00000329   PJDS_H
00000340   TA0CTL
00000342   TA0CCTL0
00000344   TA0CCTL1
00000346   TA0CCTL2
00000348   TA0CCTL3
0000034a   TA0CCTL4
00000350   TA0R
00000352   TA0CCR0
00000354   TA0CCR1
00000356   TA0CCR2
00000358   TA0CCR3
0000035a   TA0CCR4
00000360   TA0EX0
0000036e   TA0IV
00000380   TA1CTL
00000382   TA1CCTL0
00000384   TA1CCTL1
00000386   TA1CCTL2
00000390   TA1R
00000392   TA1CCR0
00000394   TA1CCR1
00000396   TA1CCR2
000003a0   TA1EX0
000003ae   TA1IV
000003c0   TB0CTL
000003c2   TB0CCTL0
000003c4   TB0CCTL1
000003c6   TB0CCTL2
000003c8   TB0CCTL3
000003ca   TB0CCTL4
000003cc   TB0CCTL5
000003ce   TB0CCTL6
000003d0   TB0R
000003d2   TB0CCR0
000003d4   TB0CCR1
000003d6   TB0CCR2
000003d8   TB0CCR3
000003da   TB0CCR4
000003dc   TB0CCR5
000003de   TB0CCR6
000003e0   TB0EX0
000003ee   TB0IV
00000400   TA2CTL
00000402   TA2CCTL0
00000404   TA2CCTL1
00000406   TA2CCTL2
00000410   TA2R
00000412   TA2CCR0
00000414   TA2CCR1
00000416   TA2CCR2
00000420   TA2EX0
0000042e   TA2IV
000004a0   RTCCTL01
000004a0   RTCCTL01_L
000004a1   RTCCTL01_H
000004a2   RTCCTL23
000004a2   RTCCTL23_L
000004a3   RTCCTL23_H
000004a8   RTCPS0CTL
000004a8   RTCPS0CTL_L
000004a9   RTCPS0CTL_H
000004aa   RTCPS1CTL
000004aa   RTCPS1CTL_L
000004ab   RTCPS1CTL_H
000004ac   RTCPS
000004ac   RTCPS_L
000004ad   RTCPS_H
000004ae   RTCIV
000004b0   RTCTIM0
000004b0   RTCTIM0_L
000004b1   RTCTIM0_H
000004b2   RTCTIM1
000004b2   RTCTIM1_L
000004b3   RTCTIM1_H
000004b4   RTCDATE
000004b4   RTCDATE_L
000004b5   RTCDATE_H
000004b6   RTCYEAR
000004b6   RTCYEAR_L
000004b7   RTCYEAR_H
000004b8   RTCAMINHR
000004b8   RTCAMINHR_L
000004b9   RTCAMINHR_H
000004ba   RTCADOWDAY
000004ba   RTCADOWDAY_L
000004bb   RTCADOWDAY_H
000004c0   MPY
000004c0   MPY_L
000004c1   MPY_H
000004c2   MPYS
000004c2   MPYS_L
000004c3   MPYS_H
000004c4   MAC
000004c4   MAC_L
000004c5   MAC_H
000004c6   MACS
000004c6   MACS_L
000004c7   MACS_H
000004c8   OP2
000004c8   OP2_L
000004c9   OP2_H
000004ca   RESLO
000004ca   RESLO_L
000004cb   RESLO_H
000004cc   RESHI
000004cc   RESHI_L
000004cd   RESHI_H
000004ce   SUMEXT
000004ce   SUMEXT_L
000004cf   SUMEXT_H
000004d0   MPY32L
000004d0   MPY32L_L
000004d1   MPY32L_H
000004d2   MPY32H
000004d2   MPY32H_L
000004d3   MPY32H_H
000004d4   MPYS32L
000004d4   MPYS32L_L
000004d5   MPYS32L_H
000004d6   MPYS32H
000004d6   MPYS32H_L
000004d7   MPYS32H_H
000004d8   MAC32L
000004d8   MAC32L_L
000004d9   MAC32L_H
000004da   MAC32H
000004da   MAC32H_L
000004db   MAC32H_H
000004dc   MACS32L
000004dc   MACS32L_L
000004dd   MACS32L_H
000004de   MACS32H
000004de   MACS32H_L
000004df   MACS32H_H
000004e0   OP2L
000004e0   OP2L_L
000004e1   OP2L_H
000004e2   OP2H
000004e2   OP2H_L
000004e3   OP2H_H
000004e4   RES0
000004e4   RES0_L
000004e5   RES0_H
000004e6   RES1
000004e6   RES1_L
000004e7   RES1_H
000004e8   RES2
000004e8   RES2_L
000004e9   RES2_H
000004ea   RES3
000004ea   RES3_L
000004eb   RES3_H
000004ec   MPY32CTL0
000004ec   MPY32CTL0_L
000004ed   MPY32CTL0_H
00000500   DMACTL0
00000500   DMACTL0_L
00000501   DMACTL0_H
00000502   DMACTL1
00000502   DMACTL1_L
00000503   DMACTL1_H
00000504   DMACTL2
00000504   DMACTL2_L
00000505   DMACTL2_H
00000506   DMACTL3
00000506   DMACTL3_L
00000507   DMACTL3_H
00000508   DMACTL4
00000508   DMACTL4_L
00000509   DMACTL4_H
0000050e   DMAIV
0000050e   DMAIV_L
0000050f   DMAIV_H
00000510   DMA0CTL
00000510   DMA0CTL_L
00000511   DMA0CTL_H
00000512   DMA0SA
00000512   DMA0SAL
00000516   DMA0DA
00000516   DMA0DAL
0000051a   DMA0SZ
00000520   DMA1CTL
00000520   DMA1CTL_L
00000521   DMA1CTL_H
00000522   DMA1SA
00000522   DMA1SAL
00000526   DMA1DA
00000526   DMA1DAL
0000052a   DMA1SZ
00000530   DMA2CTL
00000530   DMA2CTL_L
00000531   DMA2CTL_H
00000532   DMA2SA
00000532   DMA2SAL
00000536   DMA2DA
00000536   DMA2DAL
0000053a   DMA2SZ
000005c0   UCA0CTLW0
000005c0   UCA0CTLW0_L
000005c1   UCA0CTLW0_H
000005c6   UCA0BRW
000005c6   UCA0BRW_L
000005c7   UCA0BRW_H
000005c8   UCA0MCTL
000005ca   UCA0STAT
000005cc   UCA0RXBUF
000005ce   UCA0TXBUF
000005d0   UCA0ABCTL
000005d2   UCA0IRCTL
000005d2   UCA0IRCTL_L
000005d3   UCA0IRCTL_H
000005dc   UCA0ICTL
000005dc   UCA0ICTL_L
000005dd   UCA0ICTL_H
000005de   UCA0IV
000005e0   UCB0CTLW0
000005e0   UCB0CTLW0_L
000005e1   UCB0CTLW0_H
000005e6   UCB0BRW
000005e6   UCB0BRW_L
000005e7   UCB0BRW_H
000005ea   UCB0STAT
000005ec   UCB0RXBUF
000005ee   UCB0TXBUF
000005f0   UCB0I2COA
000005f0   UCB0I2COA_L
000005f1   UCB0I2COA_H
000005f2   UCB0I2CSA
000005f2   UCB0I2CSA_L
000005f3   UCB0I2CSA_H
000005fc   UCB0ICTL
000005fc   UCB0ICTL_L
000005fd   UCB0ICTL_H
000005fe   UCB0IV
00000600   UCA1CTLW0
00000600   UCA1CTLW0_L
00000601   UCA1CTLW0_H
00000606   UCA1BRW
00000606   UCA1BRW_L
00000607   UCA1BRW_H
00000608   UCA1MCTL
0000060a   UCA1STAT
0000060c   UCA1RXBUF
0000060e   UCA1TXBUF
00000610   UCA1ABCTL
00000612   UCA1IRCTL
00000612   UCA1IRCTL_L
00000613   UCA1IRCTL_H
0000061c   UCA1ICTL
0000061c   UCA1ICTL_L
0000061d   UCA1ICTL_H
0000061e   UCA1IV
00000620   UCB1CTLW0
00000620   UCB1CTLW0_L
00000621   UCB1CTLW0_H
00000626   UCB1BRW
00000626   UCB1BRW_L
00000627   UCB1BRW_H
0000062a   UCB1STAT
0000062c   UCB1RXBUF
0000062e   UCB1TXBUF
00000630   UCB1I2COA
00000630   UCB1I2COA_L
00000631   UCB1I2COA_H
00000632   UCB1I2CSA
00000632   UCB1I2CSA_L
00000633   UCB1I2CSA_H
0000063c   UCB1ICTL
0000063c   UCB1ICTL_L
0000063d   UCB1ICTL_H
0000063e   UCB1IV
00000700   ADC12CTL0
00000700   ADC12CTL0_L
00000701   ADC12CTL0_H
00000702   ADC12CTL1
00000702   ADC12CTL1_L
00000703   ADC12CTL1_H
00000704   ADC12CTL2
00000704   ADC12CTL2_L
00000705   ADC12CTL2_H
0000070a   ADC12IFG
0000070a   ADC12IFG_L
0000070b   ADC12IFG_H
0000070c   ADC12IE
0000070c   ADC12IE_L
0000070d   ADC12IE_H
0000070e   ADC12IV
0000070e   ADC12IV_L
0000070f   ADC12IV_H
00000710   ADC12MCTL0
00000711   ADC12MCTL1
00000712   ADC12MCTL2
00000713   ADC12MCTL3
00000714   ADC12MCTL4
00000715   ADC12MCTL5
00000716   ADC12MCTL6
00000717   ADC12MCTL7
00000718   ADC12MCTL8
00000719   ADC12MCTL9
0000071a   ADC12MCTL10
0000071b   ADC12MCTL11
0000071c   ADC12MCTL12
0000071d   ADC12MCTL13
0000071e   ADC12MCTL14
0000071f   ADC12MCTL15
00000720   ADC12MEM0
00000720   ADC12MEM0_L
00000721   ADC12MEM0_H
00000722   ADC12MEM1
00000722   ADC12MEM1_L
00000723   ADC12MEM1_H
00000724   ADC12MEM2
00000724   ADC12MEM2_L
00000725   ADC12MEM2_H
00000726   ADC12MEM3
00000726   ADC12MEM3_L
00000727   ADC12MEM3_H
00000728   ADC12MEM4
00000728   ADC12MEM4_L
00000729   ADC12MEM4_H
0000072a   ADC12MEM5
0000072a   ADC12MEM5_L
0000072b   ADC12MEM5_H
0000072c   ADC12MEM6
0000072c   ADC12MEM6_L
0000072d   ADC12MEM6_H
0000072e   ADC12MEM7
0000072e   ADC12MEM7_L
0000072f   ADC12MEM7_H
00000730   ADC12MEM8
00000730   ADC12MEM8_L
00000731   ADC12MEM8_H
00000732   ADC12MEM9
00000732   ADC12MEM9_L
00000733   ADC12MEM9_H
00000734   ADC12MEM10
00000734   ADC12MEM10_L
00000735   ADC12MEM10_H
00000736   ADC12MEM11
00000736   ADC12MEM11_L
00000737   ADC12MEM11_H
00000738   ADC12MEM12
00000738   ADC12MEM12_L
00000739   ADC12MEM12_H
0000073a   ADC12MEM13
0000073a   ADC12MEM13_L
0000073b   ADC12MEM13_H
0000073c   ADC12MEM14
0000073c   ADC12MEM14_L
0000073d   ADC12MEM14_H
0000073e   ADC12MEM15
0000073e   ADC12MEM15_L
0000073f   ADC12MEM15_H
000008c0   CBCTL0
000008c0   CBCTL0_L
000008c1   CBCTL0_H
000008c2   CBCTL1
000008c2   CBCTL1_L
000008c3   CBCTL1_H
000008c4   CBCTL2
000008c4   CBCTL2_L
000008c5   CBCTL2_H
000008c6   CBCTL3
000008c6   CBCTL3_L
000008c7   CBCTL3_H
000008cc   CBINT
000008cc   CBINT_L
000008cd   CBINT_H
000008ce   CBIV
00000900   USBKEYID
00000900   USBKEYID_L
00000901   USBKEYID_H
00000902   USBCNF
00000902   USBCNF_L
00000903   USBCNF_H
00000904   USBPHYCTL
00000904   USBPHYCTL_L
00000905   USBPHYCTL_H
00000908   USBPWRCTL
00000908   USBPWRCTL_L
00000909   USBPWRCTL_H
00000910   USBPLLCTL
00000910   USBPLLCTL_L
00000911   USBPLLCTL_H
00000912   USBPLLDIVB
00000912   USBPLLDIVB_L
00000913   USBPLLDIVB_H
00000914   USBPLLIR
00000914   USBPLLIR_L
00000915   USBPLLIR_H
00000920   USBIEPCNF_0
00000921   USBIEPCNT_0
00000922   USBOEPCNF_0
00000923   USBOEPCNT_0
0000092e   USBIEPIE
0000092f   USBOEPIE
00000930   USBIEPIFG
00000931   USBOEPIFG
00000932   USBVECINT
00000932   USBVECINT_L
00000933   USBVECINT_H
00000936   USBMAINT
00000936   USBMAINT_L
00000937   USBMAINT_H
00000938   USBTSREG
00000938   USBTSREG_L
00000939   USBTSREG_H
0000093a   USBFN
0000093a   USBFN_L
0000093b   USBFN_H
0000093c   USBCTL
0000093d   USBIE
0000093e   USBIFG
0000093f   USBFUNADR
00001c00   USBSTABUFF
0000236f   USBTOPBUFF
00002370   USBOEP0BUF
00002378   USBIEP0BUF
00002380   USBSUBLK
00002388   USBOEPCNF_1
00002389   USBOEPBBAX_1
0000238a   USBOEPBCTX_1
0000238d   USBOEPBBAY_1
0000238e   USBOEPBCTY_1
0000238f   USBOEPSIZXY_1
00002390   USBOEPCNF_2
00002391   USBOEPBBAX_2
00002392   USBOEPBCTX_2
00002395   USBOEPBBAY_2
00002396   USBOEPBCTY_2
00002397   USBOEPSIZXY_2
00002398   USBOEPCNF_3
00002399   USBOEPBBAX_3
0000239a   USBOEPBCTX_3
0000239d   USBOEPBBAY_3
0000239e   USBOEPBCTY_3
0000239f   USBOEPSIZXY_3
000023a0   USBOEPCNF_4
000023a1   USBOEPBBAX_4
000023a2   USBOEPBCTX_4
000023a5   USBOEPBBAY_4
000023a6   USBOEPBCTY_4
000023a7   USBOEPSIZXY_4
000023a8   USBOEPCNF_5
000023a9   USBOEPBBAX_5
000023aa   USBOEPBCTX_5
000023ad   USBOEPBBAY_5
000023ae   USBOEPBCTY_5
000023af   USBOEPSIZXY_5
000023b0   USBOEPCNF_6
000023b1   USBOEPBBAX_6
000023b2   USBOEPBCTX_6
000023b5   USBOEPBBAY_6
000023b6   USBOEPBCTY_6
000023b7   USBOEPSIZXY_6
000023b8   USBOEPCNF_7
000023b9   USBOEPBBAX_7
000023ba   USBOEPBCTX_7
000023bd   USBOEPBBAY_7
000023be   USBOEPBCTY_7
000023bf   USBOEPSIZXY_7
000023c8   USBIEPCNF_1
000023c9   USBIEPBBAX_1
000023ca   USBIEPBCTX_1
000023cd   USBIEPBBAY_1
000023ce   USBIEPBCTY_1
000023cf   USBIEPSIZXY_1
000023d0   USBIEPCNF_2
000023d1   USBIEPBBAX_2
000023d2   USBIEPBCTX_2
000023d5   USBIEPBBAY_2
000023d6   USBIEPBCTY_2
000023d7   USBIEPSIZXY_2
000023d8   USBIEPCNF_3
000023d9   USBIEPBBAX_3
000023da   USBIEPBCTX_3
000023dd   USBIEPBBAY_3
000023de   USBIEPBCTY_3
000023df   USBIEPSIZXY_3
000023e0   USBIEPCNF_4
000023e1   USBIEPBBAX_4
000023e2   USBIEPBCTX_4
000023e5   USBIEPBBAY_4
000023e6   USBIEPBCTY_4
000023e7   USBIEPSIZXY_4
000023e8   USBIEPCNF_5
000023e9   USBIEPBBAX_5
000023ea   USBIEPBCTX_5
000023ed   USBIEPBBAY_5
000023ee   USBIEPBCTY_5
000023ef   USBIEPSIZXY_5
000023f0   USBIEPCNF_6
000023f1   USBIEPBBAX_6
000023f2   USBIEPBCTX_6
000023f5   USBIEPBBAY_6
000023f6   USBIEPBCTY_6
000023f7   USBIEPSIZXY_6
000023f8   USBIEPCNF_7
000023f9   USBIEPBBAX_7
000023fa   USBIEPBCTX_7
000023fd   USBIEPBBAY_7
000023fe   USBIEPBCTY_7
000023ff   USBIEPSIZXY_7
00002400   DOGS102x64Memory
00002730   stringWidth
00002734   AdcThreshold
00002738   temp
0000273c   tempF
00002740   dcval
00002744   fourier_offset
00002746   ON
00002748   calibrated_adc
0000274a   calibrated_steady
0000274c   calibrated_F
0000274e   i
00002750   small_blink
00002752   big_blink
00002754   steady_trough
00002756   steady_crest
00002758   trough
0000275a   crest
0000275c   max_input
0000275e   view_counter
00002760   temp_BigB
00002762   counter_BigB
00002764   menu
00002766   option
00002768   exec_counter
0000276a   max_menu
0000276c   disp_counter
0000276e   Dogs102x6_initMacro
0000277e   total_options
00002788   UCS_XT1ClockFrequency
0000278c   UCS_XT2ClockFrequency
00002790   currentPage
00002791   currentColumn
00002792   backlight
00002793   contrast
00002794   drawmode
00002796   buttonDebounce
00002798   buttonsPressed
0000279a   ucBacklightLevel
0000279b   ucContrast
0000279c   dogs102x6Memory
00002ace   g_sContext
00002aea   FThreshold
00002aee   eeprom_address
00002af0   positionData
00002af2   positionDataOld
00004360   _stack
00004400   Port1_ISR
00004400   __STACK_END
00004446   Port2_ISR
0000448c   WDT_ISR
000044a6   _c_int00
000044a6   _c_int00_noexit
000044c0   ADC12_ISR
00004bb8   g_sFontFixed6x8
00004c80   g_sDogs102x64_UC1701
00004d00   __TI_Handler_Table_Base
00004d0c   __TI_Handler_Table_Limit
00004d12   __TI_CINIT_Base
00004d22   __TI_CINIT_Limit
0000ffd2   __TI_int41
0000ffd4   __TI_int42
0000ffd6   __TI_int43
0000ffd8   __TI_int44
0000ffda   __TI_int45
0000ffdc   __TI_int46
0000ffde   __TI_int47
0000ffe0   __TI_int48
0000ffe2   __TI_int49
0000ffe4   __TI_int50
0000ffe6   __TI_int51
0000ffe8   __TI_int52
0000ffea   __TI_int53
0000ffec   __TI_int54
0000ffee   __TI_int55
0000fff0   __TI_int56
0000fff2   __TI_int57
0000fff4   __TI_int58
0000fff6   __TI_int59
0000fff8   __TI_int60
0000fffa   __TI_int61
0000fffc   __TI_int62
0000fffe   _reset_vector
00010000   GrStringDraw
00010694   main
00010b4c   plot
00010e62   __TI_frcmpyd
000113d6   __mspabi_mpyd
00011942   Dogs102x64_UC1701Init
00011aa8   Dogs102x6_verticalLineDraw
00011bf6   set_up
00011d20   Dogs102x6_lineDraw
00011f38   Board_init
0001201c   UCS_initFLL
000120fe   __TI_printfi_minimal
000122aa   PMM_setVCoreUp
000124fe   GrLineDrawH
000125be   Dogs102x6_writeData
0001266c   Dogs102x6_horizontalLineDraw
00012716   Dogs102x64_setBacklight
000127b4   print_int
0001284e   _auto_init_hold_wdt
000128e6   PMM_setVCoreDown
0001297a   __mspabi_fltlid
00012aa0   GPIO_setAsOutputPin
00012b2e   GPIO_setAsPeripheralModuleFunctionOutputPin
00012bbc   Dogs102x64_fillScreen
00012c42   Dogs102x6_charDraw
00012cc8   highlight_and_print_string
00012d42   print_string
00012dbc   Dogs102x6_init
00012e34   snprintf
00012f22   Dogs102x6_pixelDraw
00012f98   Dogs102x6_stringDraw
0001300a   GPIO_setOutputHighOnPin
0001307a   GPIO_setOutputLowOnPin
00013232   __mspabi_fixfi
0001329a   Dogs102x6_setAddress
00013300   __mspabi_fixdli
000133c8   Dogs102x64_backlightInit
00013488   TIMER_B_startUpMode
000134e2   USCI_B_SPI_masterInit
0001353c   lcd_init
000135ee   __mspabi_divul
000135ee   __mspabi_remul
00013646   Dogs102x64_UC1701ClearDisplay
00013698   Wheel_getValue
00013732   PMM_setVCore
0001377c   __mspabi_cmpf
0001380e   UCS_LFXT1Start
00013854   Dogs102x6_writeCommand
00013894   __mspabi_divli
00013894   __mspabi_remli
000138d4   Dogs102x6_setBacklight
00013950   __mspabi_sral_15
00013954   __mspabi_sral_14
00013958   __mspabi_sral_13
0001395c   __mspabi_sral_12
00013960   __mspabi_sral_11
00013964   __mspabi_sral_10
00013968   __mspabi_sral_9
0001396c   __mspabi_sral_8
00013970   __mspabi_sral_7
00013974   __mspabi_sral_6
00013978   __mspabi_sral_5
0001397c   __mspabi_sral_4
00013980   __mspabi_sral_3
00013984   __mspabi_sral_2
00013988   __mspabi_sral_1
0001398e   __mspabi_slll_15
00013992   __mspabi_slll_14
00013996   __mspabi_slll_13
0001399a   __mspabi_slll_12
0001399e   __mspabi_slll_11
000139a2   __mspabi_slll_10
000139a6   __mspabi_slll_9
000139aa   __mspabi_slll_8
000139ae   __mspabi_slll_7
000139b2   __mspabi_slll_6
000139b6   __mspabi_slll_5
000139ba   __mspabi_slll_4
000139be   __mspabi_slll_3
000139c2   __mspabi_slll_2
000139c6   __mspabi_slll_1
000139cc   __mspabi_srll_15
000139d0   __mspabi_srll_14
000139d4   __mspabi_srll_13
000139d8   __mspabi_srll_12
000139dc   __mspabi_srll_11
000139e0   __mspabi_srll_10
000139e4   __mspabi_srll_9
000139e8   __mspabi_srll_8
000139ec   __mspabi_srll_7
000139f0   __mspabi_srll_6
000139f4   __mspabi_srll_5
000139f8   __mspabi_srll_4
000139fc   __mspabi_srll_3
00013a00   __mspabi_srll_2
00013a04   __mspabi_srll_1
00013a0a   GrContextInit
00013a7c   Dogs102x6_clearScreen
00013ab2   __mspabi_fltif
00013ae8   Dogs102x6_setContrast
00013b1a   UCS_initFLLSettle
00013b4c   Dogs102x6_backlightInit
00013b7c   NumLeadingZeros
00013bd8   TIMER_B_initCompare
00013c04   __mspabi_divi
00013c04   __mspabi_remi
00013c30   memcpy
00013c5a   __mspabi_fixdi
00013c82   Wheel_init
00013ca8   __TI_zero_init
00013ccc   __mspabi_fltuf
00013cf0   __mspabi_mpyl_f5hw
00013d12   memccpy
00013d32   memset
00013d6c   UCS_getSMCLK
00013d84   WDT_A_hold
00013d9a   __TI_decompress_none
00013db0   __mspabi_divu
00013db0   __mspabi_remu
00013dc6   __mspabi_mpyi_f5hw
00013ddc   Buttons_interruptEnable
00013dee   UCS_setExternalClockSource
00013e00   strlen
00013e12   __mspabi_srll
00013e22   Buttons_init
00013e30   TIMER_B_stop
00013e3e   TIMER_B_setCompareValue
00013e4a   USCI_B_SPI_clearInterruptFlag
00013e56   USCI_B_SPI_isBusy
00013e62   __mspabi_fltid
00013e6e   TIMER_B_getCaptureCompareCount
00013e78   USCI_B_SPI_getInterruptStatus
00013e82   USCI_B_SPI_transmitData
00013e8c   __mspabi_srai
00013e96   __mspabi_slli
00013ea0   __mspabi_srli
00013eaa   USCI_B_SPI_receiveData
00013eb2   SFR_enableInterrupt
00013eb8   TIMER_B_startCounter
00013ebe   USCI_B_SPI_enable
00013ec4   __TI_ISR_TRAP
00013eca   __TI_decompress_rle24
00013ed0   _system_pre_init
00013ed4   C$$EXIT
00013ed4   abort
ffffffff   __binit__
ffffffff   __c_args__
ffffffff   binit
UNDEFED    __TI_INITARRAY_Base
UNDEFED    __TI_INITARRAY_Limit

[978 symbols]
