<?xml version="1.0"?>
<link_info>
   <banner>MSP430 Linker PC v4.3.3</banner>
   <copyright>Copyright (c) 2003-2014 Texas Instruments Incorporated</copyright>
   <link_time>0x5689e955</link_time>
   <link_errors>0x0</link_errors>
   <output_file>blinkSpeach.out</output_file>
   <entry_point>
      <name>_c_int00</name>
      <address>0x44a6</address>
   </entry_point>
   <input_file_list>
      <input_file id="fl-2">
         <path>.\</path>
         <kind>object</kind>
         <file>HAL_Board.obj</file>
         <name>HAL_Board.obj</name>
      </input_file>
      <input_file id="fl-3">
         <path>.\</path>
         <kind>object</kind>
         <file>HAL_Buttons.obj</file>
         <name>HAL_Buttons.obj</name>
      </input_file>
      <input_file id="fl-4">
         <path>.\</path>
         <kind>object</kind>
         <file>HAL_Dogs102x6.obj</file>
         <name>HAL_Dogs102x6.obj</name>
      </input_file>
      <input_file id="fl-5">
         <path>.\</path>
         <kind>object</kind>
         <file>HAL_Wheel.obj</file>
         <name>HAL_Wheel.obj</name>
      </input_file>
      <input_file id="fl-6">
         <path>.\</path>
         <kind>object</kind>
         <file>main.obj</file>
         <name>main.obj</name>
      </input_file>
      <input_file id="fl-7">
         <path>.\grlib\</path>
         <kind>object</kind>
         <file>circle.obj</file>
         <name>circle.obj</name>
      </input_file>
      <input_file id="fl-8">
         <path>.\grlib\</path>
         <kind>object</kind>
         <file>context.obj</file>
         <name>context.obj</name>
      </input_file>
      <input_file id="fl-9">
         <path>.\grlib\</path>
         <kind>object</kind>
         <file>image.obj</file>
         <name>image.obj</name>
      </input_file>
      <input_file id="fl-a">
         <path>.\grlib\</path>
         <kind>object</kind>
         <file>line.obj</file>
         <name>line.obj</name>
      </input_file>
      <input_file id="fl-b">
         <path>.\grlib\</path>
         <kind>object</kind>
         <file>rectangle.obj</file>
         <name>rectangle.obj</name>
      </input_file>
      <input_file id="fl-c">
         <path>.\grlib\</path>
         <kind>object</kind>
         <file>string.obj</file>
         <name>string.obj</name>
      </input_file>
      <input_file id="fl-d">
         <path>.\fonts\</path>
         <kind>object</kind>
         <file>fontfixed6x8.obj</file>
         <name>fontfixed6x8.obj</name>
      </input_file>
      <input_file id="fl-e">
         <path>.\driverlib\MSP430F5xx_6xx\</path>
         <kind>object</kind>
         <file>adc10_a.obj</file>
         <name>adc10_a.obj</name>
      </input_file>
      <input_file id="fl-f">
         <path>.\driverlib\MSP430F5xx_6xx\</path>
         <kind>object</kind>
         <file>adc12_a.obj</file>
         <name>adc12_a.obj</name>
      </input_file>
      <input_file id="fl-10">
         <path>.\driverlib\MSP430F5xx_6xx\</path>
         <kind>object</kind>
         <file>aes.obj</file>
         <name>aes.obj</name>
      </input_file>
      <input_file id="fl-11">
         <path>.\driverlib\MSP430F5xx_6xx\</path>
         <kind>object</kind>
         <file>bak_batt.obj</file>
         <name>bak_batt.obj</name>
      </input_file>
      <input_file id="fl-12">
         <path>.\driverlib\MSP430F5xx_6xx\</path>
         <kind>object</kind>
         <file>comp_b.obj</file>
         <name>comp_b.obj</name>
      </input_file>
      <input_file id="fl-13">
         <path>.\driverlib\MSP430F5xx_6xx\</path>
         <kind>object</kind>
         <file>crc.obj</file>
         <name>crc.obj</name>
      </input_file>
      <input_file id="fl-14">
         <path>.\driverlib\MSP430F5xx_6xx\</path>
         <kind>object</kind>
         <file>dac12_a.obj</file>
         <name>dac12_a.obj</name>
      </input_file>
      <input_file id="fl-15">
         <path>.\driverlib\MSP430F5xx_6xx\</path>
         <kind>object</kind>
         <file>dma.obj</file>
         <name>dma.obj</name>
      </input_file>
      <input_file id="fl-16">
         <path>.\driverlib\MSP430F5xx_6xx\</path>
         <kind>object</kind>
         <file>eusci_a_spi.obj</file>
         <name>eusci_a_spi.obj</name>
      </input_file>
      <input_file id="fl-17">
         <path>.\driverlib\MSP430F5xx_6xx\</path>
         <kind>object</kind>
         <file>eusci_a_uart.obj</file>
         <name>eusci_a_uart.obj</name>
      </input_file>
      <input_file id="fl-18">
         <path>.\driverlib\MSP430F5xx_6xx\</path>
         <kind>object</kind>
         <file>eusci_b_i2c.obj</file>
         <name>eusci_b_i2c.obj</name>
      </input_file>
      <input_file id="fl-19">
         <path>.\driverlib\MSP430F5xx_6xx\</path>
         <kind>object</kind>
         <file>eusci_b_spi.obj</file>
         <name>eusci_b_spi.obj</name>
      </input_file>
      <input_file id="fl-1a">
         <path>.\driverlib\MSP430F5xx_6xx\</path>
         <kind>object</kind>
         <file>eusci_i2c.obj</file>
         <name>eusci_i2c.obj</name>
      </input_file>
      <input_file id="fl-1b">
         <path>.\driverlib\MSP430F5xx_6xx\</path>
         <kind>object</kind>
         <file>eusci_spi.obj</file>
         <name>eusci_spi.obj</name>
      </input_file>
      <input_file id="fl-1c">
         <path>.\driverlib\MSP430F5xx_6xx\</path>
         <kind>object</kind>
         <file>eusci_uart.obj</file>
         <name>eusci_uart.obj</name>
      </input_file>
      <input_file id="fl-1d">
         <path>.\driverlib\MSP430F5xx_6xx\</path>
         <kind>object</kind>
         <file>flash.obj</file>
         <name>flash.obj</name>
      </input_file>
      <input_file id="fl-1e">
         <path>.\driverlib\MSP430F5xx_6xx\</path>
         <kind>object</kind>
         <file>gpio.obj</file>
         <name>gpio.obj</name>
      </input_file>
      <input_file id="fl-1f">
         <path>.\driverlib\MSP430F5xx_6xx\</path>
         <kind>object</kind>
         <file>ldopwr.obj</file>
         <name>ldopwr.obj</name>
      </input_file>
      <input_file id="fl-20">
         <path>.\driverlib\MSP430F5xx_6xx\</path>
         <kind>object</kind>
         <file>mpy32.obj</file>
         <name>mpy32.obj</name>
      </input_file>
      <input_file id="fl-21">
         <path>.\driverlib\MSP430F5xx_6xx\</path>
         <kind>object</kind>
         <file>pmap.obj</file>
         <name>pmap.obj</name>
      </input_file>
      <input_file id="fl-22">
         <path>.\driverlib\MSP430F5xx_6xx\</path>
         <kind>object</kind>
         <file>pmm.obj</file>
         <name>pmm.obj</name>
      </input_file>
      <input_file id="fl-23">
         <path>.\driverlib\MSP430F5xx_6xx\</path>
         <kind>object</kind>
         <file>ram.obj</file>
         <name>ram.obj</name>
      </input_file>
      <input_file id="fl-24">
         <path>.\driverlib\MSP430F5xx_6xx\</path>
         <kind>object</kind>
         <file>ref.obj</file>
         <name>ref.obj</name>
      </input_file>
      <input_file id="fl-25">
         <path>.\driverlib\MSP430F5xx_6xx\</path>
         <kind>object</kind>
         <file>rtc_a.obj</file>
         <name>rtc_a.obj</name>
      </input_file>
      <input_file id="fl-26">
         <path>.\driverlib\MSP430F5xx_6xx\</path>
         <kind>object</kind>
         <file>rtc_b.obj</file>
         <name>rtc_b.obj</name>
      </input_file>
      <input_file id="fl-27">
         <path>.\driverlib\MSP430F5xx_6xx\</path>
         <kind>object</kind>
         <file>rtc_c.obj</file>
         <name>rtc_c.obj</name>
      </input_file>
      <input_file id="fl-28">
         <path>.\driverlib\MSP430F5xx_6xx\</path>
         <kind>object</kind>
         <file>sd24_b.obj</file>
         <name>sd24_b.obj</name>
      </input_file>
      <input_file id="fl-29">
         <path>.\driverlib\MSP430F5xx_6xx\</path>
         <kind>object</kind>
         <file>sfr.obj</file>
         <name>sfr.obj</name>
      </input_file>
      <input_file id="fl-2a">
         <path>.\driverlib\MSP430F5xx_6xx\</path>
         <kind>object</kind>
         <file>sys.obj</file>
         <name>sys.obj</name>
      </input_file>
      <input_file id="fl-2b">
         <path>.\driverlib\MSP430F5xx_6xx\</path>
         <kind>object</kind>
         <file>tec.obj</file>
         <name>tec.obj</name>
      </input_file>
      <input_file id="fl-2c">
         <path>.\driverlib\MSP430F5xx_6xx\</path>
         <kind>object</kind>
         <file>timer_a.obj</file>
         <name>timer_a.obj</name>
      </input_file>
      <input_file id="fl-2d">
         <path>.\driverlib\MSP430F5xx_6xx\</path>
         <kind>object</kind>
         <file>timer_b.obj</file>
         <name>timer_b.obj</name>
      </input_file>
      <input_file id="fl-2e">
         <path>.\driverlib\MSP430F5xx_6xx\</path>
         <kind>object</kind>
         <file>timer_d.obj</file>
         <name>timer_d.obj</name>
      </input_file>
      <input_file id="fl-2f">
         <path>.\driverlib\MSP430F5xx_6xx\</path>
         <kind>object</kind>
         <file>tlv.obj</file>
         <name>tlv.obj</name>
      </input_file>
      <input_file id="fl-30">
         <path>.\driverlib\MSP430F5xx_6xx\</path>
         <kind>object</kind>
         <file>ucs.obj</file>
         <name>ucs.obj</name>
      </input_file>
      <input_file id="fl-31">
         <path>.\driverlib\MSP430F5xx_6xx\</path>
         <kind>object</kind>
         <file>usci_a_spi.obj</file>
         <name>usci_a_spi.obj</name>
      </input_file>
      <input_file id="fl-32">
         <path>.\driverlib\MSP430F5xx_6xx\</path>
         <kind>object</kind>
         <file>usci_a_uart.obj</file>
         <name>usci_a_uart.obj</name>
      </input_file>
      <input_file id="fl-33">
         <path>.\driverlib\MSP430F5xx_6xx\</path>
         <kind>object</kind>
         <file>usci_b_i2c.obj</file>
         <name>usci_b_i2c.obj</name>
      </input_file>
      <input_file id="fl-34">
         <path>.\driverlib\MSP430F5xx_6xx\</path>
         <kind>object</kind>
         <file>usci_b_spi.obj</file>
         <name>usci_b_spi.obj</name>
      </input_file>
      <input_file id="fl-35">
         <path>.\driverlib\MSP430F5xx_6xx\</path>
         <kind>object</kind>
         <file>usci_i2c.obj</file>
         <name>usci_i2c.obj</name>
      </input_file>
      <input_file id="fl-36">
         <path>.\driverlib\MSP430F5xx_6xx\</path>
         <kind>object</kind>
         <file>usci_spi.obj</file>
         <name>usci_spi.obj</name>
      </input_file>
      <input_file id="fl-37">
         <path>.\driverlib\MSP430F5xx_6xx\</path>
         <kind>object</kind>
         <file>usci_uart.obj</file>
         <name>usci_uart.obj</name>
      </input_file>
      <input_file id="fl-38">
         <path>.\driverlib\MSP430F5xx_6xx\</path>
         <kind>object</kind>
         <file>wdt_a.obj</file>
         <name>wdt_a.obj</name>
      </input_file>
      <input_file id="fl-39">
         <path>.\driverlib\MSP430F5xx_6xx\deprecated\</path>
         <kind>object</kind>
         <file>dma.obj</file>
         <name>dma.obj</name>
      </input_file>
      <input_file id="fl-3a">
         <path>.\driverlib\MSP430F5xx_6xx\deprecated\</path>
         <kind>object</kind>
         <file>flash.obj</file>
         <name>flash.obj</name>
      </input_file>
      <input_file id="fl-3b">
         <path>.\driverlib\MSP430F5xx_6xx\deprecated\</path>
         <kind>object</kind>
         <file>mpy32.obj</file>
         <name>mpy32.obj</name>
      </input_file>
      <input_file id="fl-3c">
         <path>.\driverlib\MSP430F5xx_6xx\deprecated\</path>
         <kind>object</kind>
         <file>pmm.obj</file>
         <name>pmm.obj</name>
      </input_file>
      <input_file id="fl-3d">
         <path>.\driverlib\MSP430F5xx_6xx\deprecated\</path>
         <kind>object</kind>
         <file>ram.obj</file>
         <name>ram.obj</name>
      </input_file>
      <input_file id="fl-3e">
         <path>.\driverlib\MSP430F5xx_6xx\deprecated\</path>
         <kind>object</kind>
         <file>sfr.obj</file>
         <name>sfr.obj</name>
      </input_file>
      <input_file id="fl-3f">
         <path>.\driverlib\MSP430F5xx_6xx\deprecated\</path>
         <kind>object</kind>
         <file>sys.obj</file>
         <name>sys.obj</name>
      </input_file>
      <input_file id="fl-40">
         <path>.\driverlib\MSP430F5xx_6xx\deprecated\</path>
         <kind>object</kind>
         <file>ucs.obj</file>
         <name>ucs.obj</name>
      </input_file>
      <input_file id="fl-41">
         <path>.\LcdDriver\</path>
         <kind>object</kind>
         <file>Dogs102x64_UC1701.obj</file>
         <name>Dogs102x64_UC1701.obj</name>
      </input_file>
      <input_file id="fl-42">
         <path>.\Images\</path>
         <kind>object</kind>
         <file>LPRocket_96x37.obj</file>
         <name>LPRocket_96x37.obj</name>
      </input_file>
      <input_file id="fl-43">
         <path>.\Images\</path>
         <kind>object</kind>
         <file>TI_Logo_69x64.obj</file>
         <name>TI_Logo_69x64.obj</name>
      </input_file>
      <input_file id="fl-72">
         <path>c:\ti\ccsv6\tools\compiler\msp430_4.3.3\lib\</path>
         <kind>archive</kind>
         <file>rts430x_lc_ld_eabi.lib</file>
         <name>addd.obj</name>
      </input_file>
      <input_file id="fl-73">
         <path>c:\ti\ccsv6\tools\compiler\msp430_4.3.3\lib\</path>
         <kind>archive</kind>
         <file>rts430x_lc_ld_eabi.lib</file>
         <name>asr16.obj</name>
      </input_file>
      <input_file id="fl-74">
         <path>c:\ti\ccsv6\tools\compiler\msp430_4.3.3\lib\</path>
         <kind>archive</kind>
         <file>rts430x_lc_ld_eabi.lib</file>
         <name>boot.obj</name>
      </input_file>
      <input_file id="fl-75">
         <path>c:\ti\ccsv6\tools\compiler\msp430_4.3.3\lib\</path>
         <kind>archive</kind>
         <file>rts430x_lc_ld_eabi.lib</file>
         <name>copy_decompress_none.obj</name>
      </input_file>
      <input_file id="fl-76">
         <path>c:\ti\ccsv6\tools\compiler\msp430_4.3.3\lib\</path>
         <kind>archive</kind>
         <file>rts430x_lc_ld_eabi.lib</file>
         <name>copy_decompress_rle.obj</name>
      </input_file>
      <input_file id="fl-77">
         <path>c:\ti\ccsv6\tools\compiler\msp430_4.3.3\lib\</path>
         <kind>archive</kind>
         <file>rts430x_lc_ld_eabi.lib</file>
         <name>copy_zero_init.obj</name>
      </input_file>
      <input_file id="fl-78">
         <path>c:\ti\ccsv6\tools\compiler\msp430_4.3.3\lib\</path>
         <kind>archive</kind>
         <file>rts430x_lc_ld_eabi.lib</file>
         <name>cos.obj</name>
      </input_file>
      <input_file id="fl-79">
         <path>c:\ti\ccsv6\tools\compiler\msp430_4.3.3\lib\</path>
         <kind>archive</kind>
         <file>rts430x_lc_ld_eabi.lib</file>
         <name>cvtdf.obj</name>
      </input_file>
      <input_file id="fl-7a">
         <path>c:\ti\ccsv6\tools\compiler\msp430_4.3.3\lib\</path>
         <kind>archive</kind>
         <file>rts430x_lc_ld_eabi.lib</file>
         <name>cvtfd.obj</name>
      </input_file>
      <input_file id="fl-7b">
         <path>c:\ti\ccsv6\tools\compiler\msp430_4.3.3\lib\</path>
         <kind>archive</kind>
         <file>rts430x_lc_ld_eabi.lib</file>
         <name>div16s.obj</name>
      </input_file>
      <input_file id="fl-7c">
         <path>c:\ti\ccsv6\tools\compiler\msp430_4.3.3\lib\</path>
         <kind>archive</kind>
         <file>rts430x_lc_ld_eabi.lib</file>
         <name>div16u.obj</name>
      </input_file>
      <input_file id="fl-7d">
         <path>c:\ti\ccsv6\tools\compiler\msp430_4.3.3\lib\</path>
         <kind>archive</kind>
         <file>rts430x_lc_ld_eabi.lib</file>
         <name>div32s.obj</name>
      </input_file>
      <input_file id="fl-7e">
         <path>c:\ti\ccsv6\tools\compiler\msp430_4.3.3\lib\</path>
         <kind>archive</kind>
         <file>rts430x_lc_ld_eabi.lib</file>
         <name>div32u.obj</name>
      </input_file>
      <input_file id="fl-7f">
         <path>c:\ti\ccsv6\tools\compiler\msp430_4.3.3\lib\</path>
         <kind>archive</kind>
         <file>rts430x_lc_ld_eabi.lib</file>
         <name>divd.obj</name>
      </input_file>
      <input_file id="fl-80">
         <path>c:\ti\ccsv6\tools\compiler\msp430_4.3.3\lib\</path>
         <kind>archive</kind>
         <file>rts430x_lc_ld_eabi.lib</file>
         <name>exit.obj</name>
      </input_file>
      <input_file id="fl-81">
         <path>c:\ti\ccsv6\tools\compiler\msp430_4.3.3\lib\</path>
         <kind>archive</kind>
         <file>rts430x_lc_ld_eabi.lib</file>
         <name>fixdi.obj</name>
      </input_file>
      <input_file id="fl-82">
         <path>c:\ti\ccsv6\tools\compiler\msp430_4.3.3\lib\</path>
         <kind>archive</kind>
         <file>rts430x_lc_ld_eabi.lib</file>
         <name>fixdli.obj</name>
      </input_file>
      <input_file id="fl-83">
         <path>c:\ti\ccsv6\tools\compiler\msp430_4.3.3\lib\</path>
         <kind>archive</kind>
         <file>rts430x_lc_ld_eabi.lib</file>
         <name>fltid.obj</name>
      </input_file>
      <input_file id="fl-84">
         <path>c:\ti\ccsv6\tools\compiler\msp430_4.3.3\lib\</path>
         <kind>archive</kind>
         <file>rts430x_lc_ld_eabi.lib</file>
         <name>fltlid.obj</name>
      </input_file>
      <input_file id="fl-85">
         <path>c:\ti\ccsv6\tools\compiler\msp430_4.3.3\lib\</path>
         <kind>archive</kind>
         <file>rts430x_lc_ld_eabi.lib</file>
         <name>frcaddd.obj</name>
      </input_file>
      <input_file id="fl-86">
         <path>c:\ti\ccsv6\tools\compiler\msp430_4.3.3\lib\</path>
         <kind>archive</kind>
         <file>rts430x_lc_ld_eabi.lib</file>
         <name>frcdivd.obj</name>
      </input_file>
      <input_file id="fl-87">
         <path>c:\ti\ccsv6\tools\compiler\msp430_4.3.3\lib\</path>
         <kind>archive</kind>
         <file>rts430x_lc_ld_eabi.lib</file>
         <name>fs_add.obj</name>
      </input_file>
      <input_file id="fl-88">
         <path>c:\ti\ccsv6\tools\compiler\msp430_4.3.3\lib\</path>
         <kind>archive</kind>
         <file>rts430x_lc_ld_eabi.lib</file>
         <name>fs_cmp.obj</name>
      </input_file>
      <input_file id="fl-89">
         <path>c:\ti\ccsv6\tools\compiler\msp430_4.3.3\lib\</path>
         <kind>archive</kind>
         <file>rts430x_lc_ld_eabi.lib</file>
         <name>fs_itof.obj</name>
      </input_file>
      <input_file id="fl-8a">
         <path>c:\ti\ccsv6\tools\compiler\msp430_4.3.3\lib\</path>
         <kind>archive</kind>
         <file>rts430x_lc_ld_eabi.lib</file>
         <name>fs_mpy.obj</name>
      </input_file>
      <input_file id="fl-8b">
         <path>c:\ti\ccsv6\tools\compiler\msp430_4.3.3\lib\</path>
         <kind>archive</kind>
         <file>rts430x_lc_ld_eabi.lib</file>
         <name>fs_toi.obj</name>
      </input_file>
      <input_file id="fl-8c">
         <path>c:\ti\ccsv6\tools\compiler\msp430_4.3.3\lib\</path>
         <kind>archive</kind>
         <file>rts430x_lc_ld_eabi.lib</file>
         <name>fs_utof.obj</name>
      </input_file>
      <input_file id="fl-8d">
         <path>c:\ti\ccsv6\tools\compiler\msp430_4.3.3\lib\</path>
         <kind>archive</kind>
         <file>rts430x_lc_ld_eabi.lib</file>
         <name>int41.obj</name>
      </input_file>
      <input_file id="fl-8e">
         <path>c:\ti\ccsv6\tools\compiler\msp430_4.3.3\lib\</path>
         <kind>archive</kind>
         <file>rts430x_lc_ld_eabi.lib</file>
         <name>int43.obj</name>
      </input_file>
      <input_file id="fl-8f">
         <path>c:\ti\ccsv6\tools\compiler\msp430_4.3.3\lib\</path>
         <kind>archive</kind>
         <file>rts430x_lc_ld_eabi.lib</file>
         <name>int44.obj</name>
      </input_file>
      <input_file id="fl-90">
         <path>c:\ti\ccsv6\tools\compiler\msp430_4.3.3\lib\</path>
         <kind>archive</kind>
         <file>rts430x_lc_ld_eabi.lib</file>
         <name>int45.obj</name>
      </input_file>
      <input_file id="fl-91">
         <path>c:\ti\ccsv6\tools\compiler\msp430_4.3.3\lib\</path>
         <kind>archive</kind>
         <file>rts430x_lc_ld_eabi.lib</file>
         <name>int46.obj</name>
      </input_file>
      <input_file id="fl-92">
         <path>c:\ti\ccsv6\tools\compiler\msp430_4.3.3\lib\</path>
         <kind>archive</kind>
         <file>rts430x_lc_ld_eabi.lib</file>
         <name>int48.obj</name>
      </input_file>
      <input_file id="fl-93">
         <path>c:\ti\ccsv6\tools\compiler\msp430_4.3.3\lib\</path>
         <kind>archive</kind>
         <file>rts430x_lc_ld_eabi.lib</file>
         <name>int49.obj</name>
      </input_file>
      <input_file id="fl-94">
         <path>c:\ti\ccsv6\tools\compiler\msp430_4.3.3\lib\</path>
         <kind>archive</kind>
         <file>rts430x_lc_ld_eabi.lib</file>
         <name>int50.obj</name>
      </input_file>
      <input_file id="fl-95">
         <path>c:\ti\ccsv6\tools\compiler\msp430_4.3.3\lib\</path>
         <kind>archive</kind>
         <file>rts430x_lc_ld_eabi.lib</file>
         <name>int51.obj</name>
      </input_file>
      <input_file id="fl-96">
         <path>c:\ti\ccsv6\tools\compiler\msp430_4.3.3\lib\</path>
         <kind>archive</kind>
         <file>rts430x_lc_ld_eabi.lib</file>
         <name>int52.obj</name>
      </input_file>
      <input_file id="fl-97">
         <path>c:\ti\ccsv6\tools\compiler\msp430_4.3.3\lib\</path>
         <kind>archive</kind>
         <file>rts430x_lc_ld_eabi.lib</file>
         <name>int53.obj</name>
      </input_file>
      <input_file id="fl-98">
         <path>c:\ti\ccsv6\tools\compiler\msp430_4.3.3\lib\</path>
         <kind>archive</kind>
         <file>rts430x_lc_ld_eabi.lib</file>
         <name>int55.obj</name>
      </input_file>
      <input_file id="fl-99">
         <path>c:\ti\ccsv6\tools\compiler\msp430_4.3.3\lib\</path>
         <kind>archive</kind>
         <file>rts430x_lc_ld_eabi.lib</file>
         <name>int56.obj</name>
      </input_file>
      <input_file id="fl-9a">
         <path>c:\ti\ccsv6\tools\compiler\msp430_4.3.3\lib\</path>
         <kind>archive</kind>
         <file>rts430x_lc_ld_eabi.lib</file>
         <name>int58.obj</name>
      </input_file>
      <input_file id="fl-9b">
         <path>c:\ti\ccsv6\tools\compiler\msp430_4.3.3\lib\</path>
         <kind>archive</kind>
         <file>rts430x_lc_ld_eabi.lib</file>
         <name>int59.obj</name>
      </input_file>
      <input_file id="fl-9c">
         <path>c:\ti\ccsv6\tools\compiler\msp430_4.3.3\lib\</path>
         <kind>archive</kind>
         <file>rts430x_lc_ld_eabi.lib</file>
         <name>int60.obj</name>
      </input_file>
      <input_file id="fl-9d">
         <path>c:\ti\ccsv6\tools\compiler\msp430_4.3.3\lib\</path>
         <kind>archive</kind>
         <file>rts430x_lc_ld_eabi.lib</file>
         <name>int61.obj</name>
      </input_file>
      <input_file id="fl-9e">
         <path>c:\ti\ccsv6\tools\compiler\msp430_4.3.3\lib\</path>
         <kind>archive</kind>
         <file>rts430x_lc_ld_eabi.lib</file>
         <name>int62.obj</name>
      </input_file>
      <input_file id="fl-9f">
         <path>c:\ti\ccsv6\tools\compiler\msp430_4.3.3\lib\</path>
         <kind>archive</kind>
         <file>rts430x_lc_ld_eabi.lib</file>
         <name>isr_trap.obj</name>
      </input_file>
      <input_file id="fl-a0">
         <path>c:\ti\ccsv6\tools\compiler\msp430_4.3.3\lib\</path>
         <kind>archive</kind>
         <file>rts430x_lc_ld_eabi.lib</file>
         <name>lsl16.obj</name>
      </input_file>
      <input_file id="fl-a1">
         <path>c:\ti\ccsv6\tools\compiler\msp430_4.3.3\lib\</path>
         <kind>archive</kind>
         <file>rts430x_lc_ld_eabi.lib</file>
         <name>lsl32.obj</name>
      </input_file>
      <input_file id="fl-a2">
         <path>c:\ti\ccsv6\tools\compiler\msp430_4.3.3\lib\</path>
         <kind>archive</kind>
         <file>rts430x_lc_ld_eabi.lib</file>
         <name>lsr16.obj</name>
      </input_file>
      <input_file id="fl-a3">
         <path>c:\ti\ccsv6\tools\compiler\msp430_4.3.3\lib\</path>
         <kind>archive</kind>
         <file>rts430x_lc_ld_eabi.lib</file>
         <name>lsr32.obj</name>
      </input_file>
      <input_file id="fl-a4">
         <path>c:\ti\ccsv6\tools\compiler\msp430_4.3.3\lib\</path>
         <kind>archive</kind>
         <file>rts430x_lc_ld_eabi.lib</file>
         <name>memcpy.obj</name>
      </input_file>
      <input_file id="fl-a5">
         <path>c:\ti\ccsv6\tools\compiler\msp430_4.3.3\lib\</path>
         <kind>archive</kind>
         <file>rts430x_lc_ld_eabi.lib</file>
         <name>memset.obj</name>
      </input_file>
      <input_file id="fl-a6">
         <path>c:\ti\ccsv6\tools\compiler\msp430_4.3.3\lib\</path>
         <kind>archive</kind>
         <file>rts430x_lc_ld_eabi.lib</file>
         <name>mpu_init.obj</name>
      </input_file>
      <input_file id="fl-a7">
         <path>c:\ti\ccsv6\tools\compiler\msp430_4.3.3\lib\</path>
         <kind>archive</kind>
         <file>rts430x_lc_ld_eabi.lib</file>
         <name>mpyd.obj</name>
      </input_file>
      <input_file id="fl-a8">
         <path>c:\ti\ccsv6\tools\compiler\msp430_4.3.3\lib\</path>
         <kind>archive</kind>
         <file>rts430x_lc_ld_eabi.lib</file>
         <name>mult16_f5hw.obj</name>
      </input_file>
      <input_file id="fl-a9">
         <path>c:\ti\ccsv6\tools\compiler\msp430_4.3.3\lib\</path>
         <kind>archive</kind>
         <file>rts430x_lc_ld_eabi.lib</file>
         <name>mult32_f5hw.obj</name>
      </input_file>
      <input_file id="fl-aa">
         <path>c:\ti\ccsv6\tools\compiler\msp430_4.3.3\lib\</path>
         <kind>archive</kind>
         <file>rts430x_lc_ld_eabi.lib</file>
         <name>pow.obj</name>
      </input_file>
      <input_file id="fl-ab">
         <path>c:\ti\ccsv6\tools\compiler\msp430_4.3.3\lib\</path>
         <kind>archive</kind>
         <file>rts430x_lc_ld_eabi.lib</file>
         <name>pre_init.obj</name>
      </input_file>
      <input_file id="fl-ac">
         <path>c:\ti\ccsv6\tools\compiler\msp430_4.3.3\lib\</path>
         <kind>archive</kind>
         <file>rts430x_lc_ld_eabi.lib</file>
         <name>renormd.obj</name>
      </input_file>
      <input_file id="fl-ad">
         <path>c:\ti\ccsv6\tools\compiler\msp430_4.3.3\lib\</path>
         <kind>archive</kind>
         <file>rts430x_lc_ld_eabi.lib</file>
         <name>sin.obj</name>
      </input_file>
      <input_file id="fl-ae">
         <path>c:\ti\ccsv6\tools\compiler\msp430_4.3.3\lib\</path>
         <kind>archive</kind>
         <file>rts430x_lc_ld_eabi.lib</file>
         <name>snprintf.obj</name>
      </input_file>
      <input_file id="fl-af">
         <path>c:\ti\ccsv6\tools\compiler\msp430_4.3.3\lib\</path>
         <kind>archive</kind>
         <file>rts430x_lc_ld_eabi.lib</file>
         <name>subd.obj</name>
      </input_file>
      <input_file id="fl-b0">
         <path>c:\ti\ccsv6\tools\compiler\msp430_4.3.3\lib\</path>
         <kind>archive</kind>
         <file>rts430x_lc_ld_eabi.lib</file>
         <name>xdint.obj</name>
      </input_file>
      <input_file id="fl-b1">
         <path>c:\ti\ccsv6\tools\compiler\msp430_4.3.3\lib\</path>
         <kind>archive</kind>
         <file>rts430x_lc_ld_eabi.lib</file>
         <name>xdunscal.obj</name>
      </input_file>
      <input_file id="fl-b2">
         <path>c:\ti\ccsv6\tools\compiler\msp430_4.3.3\lib\</path>
         <kind>archive</kind>
         <file>rts430x_lc_ld_eabi.lib</file>
         <name>xexp.obj</name>
      </input_file>
      <input_file id="fl-b3">
         <path>c:\ti\ccsv6\tools\compiler\msp430_4.3.3\lib\</path>
         <kind>archive</kind>
         <file>rts430x_lc_ld_eabi.lib</file>
         <name>xferaise.obj</name>
      </input_file>
      <input_file id="fl-b4">
         <path>c:\ti\ccsv6\tools\compiler\msp430_4.3.3\lib\</path>
         <kind>archive</kind>
         <file>rts430x_lc_ld_eabi.lib</file>
         <name>xsin.obj</name>
      </input_file>
      <input_file id="fl-b5">
         <path>c:\ti\ccsv6\tools\compiler\msp430_4.3.3\lib\</path>
         <kind>archive</kind>
         <file>rts430x_lc_ld_eabi.lib</file>
         <name>xvalues.obj</name>
      </input_file>
      <input_file id="fl-b6">
         <path>c:\ti\ccsv6\tools\compiler\msp430_4.3.3\lib\</path>
         <kind>archive</kind>
         <file>rts430x_lc_ld_eabi.lib</file>
         <name>_lock.obj</name>
      </input_file>
      <input_file id="fl-b7">
         <path>c:\ti\ccsv6\tools\compiler\msp430_4.3.3\lib\</path>
         <kind>archive</kind>
         <file>rts430x_lc_ld_eabi.lib</file>
         <name>_printfi_min.obj</name>
      </input_file>
      <input_file id="fl-b8">
         <path>c:\ti\ccsv6\tools\compiler\msp430_4.3.3\lib\</path>
         <kind>archive</kind>
         <file>rts430x_lc_ld_eabi.lib</file>
         <name>args_main.obj</name>
      </input_file>
      <input_file id="fl-b9">
         <path>c:\ti\ccsv6\tools\compiler\msp430_4.3.3\lib\</path>
         <kind>archive</kind>
         <file>rts430x_lc_ld_eabi.lib</file>
         <name>asr32.obj</name>
      </input_file>
      <input_file id="fl-ba">
         <path>c:\ti\ccsv6\tools\compiler\msp430_4.3.3\lib\</path>
         <kind>archive</kind>
         <file>rts430x_lc_ld_eabi.lib</file>
         <name>autoinit.obj</name>
      </input_file>
      <input_file id="fl-bb">
         <path>c:\ti\ccsv6\tools\compiler\msp430_4.3.3\lib\</path>
         <kind>archive</kind>
         <file>rts430x_lc_ld_eabi.lib</file>
         <name>cmpd.obj</name>
      </input_file>
      <input_file id="fl-bc">
         <path>c:\ti\ccsv6\tools\compiler\msp430_4.3.3\lib\</path>
         <kind>archive</kind>
         <file>rts430x_lc_ld_eabi.lib</file>
         <name>errno.obj</name>
      </input_file>
      <input_file id="fl-bd">
         <path>c:\ti\ccsv6\tools\compiler\msp430_4.3.3\lib\</path>
         <kind>archive</kind>
         <file>rts430x_lc_ld_eabi.lib</file>
         <name>feraiseexcept.obj</name>
      </input_file>
      <input_file id="fl-be">
         <path>c:\ti\ccsv6\tools\compiler\msp430_4.3.3\lib\</path>
         <kind>archive</kind>
         <file>rts430x_lc_ld_eabi.lib</file>
         <name>fmod.obj</name>
      </input_file>
      <input_file id="fl-bf">
         <path>c:\ti\ccsv6\tools\compiler\msp430_4.3.3\lib\</path>
         <kind>archive</kind>
         <file>rts430x_lc_ld_eabi.lib</file>
         <name>frcmpyd.obj</name>
      </input_file>
      <input_file id="fl-c0">
         <path>c:\ti\ccsv6\tools\compiler\msp430_4.3.3\lib\</path>
         <kind>archive</kind>
         <file>rts430x_lc_ld_eabi.lib</file>
         <name>llmath.obj</name>
      </input_file>
      <input_file id="fl-c1">
         <path>c:\ti\ccsv6\tools\compiler\msp430_4.3.3\lib\</path>
         <kind>archive</kind>
         <file>rts430x_lc_ld_eabi.lib</file>
         <name>log.obj</name>
      </input_file>
      <input_file id="fl-c2">
         <path>c:\ti\ccsv6\tools\compiler\msp430_4.3.3\lib\</path>
         <kind>archive</kind>
         <file>rts430x_lc_ld_eabi.lib</file>
         <name>memccpy.obj</name>
      </input_file>
      <input_file id="fl-c3">
         <path>c:\ti\ccsv6\tools\compiler\msp430_4.3.3\lib\</path>
         <kind>archive</kind>
         <file>rts430x_lc_ld_eabi.lib</file>
         <name>mult64_f5hw.obj</name>
      </input_file>
      <input_file id="fl-c4">
         <path>c:\ti\ccsv6\tools\compiler\msp430_4.3.3\lib\</path>
         <kind>archive</kind>
         <file>rts430x_lc_ld_eabi.lib</file>
         <name>negd.obj</name>
      </input_file>
      <input_file id="fl-c5">
         <path>c:\ti\ccsv6\tools\compiler\msp430_4.3.3\lib\</path>
         <kind>archive</kind>
         <file>rts430x_lc_ld_eabi.lib</file>
         <name>raise.obj</name>
      </input_file>
      <input_file id="fl-c6">
         <path>c:\ti\ccsv6\tools\compiler\msp430_4.3.3\lib\</path>
         <kind>archive</kind>
         <file>rts430x_lc_ld_eabi.lib</file>
         <name>signal.obj</name>
      </input_file>
      <input_file id="fl-c7">
         <path>c:\ti\ccsv6\tools\compiler\msp430_4.3.3\lib\</path>
         <kind>archive</kind>
         <file>rts430x_lc_ld_eabi.lib</file>
         <name>strlen.obj</name>
      </input_file>
      <input_file id="fl-c8">
         <path>c:\ti\ccsv6\tools\compiler\msp430_4.3.3\lib\</path>
         <kind>archive</kind>
         <file>rts430x_lc_ld_eabi.lib</file>
         <name>xdnorm.obj</name>
      </input_file>
      <input_file id="fl-c9">
         <path>c:\ti\ccsv6\tools\compiler\msp430_4.3.3\lib\</path>
         <kind>archive</kind>
         <file>rts430x_lc_ld_eabi.lib</file>
         <name>xdscale.obj</name>
      </input_file>
      <input_file id="fl-ca">
         <path>c:\ti\ccsv6\tools\compiler\msp430_4.3.3\lib\</path>
         <kind>archive</kind>
         <file>rts430x_lc_ld_eabi.lib</file>
         <name>xlog.obj</name>
      </input_file>
      <input_file id="fl-cb">
         <path>c:\ti\ccsv6\tools\compiler\msp430_4.3.3\lib\</path>
         <kind>archive</kind>
         <file>rts430x_lc_ld_eabi.lib</file>
         <name>fs_neg.obj</name>
      </input_file>
      <input_file id="fl-cc">
         <path>c:\ti\ccsv6\tools\compiler\msp430_4.3.3\lib\</path>
         <kind>archive</kind>
         <file>rts430x_lc_ld_eabi.lib</file>
         <name>llabs.obj</name>
      </input_file>
      <input_file id="fl-cd">
         <path>c:\ti\ccsv6\tools\compiler\msp430_4.3.3\lib\</path>
         <kind>archive</kind>
         <file>rts430x_lc_ld_eabi.lib</file>
         <name>xfvalues.obj</name>
      </input_file>
   </input_file_list>
   <object_component_list>
      <object_component id="oc-97">
         <name>.stack</name>
         <uninitialized>true</uninitialized>
         <run_address>0x4360</run_address>
         <size>0x4</size>
         <input_file_ref idref="fl-74"/>
      </object_component>
      <object_component id="oc-573">
         <name>.stack</name>
         <uninitialized>true</uninitialized>
         <run_address>0x4360</run_address>
         <size>0x0</size>
      </object_component>
      <object_component id="oc-1b9">
         <name>.text:GrStringDraw</name>
         <load_address>0x10000</load_address>
         <run_address>0x10000</run_address>
         <size>0x694</size>
         <input_file_ref idref="fl-c"/>
      </object_component>
      <object_component id="oc-b8">
         <name>.text:main</name>
         <load_address>0x10694</load_address>
         <run_address>0x10694</run_address>
         <size>0x4b8</size>
         <input_file_ref idref="fl-6"/>
      </object_component>
      <object_component id="oc-135">
         <name>.text:plot</name>
         <load_address>0x10b4c</load_address>
         <run_address>0x10b4c</run_address>
         <size>0x316</size>
         <input_file_ref idref="fl-6"/>
      </object_component>
      <object_component id="oc-307">
         <name>.text:__TI_frcmpyd</name>
         <load_address>0x10e62</load_address>
         <run_address>0x10e62</run_address>
         <size>0x2e4</size>
         <input_file_ref idref="fl-bf"/>
      </object_component>
      <object_component id="oc-38f">
         <name>.text:Dogs102x64_UC1701RectFill</name>
         <load_address>0x11146</load_address>
         <run_address>0x11146</run_address>
         <size>0x290</size>
         <input_file_ref idref="fl-41"/>
      </object_component>
      <object_component id="oc-223">
         <name>.text:__mspabi_mpyd</name>
         <load_address>0x113d6</load_address>
         <run_address>0x113d6</run_address>
         <size>0x282</size>
         <input_file_ref idref="fl-a7"/>
      </object_component>
      <object_component id="oc-3c0">
         <name>.text:_setfield</name>
         <load_address>0x11658</load_address>
         <run_address>0x11658</run_address>
         <size>0x17c</size>
         <input_file_ref idref="fl-b7"/>
      </object_component>
      <object_component id="oc-389">
         <name>.text:Dogs102x64_UC1701LineDrawV</name>
         <load_address>0x117d4</load_address>
         <run_address>0x117d4</run_address>
         <size>0x16e</size>
         <input_file_ref idref="fl-41"/>
      </object_component>
      <object_component id="oc-262">
         <name>.text:Dogs102x64_UC1701Init</name>
         <load_address>0x11942</load_address>
         <run_address>0x11942</run_address>
         <size>0x166</size>
         <input_file_ref idref="fl-41"/>
      </object_component>
      <object_component id="oc-2e3">
         <name>.text:Dogs102x6_verticalLineDraw</name>
         <load_address>0x11aa8</load_address>
         <run_address>0x11aa8</run_address>
         <size>0x14e</size>
         <input_file_ref idref="fl-4"/>
      </object_component>
      <object_component id="oc-107">
         <name>.text:set_up</name>
         <load_address>0x11bf6</load_address>
         <run_address>0x11bf6</run_address>
         <size>0x12a</size>
         <input_file_ref idref="fl-6"/>
      </object_component>
      <object_component id="oc-201">
         <name>.text:Dogs102x6_lineDraw</name>
         <load_address>0x11d20</load_address>
         <run_address>0x11d20</run_address>
         <size>0x126</size>
         <input_file_ref idref="fl-4"/>
      </object_component>
      <object_component id="oc-4c6">
         <name>.text:privateUCSSourceClockFromDCO</name>
         <load_address>0x11e46</load_address>
         <run_address>0x11e46</run_address>
         <size>0xf2</size>
         <input_file_ref idref="fl-30"/>
      </object_component>
      <object_component id="oc-16f">
         <name>.text:Board_init</name>
         <load_address>0x11f38</load_address>
         <run_address>0x11f38</run_address>
         <size>0xe4</size>
         <input_file_ref idref="fl-2"/>
      </object_component>
      <object_component id="oc-258">
         <name>.text:UCS_initFLL</name>
         <load_address>0x1201c</load_address>
         <run_address>0x1201c</run_address>
         <size>0xe2</size>
         <input_file_ref idref="fl-30"/>
      </object_component>
      <object_component id="oc-29d">
         <name>.text:__TI_printfi_minimal</name>
         <load_address>0x120fe</load_address>
         <run_address>0x120fe</run_address>
         <size>0xd6</size>
         <input_file_ref idref="fl-b7"/>
      </object_component>
      <object_component id="oc-42d">
         <name>.text:privateUCSComputeCLKFrequency</name>
         <load_address>0x121d4</load_address>
         <run_address>0x121d4</run_address>
         <size>0xd6</size>
         <input_file_ref idref="fl-30"/>
      </object_component>
      <object_component id="oc-250">
         <name>.text:PMM_setVCoreUp</name>
         <load_address>0x122aa</load_address>
         <run_address>0x122aa</run_address>
         <size>0xce</size>
         <input_file_ref idref="fl-22"/>
      </object_component>
      <object_component id="oc-4dc">
         <name>.text:privateTimerBProcessClockSourceDivider</name>
         <load_address>0x12378</load_address>
         <run_address>0x12378</run_address>
         <size>0xc4</size>
         <input_file_ref idref="fl-2d"/>
      </object_component>
      <object_component id="oc-37d">
         <name>.text:Dogs102x64_UC1701PixelDrawMultiple</name>
         <load_address>0x1243c</load_address>
         <run_address>0x1243c</run_address>
         <size>0xc2</size>
         <input_file_ref idref="fl-41"/>
      </object_component>
      <object_component id="oc-27e">
         <name>.text:GrLineDrawH</name>
         <load_address>0x124fe</load_address>
         <run_address>0x124fe</run_address>
         <size>0xc0</size>
         <input_file_ref idref="fl-a"/>
      </object_component>
      <object_component id="oc-2cf">
         <name>.text:Dogs102x6_writeData</name>
         <load_address>0x125be</load_address>
         <run_address>0x125be</run_address>
         <size>0xae</size>
         <input_file_ref idref="fl-4"/>
      </object_component>
      <object_component id="oc-2dd">
         <name>.text:Dogs102x6_horizontalLineDraw</name>
         <load_address>0x1266c</load_address>
         <run_address>0x1266c</run_address>
         <size>0xaa</size>
         <input_file_ref idref="fl-4"/>
      </object_component>
      <object_component id="oc-367">
         <name>.text:Dogs102x64_setBacklight</name>
         <load_address>0x12716</load_address>
         <run_address>0x12716</run_address>
         <size>0x9e</size>
         <input_file_ref idref="fl-41"/>
      </object_component>
      <object_component id="oc-12c">
         <name>.text:print_int</name>
         <load_address>0x127b4</load_address>
         <run_address>0x127b4</run_address>
         <size>0x9a</size>
         <input_file_ref idref="fl-6"/>
      </object_component>
      <object_component id="oc-b2">
         <name>.text:_auto_init_hold_wdt</name>
         <load_address>0x1284e</load_address>
         <run_address>0x1284e</run_address>
         <size>0x98</size>
         <input_file_ref idref="fl-ba"/>
      </object_component>
      <object_component id="oc-24a">
         <name>.text:PMM_setVCoreDown</name>
         <load_address>0x128e6</load_address>
         <run_address>0x128e6</run_address>
         <size>0x94</size>
         <input_file_ref idref="fl-22"/>
      </object_component>
      <object_component id="oc-2ff">
         <name>.text:__mspabi_fltlid</name>
         <load_address>0x1297a</load_address>
         <run_address>0x1297a</run_address>
         <size>0x94</size>
         <input_file_ref idref="fl-84"/>
      </object_component>
      <object_component id="oc-383">
         <name>.text:Dogs102x64_UC1701LineDrawH</name>
         <load_address>0x12a0e</load_address>
         <run_address>0x12a0e</run_address>
         <size>0x92</size>
         <input_file_ref idref="fl-41"/>
      </object_component>
      <object_component id="oc-328">
         <name>.text:GPIO_setAsOutputPin</name>
         <load_address>0x12aa0</load_address>
         <run_address>0x12aa0</run_address>
         <size>0x8e</size>
         <input_file_ref idref="fl-1e"/>
      </object_component>
      <object_component id="oc-33a">
         <name>.text:GPIO_setAsPeripheralModuleFunctionOutputPin</name>
         <load_address>0x12b2e</load_address>
         <run_address>0x12b2e</run_address>
         <size>0x8e</size>
         <input_file_ref idref="fl-1e"/>
      </object_component>
      <object_component id="oc-36d">
         <name>.text:Dogs102x64_fillScreen</name>
         <load_address>0x12bbc</load_address>
         <run_address>0x12bbc</run_address>
         <size>0x86</size>
         <input_file_ref idref="fl-41"/>
      </object_component>
      <object_component id="oc-2f8">
         <name>.text:Dogs102x6_charDraw</name>
         <load_address>0x12c42</load_address>
         <run_address>0x12c42</run_address>
         <size>0x86</size>
         <input_file_ref idref="fl-4"/>
      </object_component>
      <object_component id="oc-10e">
         <name>.text:highlight_and_print_string</name>
         <load_address>0x12cc8</load_address>
         <run_address>0x12cc8</run_address>
         <size>0x7a</size>
         <input_file_ref idref="fl-6"/>
      </object_component>
      <object_component id="oc-121">
         <name>.text:print_string</name>
         <load_address>0x12d42</load_address>
         <run_address>0x12d42</run_address>
         <size>0x7a</size>
         <input_file_ref idref="fl-6"/>
      </object_component>
      <object_component id="oc-1de">
         <name>.text:Dogs102x6_init</name>
         <load_address>0x12dbc</load_address>
         <run_address>0x12dbc</run_address>
         <size>0x78</size>
         <input_file_ref idref="fl-4"/>
      </object_component>
      <object_component id="oc-1d4">
         <name>.text:snprintf</name>
         <load_address>0x12e34</load_address>
         <run_address>0x12e34</run_address>
         <size>0x78</size>
         <input_file_ref idref="fl-ae"/>
      </object_component>
      <object_component id="oc-377">
         <name>.text:Dogs102x64_UC1701PixelDraw</name>
         <load_address>0x12eac</load_address>
         <run_address>0x12eac</run_address>
         <size>0x76</size>
         <input_file_ref idref="fl-41"/>
      </object_component>
      <object_component id="oc-2d7">
         <name>.text:Dogs102x6_pixelDraw</name>
         <load_address>0x12f22</load_address>
         <run_address>0x12f22</run_address>
         <size>0x76</size>
         <input_file_ref idref="fl-4"/>
      </object_component>
      <object_component id="oc-217">
         <name>.text:Dogs102x6_stringDraw</name>
         <load_address>0x12f98</load_address>
         <run_address>0x12f98</run_address>
         <size>0x72</size>
         <input_file_ref idref="fl-4"/>
      </object_component>
      <object_component id="oc-334">
         <name>.text:GPIO_setOutputHighOnPin</name>
         <load_address>0x1300a</load_address>
         <run_address>0x1300a</run_address>
         <size>0x70</size>
         <input_file_ref idref="fl-1e"/>
      </object_component>
      <object_component id="oc-32e">
         <name>.text:GPIO_setOutputLowOnPin</name>
         <load_address>0x1307a</load_address>
         <run_address>0x1307a</run_address>
         <size>0x70</size>
         <input_file_ref idref="fl-1e"/>
      </object_component>
      <object_component id="oc-358">
         <name>.text:WriteCommand</name>
         <load_address>0x130ea</load_address>
         <run_address>0x130ea</run_address>
         <size>0x6e</size>
         <input_file_ref idref="fl-41"/>
      </object_component>
      <object_component id="oc-47e">
         <name>.text:WriteData</name>
         <load_address>0x13158</load_address>
         <run_address>0x13158</run_address>
         <size>0x6e</size>
         <input_file_ref idref="fl-41"/>
      </object_component>
      <object_component id="oc-291">
         <name>.text:_outs</name>
         <load_address>0x131c6</load_address>
         <run_address>0x131c6</run_address>
         <size>0x6c</size>
         <input_file_ref idref="fl-ae"/>
      </object_component>
      <object_component id="oc-127">
         <name>.text</name>
         <load_address>0x13232</load_address>
         <run_address>0x13232</run_address>
         <size>0x68</size>
         <input_file_ref idref="fl-8b"/>
      </object_component>
      <object_component id="oc-2c9">
         <name>.text:Dogs102x6_setAddress</name>
         <load_address>0x1329a</load_address>
         <run_address>0x1329a</run_address>
         <size>0x66</size>
         <input_file_ref idref="fl-4"/>
      </object_component>
      <object_component id="oc-314">
         <name>.text:__mspabi_fixdli</name>
         <load_address>0x13300</load_address>
         <run_address>0x13300</run_address>
         <size>0x66</size>
         <input_file_ref idref="fl-82"/>
      </object_component>
      <object_component id="oc-e5">
         <name>.text:__TI_decompress_rle_core</name>
         <load_address>0x13366</load_address>
         <run_address>0x13366</run_address>
         <size>0x62</size>
         <input_file_ref idref="fl-76"/>
      </object_component>
      <object_component id="oc-35e">
         <name>.text:Dogs102x64_backlightInit</name>
         <load_address>0x133c8</load_address>
         <run_address>0x133c8</run_address>
         <size>0x60</size>
         <input_file_ref idref="fl-41"/>
      </object_component>
      <object_component id="oc-422">
         <name>.text:privateGPIOGetBaseAddress</name>
         <load_address>0x13428</load_address>
         <run_address>0x13428</run_address>
         <size>0x60</size>
         <input_file_ref idref="fl-1e"/>
      </object_component>
      <object_component id="oc-462">
         <name>.text:TIMER_B_startUpMode</name>
         <load_address>0x13488</load_address>
         <run_address>0x13488</run_address>
         <size>0x5a</size>
         <input_file_ref idref="fl-2d"/>
      </object_component>
      <object_component id="oc-346">
         <name>.text:USCI_B_SPI_masterInit</name>
         <load_address>0x134e2</load_address>
         <run_address>0x134e2</run_address>
         <size>0x5a</size>
         <input_file_ref idref="fl-34"/>
      </object_component>
      <object_component id="oc-199">
         <name>.text:lcd_init</name>
         <load_address>0x1353c</load_address>
         <run_address>0x1353c</run_address>
         <size>0x5a</size>
         <input_file_ref idref="fl-6"/>
      </object_component>
      <object_component id="oc-4ef">
         <name>.text:_ltostr</name>
         <load_address>0x13596</load_address>
         <run_address>0x13596</run_address>
         <size>0x58</size>
         <input_file_ref idref="fl-b7"/>
      </object_component>
      <object_component id="oc-434">
         <name>.text</name>
         <load_address>0x135ee</load_address>
         <run_address>0x135ee</run_address>
         <size>0x58</size>
         <input_file_ref idref="fl-7e"/>
      </object_component>
      <object_component id="oc-3a1">
         <name>.text:Dogs102x64_UC1701ClearDisplay</name>
         <load_address>0x13646</load_address>
         <run_address>0x13646</run_address>
         <size>0x52</size>
         <input_file_ref idref="fl-41"/>
      </object_component>
      <object_component id="oc-20c">
         <name>.text:Wheel_getValue</name>
         <load_address>0x13698</load_address>
         <run_address>0x13698</run_address>
         <size>0x4e</size>
         <input_file_ref idref="fl-5"/>
      </object_component>
      <object_component id="oc-49c">
         <name>.text:_pproc_diouxp</name>
         <load_address>0x136e6</load_address>
         <run_address>0x136e6</run_address>
         <size>0x4c</size>
         <input_file_ref idref="fl-b7"/>
      </object_component>
      <object_component id="oc-17b">
         <name>.text:PMM_setVCore</name>
         <load_address>0x13732</load_address>
         <run_address>0x13732</run_address>
         <size>0x4a</size>
         <input_file_ref idref="fl-22"/>
      </object_component>
      <object_component id="oc-117">
         <name>.text</name>
         <load_address>0x1377c</load_address>
         <run_address>0x1377c</run_address>
         <size>0x4a</size>
         <input_file_ref idref="fl-88"/>
      </object_component>
      <object_component id="oc-3c6">
         <name>.text:_pproc_str</name>
         <load_address>0x137c6</load_address>
         <run_address>0x137c6</run_address>
         <size>0x48</size>
         <input_file_ref idref="fl-b7"/>
      </object_component>
      <object_component id="oc-181">
         <name>.text:UCS_LFXT1Start</name>
         <load_address>0x1380e</load_address>
         <run_address>0x1380e</run_address>
         <size>0x46</size>
         <input_file_ref idref="fl-30"/>
      </object_component>
      <object_component id="oc-2b2">
         <name>.text:Dogs102x6_writeCommand</name>
         <load_address>0x13854</load_address>
         <run_address>0x13854</run_address>
         <size>0x40</size>
         <input_file_ref idref="fl-4"/>
      </object_component>
      <object_component id="oc-4cc">
         <name>.text</name>
         <load_address>0x13894</load_address>
         <run_address>0x13894</run_address>
         <size>0x40</size>
         <input_file_ref idref="fl-7d"/>
      </object_component>
      <object_component id="oc-1ea">
         <name>.text:Dogs102x6_setBacklight</name>
         <load_address>0x138d4</load_address>
         <run_address>0x138d4</run_address>
         <size>0x3e</size>
         <input_file_ref idref="fl-4"/>
      </object_component>
      <object_component id="oc-4e9">
         <name>.text:_getarg_diouxp</name>
         <load_address>0x13912</load_address>
         <run_address>0x13912</run_address>
         <size>0x3e</size>
         <input_file_ref idref="fl-b7"/>
      </object_component>
      <object_component id="oc-100">
         <name>.text:l_asr_const</name>
         <load_address>0x13950</load_address>
         <run_address>0x13950</run_address>
         <size>0x3e</size>
         <input_file_ref idref="fl-b9"/>
      </object_component>
      <object_component id="oc-400">
         <name>.text:l_lsl_const</name>
         <load_address>0x1398e</load_address>
         <run_address>0x1398e</run_address>
         <size>0x3e</size>
         <input_file_ref idref="fl-a1"/>
      </object_component>
      <object_component id="oc-405">
         <name>.text:l_lsr_const</name>
         <load_address>0x139cc</load_address>
         <run_address>0x139cc</run_address>
         <size>0x3e</size>
         <input_file_ref idref="fl-a3"/>
      </object_component>
      <object_component id="oc-26c">
         <name>.text:GrContextInit</name>
         <load_address>0x13a0a</load_address>
         <run_address>0x13a0a</run_address>
         <size>0x3c</size>
         <input_file_ref idref="fl-8"/>
      </object_component>
      <object_component id="oc-395">
         <name>.text:Dogs102x64_UC1701ColorTranslate</name>
         <load_address>0x13a46</load_address>
         <run_address>0x13a46</run_address>
         <size>0x36</size>
         <input_file_ref idref="fl-41"/>
      </object_component>
      <object_component id="oc-1f6">
         <name>.text:Dogs102x6_clearScreen</name>
         <load_address>0x13a7c</load_address>
         <run_address>0x13a7c</run_address>
         <size>0x36</size>
         <input_file_ref idref="fl-4"/>
      </object_component>
      <object_component id="oc-11c">
         <name>.text</name>
         <load_address>0x13ab2</load_address>
         <run_address>0x13ab2</run_address>
         <size>0x36</size>
         <input_file_ref idref="fl-89"/>
      </object_component>
      <object_component id="oc-1f0">
         <name>.text:Dogs102x6_setContrast</name>
         <load_address>0x13ae8</load_address>
         <run_address>0x13ae8</run_address>
         <size>0x32</size>
         <input_file_ref idref="fl-4"/>
      </object_component>
      <object_component id="oc-187">
         <name>.text:UCS_initFLLSettle</name>
         <load_address>0x13b1a</load_address>
         <run_address>0x13b1a</run_address>
         <size>0x32</size>
         <input_file_ref idref="fl-30"/>
      </object_component>
      <object_component id="oc-1e4">
         <name>.text:Dogs102x6_backlightInit</name>
         <load_address>0x13b4c</load_address>
         <run_address>0x13b4c</run_address>
         <size>0x30</size>
         <input_file_ref idref="fl-4"/>
      </object_component>
      <object_component id="oc-289">
         <name>.text:NumLeadingZeros</name>
         <load_address>0x13b7c</load_address>
         <run_address>0x13b7c</run_address>
         <size>0x2e</size>
         <input_file_ref idref="fl-c"/>
      </object_component>
      <object_component id="oc-297">
         <name>.text:_outc</name>
         <load_address>0x13baa</load_address>
         <run_address>0x13baa</run_address>
         <size>0x2e</size>
         <input_file_ref idref="fl-ae"/>
      </object_component>
      <object_component id="oc-45c">
         <name>.text:TIMER_B_initCompare</name>
         <load_address>0x13bd8</load_address>
         <run_address>0x13bd8</run_address>
         <size>0x2c</size>
         <input_file_ref idref="fl-2d"/>
      </object_component>
      <object_component id="oc-207">
         <name>.text</name>
         <load_address>0x13c04</load_address>
         <run_address>0x13c04</run_address>
         <size>0x2c</size>
         <input_file_ref idref="fl-7b"/>
      </object_component>
      <object_component id="oc-d1">
         <name>.text:memcpy</name>
         <load_address>0x13c30</load_address>
         <run_address>0x13c30</run_address>
         <size>0x2a</size>
         <input_file_ref idref="fl-a4"/>
      </object_component>
      <object_component id="oc-229">
         <name>.text:__mspabi_fixdi</name>
         <load_address>0x13c5a</load_address>
         <run_address>0x13c5a</run_address>
         <size>0x28</size>
         <input_file_ref idref="fl-81"/>
      </object_component>
      <object_component id="oc-193">
         <name>.text:Wheel_init</name>
         <load_address>0x13c82</load_address>
         <run_address>0x13c82</run_address>
         <size>0x26</size>
         <input_file_ref idref="fl-5"/>
      </object_component>
      <object_component id="oc-8b">
         <name>.text:decompress:ZI:__TI_zero_init</name>
         <load_address>0x13ca8</load_address>
         <run_address>0x13ca8</run_address>
         <size>0x24</size>
         <input_file_ref idref="fl-77"/>
      </object_component>
      <object_component id="oc-1ab">
         <name>.text</name>
         <load_address>0x13ccc</load_address>
         <run_address>0x13ccc</run_address>
         <size>0x24</size>
         <input_file_ref idref="fl-8c"/>
      </object_component>
      <object_component id="oc-40e">
         <name>.text</name>
         <load_address>0x13cf0</load_address>
         <run_address>0x13cf0</run_address>
         <size>0x22</size>
         <input_file_ref idref="fl-a9"/>
      </object_component>
      <object_component id="oc-4a2">
         <name>.text:memccpy</name>
         <load_address>0x13d12</load_address>
         <run_address>0x13d12</run_address>
         <size>0x20</size>
         <input_file_ref idref="fl-c2"/>
      </object_component>
      <object_component id="oc-2c3">
         <name>.text:memset</name>
         <load_address>0x13d32</load_address>
         <run_address>0x13d32</run_address>
         <size>0x20</size>
         <input_file_ref idref="fl-a5"/>
      </object_component>
      <object_component id="oc-4fe">
         <name>.text:_div</name>
         <load_address>0x13d52</load_address>
         <run_address>0x13d52</run_address>
         <size>0x1a</size>
         <input_file_ref idref="fl-b7"/>
      </object_component>
      <object_component id="oc-340">
         <name>.text:UCS_getSMCLK</name>
         <load_address>0x13d6c</load_address>
         <run_address>0x13d6c</run_address>
         <size>0x18</size>
         <input_file_ref idref="fl-30"/>
      </object_component>
      <object_component id="oc-169">
         <name>.text:WDT_A_hold</name>
         <load_address>0x13d84</load_address>
         <run_address>0x13d84</run_address>
         <size>0x16</size>
         <input_file_ref idref="fl-38"/>
      </object_component>
      <object_component id="oc-85">
         <name>.text:decompress:none:__TI_decompress_none</name>
         <load_address>0x13d9a</load_address>
         <run_address>0x13d9a</run_address>
         <size>0x16</size>
         <input_file_ref idref="fl-75"/>
      </object_component>
      <object_component id="oc-1fc">
         <name>.text</name>
         <load_address>0x13db0</load_address>
         <run_address>0x13db0</run_address>
         <size>0x16</size>
         <input_file_ref idref="fl-7c"/>
      </object_component>
      <object_component id="oc-212">
         <name>.text</name>
         <load_address>0x13dc6</load_address>
         <run_address>0x13dc6</run_address>
         <size>0x16</size>
         <input_file_ref idref="fl-a8"/>
      </object_component>
      <object_component id="oc-1a5">
         <name>.text:Buttons_interruptEnable</name>
         <load_address>0x13ddc</load_address>
         <run_address>0x13ddc</run_address>
         <size>0x12</size>
         <input_file_ref idref="fl-3"/>
      </object_component>
      <object_component id="oc-175">
         <name>.text:UCS_setExternalClockSource</name>
         <load_address>0x13dee</load_address>
         <run_address>0x13dee</run_address>
         <size>0x12</size>
         <input_file_ref idref="fl-30"/>
      </object_component>
      <object_component id="oc-3ba">
         <name>.text:strlen</name>
         <load_address>0x13e00</load_address>
         <run_address>0x13e00</run_address>
         <size>0x12</size>
         <input_file_ref idref="fl-c7"/>
      </object_component>
      <object_component id="oc-417">
         <name>.text:l_lsr</name>
         <load_address>0x13e12</load_address>
         <run_address>0x13e12</run_address>
         <size>0x10</size>
         <input_file_ref idref="fl-a3"/>
      </object_component>
      <object_component id="oc-19f">
         <name>.text:Buttons_init</name>
         <load_address>0x13e22</load_address>
         <run_address>0x13e22</run_address>
         <size>0xe</size>
         <input_file_ref idref="fl-3"/>
      </object_component>
      <object_component id="oc-46b">
         <name>.text:TIMER_B_stop</name>
         <load_address>0x13e30</load_address>
         <run_address>0x13e30</run_address>
         <size>0xe</size>
         <input_file_ref idref="fl-2d"/>
      </object_component>
      <object_component id="oc-471">
         <name>.text:TIMER_B_setCompareValue</name>
         <load_address>0x13e3e</load_address>
         <run_address>0x13e3e</run_address>
         <size>0xc</size>
         <input_file_ref idref="fl-2d"/>
      </object_component>
      <object_component id="oc-352">
         <name>.text:USCI_B_SPI_clearInterruptFlag</name>
         <load_address>0x13e4a</load_address>
         <run_address>0x13e4a</run_address>
         <size>0xc</size>
         <input_file_ref idref="fl-34"/>
      </object_component>
      <object_component id="oc-449">
         <name>.text:USCI_B_SPI_isBusy</name>
         <load_address>0x13e56</load_address>
         <run_address>0x13e56</run_address>
         <size>0xc</size>
         <input_file_ref idref="fl-34"/>
      </object_component>
      <object_component id="oc-21d">
         <name>.text:__mspabi_fltid</name>
         <load_address>0x13e62</load_address>
         <run_address>0x13e62</run_address>
         <size>0xc</size>
         <input_file_ref idref="fl-83"/>
      </object_component>
      <object_component id="oc-456">
         <name>.text:TIMER_B_getCaptureCompareCount</name>
         <load_address>0x13e6e</load_address>
         <run_address>0x13e6e</run_address>
         <size>0xa</size>
         <input_file_ref idref="fl-2d"/>
      </object_component>
      <object_component id="oc-43d">
         <name>.text:USCI_B_SPI_getInterruptStatus</name>
         <load_address>0x13e78</load_address>
         <run_address>0x13e78</run_address>
         <size>0xa</size>
         <input_file_ref idref="fl-34"/>
      </object_component>
      <object_component id="oc-443">
         <name>.text:USCI_B_SPI_transmitData</name>
         <load_address>0x13e82</load_address>
         <run_address>0x13e82</run_address>
         <size>0xa</size>
         <input_file_ref idref="fl-34"/>
      </object_component>
      <object_component id="oc-3ea">
         <name>.text</name>
         <load_address>0x13e8c</load_address>
         <run_address>0x13e8c</run_address>
         <size>0xa</size>
         <input_file_ref idref="fl-73"/>
      </object_component>
      <object_component id="oc-284">
         <name>.text</name>
         <load_address>0x13e96</load_address>
         <run_address>0x13e96</run_address>
         <size>0xa</size>
         <input_file_ref idref="fl-a0"/>
      </object_component>
      <object_component id="oc-3f5">
         <name>.text</name>
         <load_address>0x13ea0</load_address>
         <run_address>0x13ea0</run_address>
         <size>0xa</size>
         <input_file_ref idref="fl-a2"/>
      </object_component>
      <object_component id="oc-44f">
         <name>.text:USCI_B_SPI_receiveData</name>
         <load_address>0x13eaa</load_address>
         <run_address>0x13eaa</run_address>
         <size>0x8</size>
         <input_file_ref idref="fl-34"/>
      </object_component>
      <object_component id="oc-18d">
         <name>.text:SFR_enableInterrupt</name>
         <load_address>0x13eb2</load_address>
         <run_address>0x13eb2</run_address>
         <size>0x6</size>
         <input_file_ref idref="fl-29"/>
      </object_component>
      <object_component id="oc-477">
         <name>.text:TIMER_B_startCounter</name>
         <load_address>0x13eb8</load_address>
         <run_address>0x13eb8</run_address>
         <size>0x6</size>
         <input_file_ref idref="fl-2d"/>
      </object_component>
      <object_component id="oc-34c">
         <name>.text:USCI_B_SPI_enable</name>
         <load_address>0x13ebe</load_address>
         <run_address>0x13ebe</run_address>
         <size>0x6</size>
         <input_file_ref idref="fl-34"/>
      </object_component>
      <object_component id="oc-9b">
         <name>.text:__TI_ISR_TRAP</name>
         <load_address>0x13ec4</load_address>
         <run_address>0x13ec4</run_address>
         <size>0x6</size>
         <input_file_ref idref="fl-9f"/>
      </object_component>
      <object_component id="oc-91">
         <name>.text:decompress:rle24:__TI_decompress_rle24</name>
         <load_address>0x13eca</load_address>
         <run_address>0x13eca</run_address>
         <size>0x6</size>
         <input_file_ref idref="fl-76"/>
      </object_component>
      <object_component id="oc-ac">
         <name>.text:_system_pre_init</name>
         <load_address>0x13ed0</load_address>
         <run_address>0x13ed0</run_address>
         <size>0x4</size>
         <input_file_ref idref="fl-ab"/>
      </object_component>
      <object_component id="oc-be">
         <name>.text:abort</name>
         <load_address>0x13ed4</load_address>
         <run_address>0x13ed4</run_address>
         <size>0x4</size>
         <input_file_ref idref="fl-80"/>
      </object_component>
      <object_component id="oc-39b">
         <name>.text:Dogs102x64_UC1701Flush</name>
         <load_address>0x13ed8</load_address>
         <run_address>0x13ed8</run_address>
         <size>0x2</size>
         <input_file_ref idref="fl-41"/>
      </object_component>
      <object_component id="oc-a6">
         <name>.text:_isr:Port1_ISR</name>
         <load_address>0x4400</load_address>
         <run_address>0x4400</run_address>
         <size>0x46</size>
         <input_file_ref idref="fl-3"/>
      </object_component>
      <object_component id="oc-a0">
         <name>.text:_isr:Port2_ISR</name>
         <load_address>0x4446</load_address>
         <run_address>0x4446</run_address>
         <size>0x46</size>
         <input_file_ref idref="fl-3"/>
      </object_component>
      <object_component id="oc-cb">
         <name>.text:_isr:WDT_ISR</name>
         <load_address>0x448c</load_address>
         <run_address>0x448c</run_address>
         <size>0x1a</size>
         <input_file_ref idref="fl-3"/>
      </object_component>
      <object_component id="oc-72">
         <name>.text:_isr:_c_int00_noexit</name>
         <load_address>0x44a6</load_address>
         <run_address>0x44a6</run_address>
         <size>0x1a</size>
         <input_file_ref idref="fl-74"/>
      </object_component>
      <object_component id="oc-c5">
         <name>.text:_isr:ADC12_ISR</name>
         <load_address>0x44c0</load_address>
         <run_address>0x44c0</run_address>
         <size>0x16</size>
         <input_file_ref idref="fl-5"/>
      </object_component>
      <object_component id="oc-572">
         <name>.cinit..data.load</name>
         <load_address>0x4cc2</load_address>
         <run_address>0x4cc2</run_address>
         <size>0x3e</size>
      </object_component>
      <object_component id="oc-56f">
         <name>__TI_handler_table</name>
         <load_address>0x4d00</load_address>
         <run_address>0x4d00</run_address>
         <size>0xc</size>
      </object_component>
      <object_component id="oc-571">
         <name>.cinit..bss.load</name>
         <load_address>0x4d0c</load_address>
         <run_address>0x4d0c</run_address>
         <size>0x6</size>
      </object_component>
      <object_component id="oc-570">
         <name>__TI_cinit_table</name>
         <load_address>0x4d12</load_address>
         <run_address>0x4d12</run_address>
         <size>0x10</size>
      </object_component>
      <object_component id="oc-3ac">
         <name>.const:.string:g_pucFontFixed6x8Data</name>
         <load_address>0x44d6</load_address>
         <run_address>0x44d6</run_address>
         <size>0x2f8</size>
         <input_file_ref idref="fl-d"/>
      </object_component>
      <object_component id="oc-3fc">
         <name>.const:.string:FONT6x8</name>
         <load_address>0x47ce</load_address>
         <run_address>0x47ce</run_address>
         <size>0x24c</size>
         <input_file_ref idref="fl-4"/>
      </object_component>
      <object_component id="oc-10d">
         <name>.const:.string</name>
         <load_address>0x4a1a</load_address>
         <run_address>0x4a1a</run_address>
         <size>0x19e</size>
         <input_file_ref idref="fl-6"/>
      </object_component>
      <object_component id="oc-275">
         <name>.const</name>
         <load_address>0x4bb8</load_address>
         <run_address>0x4bb8</run_address>
         <size>0xc8</size>
         <input_file_ref idref="fl-d"/>
      </object_component>
      <object_component id="oc-269">
         <name>.const</name>
         <load_address>0x4c80</load_address>
         <run_address>0x4c80</run_address>
         <size>0x2c</size>
         <input_file_ref idref="fl-41"/>
      </object_component>
      <object_component id="oc-49b">
         <name>.const:.string</name>
         <load_address>0x4cac</load_address>
         <run_address>0x4cac</run_address>
         <size>0x14</size>
         <input_file_ref idref="fl-b7"/>
      </object_component>
      <object_component id="oc-3e3">
         <name>.const:.string:$P$T1$2</name>
         <load_address>0x4cc0</load_address>
         <run_address>0x4cc0</run_address>
         <size>0x2</size>
         <input_file_ref idref="fl-4"/>
      </object_component>
      <object_component id="oc-69">
         <name>.int41</name>
         <load_address>0xffd2</load_address>
         <run_address>0xffd2</run_address>
         <size>0x2</size>
         <input_file_ref idref="fl-8d"/>
      </object_component>
      <object_component id="oc-6a">
         <name>.int42</name>
         <load_address>0xffd4</load_address>
         <run_address>0xffd4</run_address>
         <size>0x2</size>
         <input_file_ref idref="fl-3"/>
      </object_component>
      <object_component id="oc-6b">
         <name>.int43</name>
         <load_address>0xffd6</load_address>
         <run_address>0xffd6</run_address>
         <size>0x2</size>
         <input_file_ref idref="fl-8e"/>
      </object_component>
      <object_component id="oc-6c">
         <name>.int44</name>
         <load_address>0xffd8</load_address>
         <run_address>0xffd8</run_address>
         <size>0x2</size>
         <input_file_ref idref="fl-8f"/>
      </object_component>
      <object_component id="oc-6d">
         <name>.int45</name>
         <load_address>0xffda</load_address>
         <run_address>0xffda</run_address>
         <size>0x2</size>
         <input_file_ref idref="fl-90"/>
      </object_component>
      <object_component id="oc-6e">
         <name>.int46</name>
         <load_address>0xffdc</load_address>
         <run_address>0xffdc</run_address>
         <size>0x2</size>
         <input_file_ref idref="fl-91"/>
      </object_component>
      <object_component id="oc-6f">
         <name>.int47</name>
         <load_address>0xffde</load_address>
         <run_address>0xffde</run_address>
         <size>0x2</size>
         <input_file_ref idref="fl-3"/>
      </object_component>
      <object_component id="oc-70">
         <name>.int48</name>
         <load_address>0xffe0</load_address>
         <run_address>0xffe0</run_address>
         <size>0x2</size>
         <input_file_ref idref="fl-92"/>
      </object_component>
      <object_component id="oc-71">
         <name>.int49</name>
         <load_address>0xffe2</load_address>
         <run_address>0xffe2</run_address>
         <size>0x2</size>
         <input_file_ref idref="fl-93"/>
      </object_component>
      <object_component id="oc-78">
         <name>.int50</name>
         <load_address>0xffe4</load_address>
         <run_address>0xffe4</run_address>
         <size>0x2</size>
         <input_file_ref idref="fl-94"/>
      </object_component>
      <object_component id="oc-79">
         <name>.int51</name>
         <load_address>0xffe6</load_address>
         <run_address>0xffe6</run_address>
         <size>0x2</size>
         <input_file_ref idref="fl-95"/>
      </object_component>
      <object_component id="oc-7a">
         <name>.int52</name>
         <load_address>0xffe8</load_address>
         <run_address>0xffe8</run_address>
         <size>0x2</size>
         <input_file_ref idref="fl-96"/>
      </object_component>
      <object_component id="oc-7b">
         <name>.int53</name>
         <load_address>0xffea</load_address>
         <run_address>0xffea</run_address>
         <size>0x2</size>
         <input_file_ref idref="fl-97"/>
      </object_component>
      <object_component id="oc-7c">
         <name>.int54</name>
         <load_address>0xffec</load_address>
         <run_address>0xffec</run_address>
         <size>0x2</size>
         <input_file_ref idref="fl-5"/>
      </object_component>
      <object_component id="oc-7d">
         <name>.int55</name>
         <load_address>0xffee</load_address>
         <run_address>0xffee</run_address>
         <size>0x2</size>
         <input_file_ref idref="fl-98"/>
      </object_component>
      <object_component id="oc-7e">
         <name>.int56</name>
         <load_address>0xfff0</load_address>
         <run_address>0xfff0</run_address>
         <size>0x2</size>
         <input_file_ref idref="fl-99"/>
      </object_component>
      <object_component id="oc-7f">
         <name>.int57</name>
         <load_address>0xfff2</load_address>
         <run_address>0xfff2</run_address>
         <size>0x2</size>
         <input_file_ref idref="fl-3"/>
      </object_component>
      <object_component id="oc-80">
         <name>.int58</name>
         <load_address>0xfff4</load_address>
         <run_address>0xfff4</run_address>
         <size>0x2</size>
         <input_file_ref idref="fl-9a"/>
      </object_component>
      <object_component id="oc-81">
         <name>.int59</name>
         <load_address>0xfff6</load_address>
         <run_address>0xfff6</run_address>
         <size>0x2</size>
         <input_file_ref idref="fl-9b"/>
      </object_component>
      <object_component id="oc-82">
         <name>.int60</name>
         <load_address>0xfff8</load_address>
         <run_address>0xfff8</run_address>
         <size>0x2</size>
         <input_file_ref idref="fl-9c"/>
      </object_component>
      <object_component id="oc-83">
         <name>.int61</name>
         <load_address>0xfffa</load_address>
         <run_address>0xfffa</run_address>
         <size>0x2</size>
         <input_file_ref idref="fl-9d"/>
      </object_component>
      <object_component id="oc-84">
         <name>.int62</name>
         <load_address>0xfffc</load_address>
         <run_address>0xfffc</run_address>
         <size>0x2</size>
         <input_file_ref idref="fl-9e"/>
      </object_component>
      <object_component id="oc-9a">
         <name>.reset</name>
         <load_address>0xfffe</load_address>
         <run_address>0xfffe</run_address>
         <size>0x2</size>
         <input_file_ref idref="fl-74"/>
      </object_component>
      <object_component id="oc-3fa">
         <name>.common:dogs102x6Memory</name>
         <uninitialized>true</uninitialized>
         <run_address>0x279c</run_address>
         <size>0x332</size>
      </object_component>
      <object_component id="oc-2f5">
         <name>.common:positionData</name>
         <uninitialized>true</uninitialized>
         <run_address>0x2af0</run_address>
         <size>0x2</size>
      </object_component>
      <object_component id="oc-2f4">
         <name>.common:positionDataOld</name>
         <uninitialized>true</uninitialized>
         <run_address>0x2af2</run_address>
         <size>0x2</size>
      </object_component>
      <object_component id="oc-279">
         <name>.common:g_sContext</name>
         <uninitialized>true</uninitialized>
         <run_address>0x2ace</run_address>
         <size>0x1c</size>
      </object_component>
      <object_component id="oc-1b2">
         <name>.common:FThreshold</name>
         <uninitialized>true</uninitialized>
         <run_address>0x2aea</run_address>
         <size>0x4</size>
      </object_component>
      <object_component id="oc-1b0">
         <name>.common:eeprom_address</name>
         <uninitialized>true</uninitialized>
         <run_address>0x2aee</run_address>
         <size>0x2</size>
      </object_component>
      <object_component id="oc-fa">
         <name>.data</name>
         <load_address>0x2796</load_address>
         <run_address>0x2796</run_address>
         <size>0x4</size>
         <input_file_ref idref="fl-3"/>
      </object_component>
      <object_component id="oc-114">
         <name>.data</name>
         <load_address>0x2730</load_address>
         <run_address>0x2730</run_address>
         <size>0x3e</size>
         <input_file_ref idref="fl-6"/>
      </object_component>
      <object_component id="oc-132">
         <name>.data:total_options</name>
         <load_address>0x277e</load_address>
         <run_address>0x277e</run_address>
         <size>0xa</size>
         <input_file_ref idref="fl-6"/>
      </object_component>
      <object_component id="oc-245">
         <name>.data</name>
         <load_address>0x2788</load_address>
         <run_address>0x2788</run_address>
         <size>0x8</size>
         <input_file_ref idref="fl-30"/>
      </object_component>
      <object_component id="oc-2af">
         <name>.data:Dogs102x6_initMacro</name>
         <load_address>0x276e</load_address>
         <run_address>0x276e</run_address>
         <size>0x10</size>
         <input_file_ref idref="fl-4"/>
      </object_component>
      <object_component id="oc-2be">
         <name>.data</name>
         <load_address>0x2790</load_address>
         <run_address>0x2790</run_address>
         <size>0x5</size>
         <input_file_ref idref="fl-4"/>
      </object_component>
      <object_component id="oc-364">
         <name>.data</name>
         <load_address>0x279a</load_address>
         <run_address>0x279a</run_address>
         <size>0x2</size>
         <input_file_ref idref="fl-41"/>
      </object_component>
      <object_component id="oc-374">
         <name>.data:DOGS102x64Memory</name>
         <load_address>0x2400</load_address>
         <run_address>0x2400</run_address>
         <size>0x330</size>
         <input_file_ref idref="fl-41"/>
      </object_component>
      <object_component id="oc-73">
         <name>.debug_line</name>
         <load_address>0x0</load_address>
         <run_address>0x0</run_address>
         <size>0x44</size>
         <input_file_ref idref="fl-74"/>
      </object_component>
      <object_component id="oc-89">
         <name>.debug_line</name>
         <load_address>0x44</load_address>
         <run_address>0x44</run_address>
         <size>0x50</size>
         <input_file_ref idref="fl-75"/>
      </object_component>
      <object_component id="oc-8f">
         <name>.debug_line</name>
         <load_address>0x94</load_address>
         <run_address>0x94</run_address>
         <size>0x4d</size>
         <input_file_ref idref="fl-77"/>
      </object_component>
      <object_component id="oc-93">
         <name>.debug_line</name>
[...]
         <name>USCI_B_SPI_enable</name>
         <value>0x13ebe</value>
         <object_component_ref idref="oc-34c"/>
      </symbol>
      <symbol id="sm-7d3">
         <name>USCI_B_SPI_clearInterruptFlag</name>
         <value>0x13e4a</value>
         <object_component_ref idref="oc-352"/>
      </symbol>
      <symbol id="sm-7d4">
         <name>USCI_B_SPI_masterInit</name>
         <value>0x134e2</value>
         <object_component_ref idref="oc-346"/>
      </symbol>
      <symbol id="sm-7d5">
         <name>USCI_B_SPI_getInterruptStatus</name>
         <value>0x13e78</value>
         <object_component_ref idref="oc-43d"/>
      </symbol>
      <symbol id="sm-7d6">
         <name>USCI_B_SPI_transmitData</name>
         <value>0x13e82</value>
         <object_component_ref idref="oc-443"/>
      </symbol>
      <symbol id="sm-7d7">
         <name>USCI_B_SPI_isBusy</name>
         <value>0x13e56</value>
         <object_component_ref idref="oc-449"/>
      </symbol>
      <symbol id="sm-7d8">
         <name>USCI_B_SPI_receiveData</name>
         <value>0x13eaa</value>
         <object_component_ref idref="oc-44f"/>
      </symbol>
      <symbol id="sm-7e7">
         <name>WDT_A_hold</name>
         <value>0x13d84</value>
         <object_component_ref idref="oc-169"/>
      </symbol>
      <symbol id="sm-8af">
         <name>g_sDogs102x64_UC1701</name>
         <value>0x4c80</value>
         <object_component_ref idref="oc-269"/>
      </symbol>
      <symbol id="sm-8b0">
         <name>Dogs102x64_setBacklight</name>
         <value>0x12716</value>
         <object_component_ref idref="oc-367"/>
      </symbol>
      <symbol id="sm-8b1">
         <name>Dogs102x64_UC1701Init</name>
         <value>0x11942</value>
         <object_component_ref idref="oc-262"/>
      </symbol>
      <symbol id="sm-8b2">
         <name>DOGS102x64Memory</name>
         <value>0x2400</value>
         <object_component_ref idref="oc-374"/>
      </symbol>
      <symbol id="sm-8b3">
         <name>Dogs102x64_UC1701ClearDisplay</name>
         <value>0x13646</value>
         <object_component_ref idref="oc-3a1"/>
      </symbol>
      <symbol id="sm-8b4">
         <name>ucContrast</name>
         <value>0x279b</value>
         <object_component_ref idref="oc-364"/>
      </symbol>
      <symbol id="sm-8b5">
         <name>Dogs102x64_backlightInit</name>
         <value>0x133c8</value>
         <object_component_ref idref="oc-35e"/>
      </symbol>
      <symbol id="sm-8b6">
         <name>ucBacklightLevel</name>
         <value>0x279a</value>
         <object_component_ref idref="oc-364"/>
      </symbol>
      <symbol id="sm-8b7">
         <name>Dogs102x64_fillScreen</name>
         <value>0x12bbc</value>
         <object_component_ref idref="oc-36d"/>
      </symbol>
      <symbol id="sm-8c8">
         <name>__mspabi_srai</name>
         <value>0x13e8c</value>
         <object_component_ref idref="oc-3ea"/>
      </symbol>
      <symbol id="sm-8d8">
         <name>_c_int00_noexit</name>
         <value>0x44a6</value>
         <object_component_ref idref="oc-72"/>
      </symbol>
      <symbol id="sm-8d9">
         <name>_c_int00</name>
         <value>0x44a6</value>
         <object_component_ref idref="oc-72"/>
      </symbol>
      <symbol id="sm-8da">
         <name>_stack</name>
         <value>0x4360</value>
         <object_component_ref idref="oc-97"/>
      </symbol>
      <symbol id="sm-8db">
         <name>_reset_vector</name>
         <value>0xfffe</value>
         <object_component_ref idref="oc-9a"/>
      </symbol>
      <symbol id="sm-8f1">
         <name>__TI_decompress_none</name>
         <value>0x13d9a</value>
         <object_component_ref idref="oc-85"/>
      </symbol>
      <symbol id="sm-913">
         <name>__TI_decompress_rle24</name>
         <value>0x13eca</value>
         <object_component_ref idref="oc-91"/>
      </symbol>
      <symbol id="sm-926">
         <name>__TI_zero_init</name>
         <value>0x13ca8</value>
         <object_component_ref idref="oc-8b"/>
      </symbol>
      <symbol id="sm-935">
         <name>__mspabi_remi</name>
         <value>0x13c04</value>
         <object_component_ref idref="oc-207"/>
      </symbol>
      <symbol id="sm-936">
         <name>__mspabi_divi</name>
         <value>0x13c04</value>
         <object_component_ref idref="oc-207"/>
      </symbol>
      <symbol id="sm-940">
         <name>__mspabi_remu</name>
         <value>0x13db0</value>
         <object_component_ref idref="oc-1fc"/>
      </symbol>
      <symbol id="sm-941">
         <name>__mspabi_divu</name>
         <value>0x13db0</value>
         <object_component_ref idref="oc-1fc"/>
      </symbol>
      <symbol id="sm-94d">
         <name>__mspabi_remli</name>
         <value>0x13894</value>
         <object_component_ref idref="oc-4cc"/>
      </symbol>
      <symbol id="sm-94e">
         <name>__mspabi_divli</name>
         <value>0x13894</value>
         <object_component_ref idref="oc-4cc"/>
      </symbol>
      <symbol id="sm-95c">
         <name>__mspabi_remul</name>
         <value>0x135ee</value>
         <object_component_ref idref="oc-434"/>
      </symbol>
      <symbol id="sm-95d">
         <name>__mspabi_divul</name>
         <value>0x135ee</value>
         <object_component_ref idref="oc-434"/>
      </symbol>
      <symbol id="sm-968">
         <name>C$$EXIT</name>
         <value>0x13ed4</value>
         <object_component_ref idref="oc-be"/>
      </symbol>
      <symbol id="sm-969">
         <name>abort</name>
         <value>0x13ed4</value>
         <object_component_ref idref="oc-be"/>
      </symbol>
      <symbol id="sm-979">
         <name>__mspabi_fixdi</name>
         <value>0x13c5a</value>
         <object_component_ref idref="oc-229"/>
      </symbol>
      <symbol id="sm-98b">
         <name>__mspabi_fixdli</name>
         <value>0x13300</value>
         <object_component_ref idref="oc-314"/>
      </symbol>
      <symbol id="sm-997">
         <name>__mspabi_fltid</name>
         <value>0x13e62</value>
         <object_component_ref idref="oc-21d"/>
      </symbol>
      <symbol id="sm-9af">
         <name>__mspabi_fltlid</name>
         <value>0x1297a</value>
         <object_component_ref idref="oc-2ff"/>
      </symbol>
      <symbol id="sm-9c2">
         <name>__mspabi_cmpf</name>
         <value>0x1377c</value>
         <object_component_ref idref="oc-117"/>
      </symbol>
      <symbol id="sm-9cf">
         <name>__mspabi_fltif</name>
         <value>0x13ab2</value>
         <object_component_ref idref="oc-11c"/>
      </symbol>
      <symbol id="sm-9e2">
         <name>__mspabi_fixfi</name>
         <value>0x13232</value>
         <object_component_ref idref="oc-127"/>
      </symbol>
      <symbol id="sm-9ed">
         <name>__mspabi_fltuf</name>
         <value>0x13ccc</value>
         <object_component_ref idref="oc-1ab"/>
      </symbol>
      <symbol id="sm-9f0">
         <name>__TI_int41</name>
         <value>0xffd2</value>
         <object_component_ref idref="oc-69"/>
      </symbol>
      <symbol id="sm-9f3">
         <name>__TI_int43</name>
         <value>0xffd6</value>
         <object_component_ref idref="oc-6b"/>
      </symbol>
      <symbol id="sm-9f6">
         <name>__TI_int44</name>
         <value>0xffd8</value>
         <object_component_ref idref="oc-6c"/>
      </symbol>
      <symbol id="sm-9f9">
         <name>__TI_int45</name>
         <value>0xffda</value>
         <object_component_ref idref="oc-6d"/>
      </symbol>
      <symbol id="sm-9fc">
         <name>__TI_int46</name>
         <value>0xffdc</value>
         <object_component_ref idref="oc-6e"/>
      </symbol>
      <symbol id="sm-9ff">
         <name>__TI_int48</name>
         <value>0xffe0</value>
         <object_component_ref idref="oc-70"/>
      </symbol>
      <symbol id="sm-a02">
         <name>__TI_int49</name>
         <value>0xffe2</value>
         <object_component_ref idref="oc-71"/>
      </symbol>
      <symbol id="sm-a05">
         <name>__TI_int50</name>
         <value>0xffe4</value>
         <object_component_ref idref="oc-78"/>
      </symbol>
      <symbol id="sm-a08">
         <name>__TI_int51</name>
         <value>0xffe6</value>
         <object_component_ref idref="oc-79"/>
      </symbol>
      <symbol id="sm-a0b">
         <name>__TI_int52</name>
         <value>0xffe8</value>
         <object_component_ref idref="oc-7a"/>
      </symbol>
      <symbol id="sm-a0e">
         <name>__TI_int53</name>
         <value>0xffea</value>
         <object_component_ref idref="oc-7b"/>
      </symbol>
      <symbol id="sm-a11">
         <name>__TI_int55</name>
         <value>0xffee</value>
         <object_component_ref idref="oc-7d"/>
      </symbol>
      <symbol id="sm-a14">
         <name>__TI_int56</name>
         <value>0xfff0</value>
         <object_component_ref idref="oc-7e"/>
      </symbol>
      <symbol id="sm-a17">
         <name>__TI_int58</name>
         <value>0xfff4</value>
         <object_component_ref idref="oc-80"/>
      </symbol>
      <symbol id="sm-a1a">
         <name>__TI_int59</name>
         <value>0xfff6</value>
         <object_component_ref idref="oc-81"/>
      </symbol>
      <symbol id="sm-a1d">
         <name>__TI_int60</name>
         <value>0xfff8</value>
         <object_component_ref idref="oc-82"/>
      </symbol>
      <symbol id="sm-a20">
         <name>__TI_int61</name>
         <value>0xfffa</value>
         <object_component_ref idref="oc-83"/>
      </symbol>
      <symbol id="sm-a23">
         <name>__TI_int62</name>
         <value>0xfffc</value>
         <object_component_ref idref="oc-84"/>
      </symbol>
      <symbol id="sm-a2b">
         <name>__TI_ISR_TRAP</name>
         <value>0x13ec4</value>
         <object_component_ref idref="oc-9b"/>
      </symbol>
      <symbol id="sm-a34">
         <name>__mspabi_slli</name>
         <value>0x13e96</value>
         <object_component_ref idref="oc-284"/>
      </symbol>
      <symbol id="sm-a3c">
         <name>__mspabi_slll_9</name>
         <value>0x139a6</value>
         <object_component_ref idref="oc-400"/>
      </symbol>
      <symbol id="sm-a3d">
         <name>__mspabi_slll_8</name>
         <value>0x139aa</value>
         <object_component_ref idref="oc-400"/>
      </symbol>
      <symbol id="sm-a3e">
         <name>__mspabi_slll_7</name>
         <value>0x139ae</value>
         <object_component_ref idref="oc-400"/>
      </symbol>
      <symbol id="sm-a3f">
         <name>__mspabi_slll_6</name>
         <value>0x139b2</value>
         <object_component_ref idref="oc-400"/>
      </symbol>
      <symbol id="sm-a40">
         <name>__mspabi_slll_5</name>
         <value>0x139b6</value>
         <object_component_ref idref="oc-400"/>
      </symbol>
      <symbol id="sm-a41">
         <name>__mspabi_slll_4</name>
         <value>0x139ba</value>
         <object_component_ref idref="oc-400"/>
      </symbol>
      <symbol id="sm-a42">
         <name>__mspabi_slll_3</name>
         <value>0x139be</value>
         <object_component_ref idref="oc-400"/>
      </symbol>
      <symbol id="sm-a43">
         <name>__mspabi_slll_2</name>
         <value>0x139c2</value>
         <object_component_ref idref="oc-400"/>
      </symbol>
      <symbol id="sm-a44">
         <name>__mspabi_slll_1</name>
         <value>0x139c6</value>
         <object_component_ref idref="oc-400"/>
      </symbol>
      <symbol id="sm-a45">
         <name>__mspabi_slll_15</name>
         <value>0x1398e</value>
         <object_component_ref idref="oc-400"/>
      </symbol>
      <symbol id="sm-a46">
         <name>__mspabi_slll_14</name>
         <value>0x13992</value>
         <object_component_ref idref="oc-400"/>
      </symbol>
      <symbol id="sm-a47">
         <name>__mspabi_slll_13</name>
         <value>0x13996</value>
         <object_component_ref idref="oc-400"/>
      </symbol>
      <symbol id="sm-a48">
         <name>__mspabi_slll_12</name>
         <value>0x1399a</value>
         <object_component_ref idref="oc-400"/>
      </symbol>
      <symbol id="sm-a49">
         <name>__mspabi_slll_11</name>
         <value>0x1399e</value>
         <object_component_ref idref="oc-400"/>
      </symbol>
      <symbol id="sm-a4a">
         <name>__mspabi_slll_10</name>
         <value>0x139a2</value>
         <object_component_ref idref="oc-400"/>
      </symbol>
      <symbol id="sm-a53">
         <name>__mspabi_srli</name>
         <value>0x13ea0</value>
         <object_component_ref idref="oc-3f5"/>
      </symbol>
      <symbol id="sm-a63">
         <name>__mspabi_srll_8</name>
         <value>0x139e8</value>
         <object_component_ref idref="oc-405"/>
      </symbol>
      <symbol id="sm-a64">
         <name>__mspabi_srll_9</name>
         <value>0x139e4</value>
         <object_component_ref idref="oc-405"/>
      </symbol>
      <symbol id="sm-a65">
         <name>__mspabi_srll_6</name>
         <value>0x139f0</value>
         <object_component_ref idref="oc-405"/>
      </symbol>
      <symbol id="sm-a66">
         <name>__mspabi_srll_7</name>
         <value>0x139ec</value>
         <object_component_ref idref="oc-405"/>
      </symbol>
      <symbol id="sm-a67">
         <name>__mspabi_srll_4</name>
         <value>0x139f8</value>
         <object_component_ref idref="oc-405"/>
      </symbol>
      <symbol id="sm-a68">
         <name>__mspabi_srll_5</name>
         <value>0x139f4</value>
         <object_component_ref idref="oc-405"/>
      </symbol>
      <symbol id="sm-a69">
         <name>__mspabi_srll_2</name>
         <value>0x13a00</value>
         <object_component_ref idref="oc-405"/>
      </symbol>
      <symbol id="sm-a6a">
         <name>__mspabi_srll_3</name>
         <value>0x139fc</value>
         <object_component_ref idref="oc-405"/>
      </symbol>
      <symbol id="sm-a6b">
         <name>__mspabi_srll_1</name>
         <value>0x13a04</value>
         <object_component_ref idref="oc-405"/>
      </symbol>
      <symbol id="sm-a6c">
         <name>__mspabi_srll_15</name>
         <value>0x139cc</value>
         <object_component_ref idref="oc-405"/>
      </symbol>
      <symbol id="sm-a6d">
         <name>__mspabi_srll_14</name>
         <value>0x139d0</value>
         <object_component_ref idref="oc-405"/>
      </symbol>
      <symbol id="sm-a6e">
         <name>__mspabi_srll_13</name>
         <value>0x139d4</value>
         <object_component_ref idref="oc-405"/>
      </symbol>
      <symbol id="sm-a6f">
         <name>__mspabi_srll_12</name>
         <value>0x139d8</value>
         <object_component_ref idref="oc-405"/>
      </symbol>
      <symbol id="sm-a70">
         <name>__mspabi_srll_11</name>
         <value>0x139dc</value>
         <object_component_ref idref="oc-405"/>
      </symbol>
      <symbol id="sm-a71">
         <name>__mspabi_srll_10</name>
         <value>0x139e0</value>
         <object_component_ref idref="oc-405"/>
      </symbol>
      <symbol id="sm-a72">
         <name>__mspabi_srll</name>
         <value>0x13e12</value>
         <object_component_ref idref="oc-417"/>
      </symbol>
      <symbol id="sm-a86">
         <name>memcpy</name>
         <value>0x13c30</value>
         <object_component_ref idref="oc-d1"/>
      </symbol>
      <symbol id="sm-a95">
         <name>memset</name>
         <value>0x13d32</value>
         <object_component_ref idref="oc-2c3"/>
      </symbol>
      <symbol id="sm-ab6">
         <name>__mspabi_mpyd</name>
         <value>0x113d6</value>
         <object_component_ref idref="oc-223"/>
      </symbol>
      <symbol id="sm-abe">
         <name>__mspabi_mpyi_f5hw</name>
         <value>0x13dc6</value>
         <object_component_ref idref="oc-212"/>
      </symbol>
      <symbol id="sm-ac6">
         <name>__mspabi_mpyl_f5hw</name>
         <value>0x13cf0</value>
         <object_component_ref idref="oc-40e"/>
      </symbol>
      <symbol id="sm-ad0">
         <name>_system_pre_init</name>
         <value>0x13ed0</value>
         <object_component_ref idref="oc-ac"/>
      </symbol>
      <symbol id="sm-b03">
         <name>snprintf</name>
         <value>0x12e34</value>
         <object_component_ref idref="oc-1d4"/>
      </symbol>
      <symbol id="sm-b74">
         <name>__TI_printfi_minimal</name>
         <value>0x120fe</value>
         <object_component_ref idref="oc-29d"/>
      </symbol>
      <symbol id="sm-b7d">
         <name>__mspabi_sral_15</name>
         <value>0x13950</value>
         <object_component_ref idref="oc-100"/>
      </symbol>
      <symbol id="sm-b7e">
         <name>__mspabi_sral_14</name>
         <value>0x13954</value>
         <object_component_ref idref="oc-100"/>
      </symbol>
      <symbol id="sm-b7f">
         <name>__mspabi_sral_13</name>
         <value>0x13958</value>
         <object_component_ref idref="oc-100"/>
      </symbol>
      <symbol id="sm-b80">
         <name>__mspabi_sral_12</name>
         <value>0x1395c</value>
         <object_component_ref idref="oc-100"/>
      </symbol>
      <symbol id="sm-b81">
         <name>__mspabi_sral_11</name>
         <value>0x13960</value>
         <object_component_ref idref="oc-100"/>
      </symbol>
      <symbol id="sm-b82">
         <name>__mspabi_sral_10</name>
         <value>0x13964</value>
         <object_component_ref idref="oc-100"/>
      </symbol>
      <symbol id="sm-b83">
         <name>__mspabi_sral_8</name>
         <value>0x1396c</value>
         <object_component_ref idref="oc-100"/>
      </symbol>
      <symbol id="sm-b84">
         <name>__mspabi_sral_9</name>
         <value>0x13968</value>
         <object_component_ref idref="oc-100"/>
      </symbol>
      <symbol id="sm-b85">
         <name>__mspabi_sral_6</name>
         <value>0x13974</value>
         <object_component_ref idref="oc-100"/>
      </symbol>
      <symbol id="sm-b86">
         <name>__mspabi_sral_7</name>
         <value>0x13970</value>
         <object_component_ref idref="oc-100"/>
      </symbol>
      <symbol id="sm-b87">
         <name>__mspabi_sral_4</name>
         <value>0x1397c</value>
         <object_component_ref idref="oc-100"/>
      </symbol>
      <symbol id="sm-b88">
         <name>__mspabi_sral_5</name>
         <value>0x13978</value>
         <object_component_ref idref="oc-100"/>
      </symbol>
      <symbol id="sm-b89">
         <name>__mspabi_sral_2</name>
         <value>0x13984</value>
         <object_component_ref idref="oc-100"/>
      </symbol>
      <symbol id="sm-b8a">
         <name>__mspabi_sral_3</name>
         <value>0x13980</value>
         <object_component_ref idref="oc-100"/>
      </symbol>
      <symbol id="sm-b8b">
         <name>__mspabi_sral_1</name>
         <value>0x13988</value>
         <object_component_ref idref="oc-100"/>
      </symbol>
      <symbol id="sm-ba1">
         <name>_auto_init_hold_wdt</name>
         <value>0x1284e</value>
         <object_component_ref idref="oc-b2"/>
      </symbol>
      <symbol id="sm-bb6">
         <name>__TI_frcmpyd</name>
         <value>0x10e62</value>
         <object_component_ref idref="oc-307"/>
      </symbol>
      <symbol id="sm-bc7">
         <name>memccpy</name>
         <value>0x13d12</value>
         <object_component_ref idref="oc-4a2"/>
      </symbol>
      <symbol id="sm-bd8">
         <name>strlen</name>
         <value>0x13e00</value>
         <object_component_ref idref="oc-3ba"/>
      </symbol>
      <symbol id="sm-bdf">
         <name>__TI_exit</name>
         <value>0x1</value>
      </symbol>
      <symbol id="sm-be0">
         <name>__TI_args_main</name>
         <value>0x1</value>
      </symbol>
      <symbol id="sm-be1">
         <name>__TI_INITARRAY_Base</name>
         <value>0x0</value>
      </symbol>
      <symbol id="sm-be2">
         <name>__TI_INITARRAY_Limit</name>
         <value>0x0</value>
      </symbol>
   </symbol_table>
   <title>Link successful</title>
</link_info>
