<?xml version="1.0"?>
<link_info>
   <banner>MSP430 Linker PC v4.3.3</banner>
   <copyright>Copyright (c) 2003-2014 Texas Instruments Incorporated</copyright>
   <link_time>0x54e4aee8</link_time>
   <link_errors>0x0</link_errors>
   <output_file>ECW_TI.out</output_file>
   <entry_point>
      <name>_c_int00</name>
      <address>0x44a6</address>
   </entry_point>
   <input_file_list>
      <input_file id="fl-2">
         <path>.\</path>
         <kind>object</kind>
         <file>HAL_Board.obj</file>
         <name>HAL_Board.obj</name>
      </input_file>
      <input_file id="fl-3">
         <path>.\</path>
         <kind>object</kind>
         <file>HAL_Buttons.obj</file>
         <name>HAL_Buttons.obj</name>
      </input_file>
      <input_file id="fl-4">
         <path>.\</path>
         <kind>object</kind>
         <file>HAL_Dogs102x6.obj</file>
         <name>HAL_Dogs102x6.obj</name>
      </input_file>
      <input_file id="fl-5">
         <path>.\</path>
         <kind>object</kind>
         <file>HAL_Wheel.obj</file>
         <name>HAL_Wheel.obj</name>
      </input_file>
      <input_file id="fl-6">
         <path>.\</path>
         <kind>object</kind>
         <file>main.obj</file>
         <name>main.obj</name>
      </input_file>
      <input_file id="fl-7">
         <path>.\grlib\</path>
         <kind>object</kind>
         <file>circle.obj</file>
         <name>circle.obj</name>
      </input_file>
      <input_file id="fl-8">
         <path>.\grlib\</path>
         <kind>object</kind>
         <file>context.obj</file>
         <name>context.obj</name>
      </input_file>
      <input_file id="fl-9">
         <path>.\grlib\</path>
         <kind>object</kind>
         <file>image.obj</file>
         <name>image.obj</name>
      </input_file>
      <input_file id="fl-a">
         <path>.\grlib\</path>
         <kind>object</kind>
         <file>line.obj</file>
         <name>line.obj</name>
      </input_file>
      <input_file id="fl-b">
         <path>.\grlib\</path>
         <kind>object</kind>
         <file>rectangle.obj</file>
         <name>rectangle.obj</name>
      </input_file>
      <input_file id="fl-c">
         <path>.\grlib\</path>
         <kind>object</kind>
         <file>string.obj</file>
         <name>string.obj</name>
      </input_file>
      <input_file id="fl-d">
         <path>.\fonts\</path>
         <kind>object</kind>
         <file>fontfixed6x8.obj</file>
         <name>fontfixed6x8.obj</name>
      </input_file>
      <input_file id="fl-e">
         <path>.\driverlib\MSP430F5xx_6xx\</path>
         <kind>object</kind>
         <file>adc10_a.obj</file>
         <name>adc10_a.obj</name>
      </input_file>
      <input_file id="fl-f">
         <path>.\driverlib\MSP430F5xx_6xx\</path>
         <kind>object</kind>
         <file>adc12_a.obj</file>
         <name>adc12_a.obj</name>
      </input_file>
      <input_file id="fl-10">
         <path>.\driverlib\MSP430F5xx_6xx\</path>
         <kind>object</kind>
         <file>aes.obj</file>
         <name>aes.obj</name>
      </input_file>
      <input_file id="fl-11">
         <path>.\driverlib\MSP430F5xx_6xx\</path>
         <kind>object</kind>
         <file>bak_batt.obj</file>
         <name>bak_batt.obj</name>
      </input_file>
      <input_file id="fl-12">
         <path>.\driverlib\MSP430F5xx_6xx\</path>
         <kind>object</kind>
         <file>comp_b.obj</file>
         <name>comp_b.obj</name>
      </input_file>
      <input_file id="fl-13">
         <path>.\driverlib\MSP430F5xx_6xx\</path>
         <kind>object</kind>
         <file>crc.obj</file>
         <name>crc.obj</name>
      </input_file>
      <input_file id="fl-14">
         <path>.\driverlib\MSP430F5xx_6xx\</path>
         <kind>object</kind>
         <file>dac12_a.obj</file>
         <name>dac12_a.obj</name>
      </input_file>
      <input_file id="fl-15">
         <path>.\driverlib\MSP430F5xx_6xx\</path>
         <kind>object</kind>
         <file>dma.obj</file>
         <name>dma.obj</name>
      </input_file>
      <input_file id="fl-16">
         <path>.\driverlib\MSP430F5xx_6xx\</path>
         <kind>object</kind>
         <file>eusci_a_spi.obj</file>
         <name>eusci_a_spi.obj</name>
      </input_file>
      <input_file id="fl-17">
         <path>.\driverlib\MSP430F5xx_6xx\</path>
         <kind>object</kind>
         <file>eusci_a_uart.obj</file>
         <name>eusci_a_uart.obj</name>
      </input_file>
      <input_file id="fl-18">
         <path>.\driverlib\MSP430F5xx_6xx\</path>
         <kind>object</kind>
         <file>eusci_b_i2c.obj</file>
         <name>eusci_b_i2c.obj</name>
      </input_file>
      <input_file id="fl-19">
         <path>.\driverlib\MSP430F5xx_6xx\</path>
         <kind>object</kind>
         <file>eusci_b_spi.obj</file>
         <name>eusci_b_spi.obj</name>
      </input_file>
      <input_file id="fl-1a">
         <path>.\driverlib\MSP430F5xx_6xx\</path>
         <kind>object</kind>
         <file>eusci_i2c.obj</file>
         <name>eusci_i2c.obj</name>
      </input_file>
      <input_file id="fl-1b">
         <path>.\driverlib\MSP430F5xx_6xx\</path>
         <kind>object</kind>
         <file>eusci_spi.obj</file>
         <name>eusci_spi.obj</name>
      </input_file>
      <input_file id="fl-1c">
         <path>.\driverlib\MSP430F5xx_6xx\</path>
         <kind>object</kind>
         <file>eusci_uart.obj</file>
         <name>eusci_uart.obj</name>
      </input_file>
      <input_file id="fl-1d">
         <path>.\driverlib\MSP430F5xx_6xx\</path>
         <kind>object</kind>
         <file>flash.obj</file>
         <name>flash.obj</name>
      </input_file>
      <input_file id="fl-1e">
         <path>.\driverlib\MSP430F5xx_6xx\</path>
         <kind>object</kind>
         <file>gpio.obj</file>
         <name>gpio.obj</name>
      </input_file>
      <input_file id="fl-1f">
         <path>.\driverlib\MSP430F5xx_6xx\</path>
         <kind>object</kind>
         <file>ldopwr.obj</file>
         <name>ldopwr.obj</name>
      </input_file>
      <input_file id="fl-20">
         <path>.\driverlib\MSP430F5xx_6xx\</path>
         <kind>object</kind>
         <file>mpy32.obj</file>
         <name>mpy32.obj</name>
      </input_file>
      <input_file id="fl-21">
         <path>.\driverlib\MSP430F5xx_6xx\</path>
         <kind>object</kind>
         <file>pmap.obj</file>
         <name>pmap.obj</name>
      </input_file>
      <input_file id="fl-22">
         <path>.\driverlib\MSP430F5xx_6xx\</path>
         <kind>object</kind>
         <file>pmm.obj</file>
         <name>pmm.obj</name>
      </input_file>
      <input_file id="fl-23">
         <path>.\driverlib\MSP430F5xx_6xx\</path>
         <kind>object</kind>
         <file>ram.obj</file>
         <name>ram.obj</name>
      </input_file>
      <input_file id="fl-24">
         <path>.\driverlib\MSP430F5xx_6xx\</path>
         <kind>object</kind>
         <file>ref.obj</file>
         <name>ref.obj</name>
      </input_file>
      <input_file id="fl-25">
         <path>.\driverlib\MSP430F5xx_6xx\</path>
         <kind>object</kind>
         <file>rtc_a.obj</file>
         <name>rtc_a.obj</name>
      </input_file>
      <input_file id="fl-26">
         <path>.\driverlib\MSP430F5xx_6xx\</path>
         <kind>object</kind>
         <file>rtc_b.obj</file>
         <name>rtc_b.obj</name>
      </input_file>
      <input_file id="fl-27">
         <path>.\driverlib\MSP430F5xx_6xx\</path>
         <kind>object</kind>
         <file>rtc_c.obj</file>
         <name>rtc_c.obj</name>
      </input_file>
      <input_file id="fl-28">
         <path>.\driverlib\MSP430F5xx_6xx\</path>
         <kind>object</kind>
         <file>sd24_b.obj</file>
         <name>sd24_b.obj</name>
      </input_file>
      <input_file id="fl-29">
         <path>.\driverlib\MSP430F5xx_6xx\</path>
         <kind>object</kind>
         <file>sfr.obj</file>
         <name>sfr.obj</name>
      </input_file>
      <input_file id="fl-2a">
         <path>.\driverlib\MSP430F5xx_6xx\</path>
         <kind>object</kind>
         <file>sys.obj</file>
         <name>sys.obj</name>
      </input_file>
      <input_file id="fl-2b">
         <path>.\driverlib\MSP430F5xx_6xx\</path>
         <kind>object</kind>
         <file>tec.obj</file>
         <name>tec.obj</name>
      </input_file>
      <input_file id="fl-2c">
         <path>.\driverlib\MSP430F5xx_6xx\</path>
         <kind>object</kind>
         <file>timer_a.obj</file>
         <name>timer_a.obj</name>
      </input_file>
      <input_file id="fl-2d">
         <path>.\driverlib\MSP430F5xx_6xx\</path>
         <kind>object</kind>
         <file>timer_b.obj</file>
         <name>timer_b.obj</name>
      </input_file>
      <input_file id="fl-2e">
         <path>.\driverlib\MSP430F5xx_6xx\</path>
         <kind>object</kind>
         <file>timer_d.obj</file>
         <name>timer_d.obj</name>
      </input_file>
      <input_file id="fl-2f">
         <path>.\driverlib\MSP430F5xx_6xx\</path>
         <kind>object</kind>
         <file>tlv.obj</file>
         <name>tlv.obj</name>
      </input_file>
      <input_file id="fl-30">
         <path>.\driverlib\MSP430F5xx_6xx\</path>
         <kind>object</kind>
         <file>ucs.obj</file>
         <name>ucs.obj</name>
      </input_file>
      <input_file id="fl-31">
         <path>.\driverlib\MSP430F5xx_6xx\</path>
         <kind>object</kind>
         <file>usci_a_spi.obj</file>
         <name>usci_a_spi.obj</name>
      </input_file>
      <input_file id="fl-32">
         <path>.\driverlib\MSP430F5xx_6xx\</path>
         <kind>object</kind>
         <file>usci_a_uart.obj</file>
         <name>usci_a_uart.obj</name>
      </input_file>
      <input_file id="fl-33">
         <path>.\driverlib\MSP430F5xx_6xx\</path>
         <kind>object</kind>
         <file>usci_b_i2c.obj</file>
         <name>usci_b_i2c.obj</name>
      </input_file>
      <input_file id="fl-34">
         <path>.\driverlib\MSP430F5xx_6xx\</path>
         <kind>object</kind>
         <file>usci_b_spi.obj</file>
         <name>usci_b_spi.obj</name>
      </input_file>
      <input_file id="fl-35">
         <path>.\driverlib\MSP430F5xx_6xx\</path>
         <kind>object</kind>
         <file>usci_i2c.obj</file>
         <name>usci_i2c.obj</name>
      </input_file>
      <input_file id="fl-36">
         <path>.\driverlib\MSP430F5xx_6xx\</path>
         <kind>object</kind>
         <file>usci_spi.obj</file>
         <name>usci_spi.obj</name>
      </input_file>
      <input_file id="fl-37">
         <path>.\driverlib\MSP430F5xx_6xx\</path>
         <kind>object</kind>
         <file>usci_uart.obj</file>
         <name>usci_uart.obj</name>
      </input_file>
      <input_file id="fl-38">
         <path>.\driverlib\MSP430F5xx_6xx\</path>
         <kind>object</kind>
         <file>wdt_a.obj</file>
         <name>wdt_a.obj</name>
      </input_file>
      <input_file id="fl-39">
         <path>.\driverlib\MSP430F5xx_6xx\deprecated\</path>
         <kind>object</kind>
         <file>dma.obj</file>
         <name>dma.obj</name>
      </input_file>
      <input_file id="fl-3a">
         <path>.\driverlib\MSP430F5xx_6xx\deprecated\</path>
         <kind>object</kind>
         <file>flash.obj</file>
         <name>flash.obj</name>
      </input_file>
      <input_file id="fl-3b">
         <path>.\driverlib\MSP430F5xx_6xx\deprecated\</path>
         <kind>object</kind>
         <file>mpy32.obj</file>
         <name>mpy32.obj</name>
      </input_file>
      <input_file id="fl-3c">
         <path>.\driverlib\MSP430F5xx_6xx\deprecated\</path>
         <kind>object</kind>
         <file>pmm.obj</file>
         <name>pmm.obj</name>
      </input_file>
      <input_file id="fl-3d">
         <path>.\driverlib\MSP430F5xx_6xx\deprecated\</path>
         <kind>object</kind>
         <file>ram.obj</file>
         <name>ram.obj</name>
      </input_file>
      <input_file id="fl-3e">
         <path>.\driverlib\MSP430F5xx_6xx\deprecated\</path>
         <kind>object</kind>
         <file>sfr.obj</file>
         <name>sfr.obj</name>
      </input_file>
      <input_file id="fl-3f">
         <path>.\driverlib\MSP430F5xx_6xx\deprecated\</path>
         <kind>object</kind>
         <file>sys.obj</file>
         <name>sys.obj</name>
      </input_file>
      <input_file id="fl-40">
         <path>.\driverlib\MSP430F5xx_6xx\deprecated\</path>
         <kind>object</kind>
         <file>ucs.obj</file>
         <name>ucs.obj</name>
      </input_file>
      <input_file id="fl-41">
         <path>.\LcdDriver\</path>
         <kind>object</kind>
         <file>Dogs102x64_UC1701.obj</file>
         <name>Dogs102x64_UC1701.obj</name>
      </input_file>
      <input_file id="fl-42">
         <path>.\Images\</path>
         <kind>object</kind>
         <file>LPRocket_96x37.obj</file>
         <name>LPRocket_96x37.obj</name>
      </input_file>
      <input_file id="fl-43">
         <path>.\Images\</path>
         <kind>object</kind>
         <file>TI_Logo_69x64.obj</file>
         <name>TI_Logo_69x64.obj</name>
      </input_file>
      <input_file id="fl-72">
         <path>c:\ti\ccsv6\tools\compiler\msp430_4.3.3\lib\</path>
         <kind>archive</kind>
         <file>rts430x_lc_ld_eabi.lib</file>
         <name>addd.obj</name>
      </input_file>
      <input_file id="fl-73">
         <path>c:\ti\ccsv6\tools\compiler\msp430_4.3.3\lib\</path>
         <kind>archive</kind>
         <file>rts430x_lc_ld_eabi.lib</file>
         <name>asr16.obj</name>
      </input_file>
      <input_file id="fl-74">
         <path>c:\ti\ccsv6\tools\compiler\msp430_4.3.3\lib\</path>
         <kind>archive</kind>
         <file>rts430x_lc_ld_eabi.lib</file>
         <name>boot.obj</name>
      </input_file>
      <input_file id="fl-75">
         <path>c:\ti\ccsv6\tools\compiler\msp430_4.3.3\lib\</path>
         <kind>archive</kind>
         <file>rts430x_lc_ld_eabi.lib</file>
         <name>copy_decompress_none.obj</name>
      </input_file>
      <input_file id="fl-76">
         <path>c:\ti\ccsv6\tools\compiler\msp430_4.3.3\lib\</path>
         <kind>archive</kind>
         <file>rts430x_lc_ld_eabi.lib</file>
         <name>copy_decompress_rle.obj</name>
      </input_file>
      <input_file id="fl-77">
         <path>c:\ti\ccsv6\tools\compiler\msp430_4.3.3\lib\</path>
         <kind>archive</kind>
         <file>rts430x_lc_ld_eabi.lib</file>
         <name>copy_zero_init.obj</name>
      </input_file>
      <input_file id="fl-78">
         <path>c:\ti\ccsv6\tools\compiler\msp430_4.3.3\lib\</path>
         <kind>archive</kind>
         <file>rts430x_lc_ld_eabi.lib</file>
         <name>cos.obj</name>
      </input_file>
      <input_file id="fl-79">
         <path>c:\ti\ccsv6\tools\compiler\msp430_4.3.3\lib\</path>
         <kind>archive</kind>
         <file>rts430x_lc_ld_eabi.lib</file>
         <name>cvtdf.obj</name>
      </input_file>
      <input_file id="fl-7a">
         <path>c:\ti\ccsv6\tools\compiler\msp430_4.3.3\lib\</path>
         <kind>archive</kind>
         <file>rts430x_lc_ld_eabi.lib</file>
         <name>cvtfd.obj</name>
      </input_file>
      <input_file id="fl-7b">
         <path>c:\ti\ccsv6\tools\compiler\msp430_4.3.3\lib\</path>
         <kind>archive</kind>
         <file>rts430x_lc_ld_eabi.lib</file>
         <name>div16s.obj</name>
      </input_file>
      <input_file id="fl-7c">
         <path>c:\ti\ccsv6\tools\compiler\msp430_4.3.3\lib\</path>
         <kind>archive</kind>
         <file>rts430x_lc_ld_eabi.lib</file>
         <name>div16u.obj</name>
      </input_file>
      <input_file id="fl-7d">
         <path>c:\ti\ccsv6\tools\compiler\msp430_4.3.3\lib\</path>
         <kind>archive</kind>
         <file>rts430x_lc_ld_eabi.lib</file>
         <name>div32s.obj</name>
      </input_file>
      <input_file id="fl-7e">
         <path>c:\ti\ccsv6\tools\compiler\msp430_4.3.3\lib\</path>
         <kind>archive</kind>
         <file>rts430x_lc_ld_eabi.lib</file>
         <name>div32u.obj</name>
      </input_file>
      <input_file id="fl-7f">
         <path>c:\ti\ccsv6\tools\compiler\msp430_4.3.3\lib\</path>
         <kind>archive</kind>
         <file>rts430x_lc_ld_eabi.lib</file>
         <name>divd.obj</name>
      </input_file>
      <input_file id="fl-80">
         <path>c:\ti\ccsv6\tools\compiler\msp430_4.3.3\lib\</path>
         <kind>archive</kind>
         <file>rts430x_lc_ld_eabi.lib</file>
         <name>exit.obj</name>
      </input_file>
      <input_file id="fl-81">
         <path>c:\ti\ccsv6\tools\compiler\msp430_4.3.3\lib\</path>
         <kind>archive</kind>
         <file>rts430x_lc_ld_eabi.lib</file>
         <name>fltid.obj</name>
      </input_file>
      <input_file id="fl-82">
         <path>c:\ti\ccsv6\tools\compiler\msp430_4.3.3\lib\</path>
         <kind>archive</kind>
         <file>rts430x_lc_ld_eabi.lib</file>
         <name>fltlid.obj</name>
      </input_file>
      <input_file id="fl-83">
         <path>c:\ti\ccsv6\tools\compiler\msp430_4.3.3\lib\</path>
         <kind>archive</kind>
         <file>rts430x_lc_ld_eabi.lib</file>
         <name>frcaddd.obj</name>
      </input_file>
      <input_file id="fl-84">
         <path>c:\ti\ccsv6\tools\compiler\msp430_4.3.3\lib\</path>
         <kind>archive</kind>
         <file>rts430x_lc_ld_eabi.lib</file>
         <name>frcdivd.obj</name>
      </input_file>
      <input_file id="fl-85">
         <path>c:\ti\ccsv6\tools\compiler\msp430_4.3.3\lib\</path>
         <kind>archive</kind>
         <file>rts430x_lc_ld_eabi.lib</file>
         <name>fs_add.obj</name>
      </input_file>
      <input_file id="fl-86">
         <path>c:\ti\ccsv6\tools\compiler\msp430_4.3.3\lib\</path>
         <kind>archive</kind>
         <file>rts430x_lc_ld_eabi.lib</file>
         <name>fs_cmp.obj</name>
      </input_file>
      <input_file id="fl-87">
         <path>c:\ti\ccsv6\tools\compiler\msp430_4.3.3\lib\</path>
         <kind>archive</kind>
         <file>rts430x_lc_ld_eabi.lib</file>
         <name>fs_itof.obj</name>
      </input_file>
      <input_file id="fl-88">
         <path>c:\ti\ccsv6\tools\compiler\msp430_4.3.3\lib\</path>
         <kind>archive</kind>
         <file>rts430x_lc_ld_eabi.lib</file>
         <name>fs_mpy.obj</name>
      </input_file>
      <input_file id="fl-89">
         <path>c:\ti\ccsv6\tools\compiler\msp430_4.3.3\lib\</path>
         <kind>archive</kind>
         <file>rts430x_lc_ld_eabi.lib</file>
         <name>fs_toi.obj</name>
      </input_file>
      <input_file id="fl-8a">
         <path>c:\ti\ccsv6\tools\compiler\msp430_4.3.3\lib\</path>
         <kind>archive</kind>
         <file>rts430x_lc_ld_eabi.lib</file>
         <name>fs_utof.obj</name>
      </input_file>
      <input_file id="fl-8b">
         <path>c:\ti\ccsv6\tools\compiler\msp430_4.3.3\lib\</path>
         <kind>archive</kind>
         <file>rts430x_lc_ld_eabi.lib</file>
         <name>int41.obj</name>
      </input_file>
      <input_file id="fl-8c">
         <path>c:\ti\ccsv6\tools\compiler\msp430_4.3.3\lib\</path>
         <kind>archive</kind>
         <file>rts430x_lc_ld_eabi.lib</file>
         <name>int43.obj</name>
      </input_file>
      <input_file id="fl-8d">
         <path>c:\ti\ccsv6\tools\compiler\msp430_4.3.3\lib\</path>
         <kind>archive</kind>
         <file>rts430x_lc_ld_eabi.lib</file>
         <name>int44.obj</name>
      </input_file>
      <input_file id="fl-8e">
         <path>c:\ti\ccsv6\tools\compiler\msp430_4.3.3\lib\</path>
         <kind>archive</kind>
         <file>rts430x_lc_ld_eabi.lib</file>
         <name>int45.obj</name>
      </input_file>
      <input_file id="fl-8f">
         <path>c:\ti\ccsv6\tools\compiler\msp430_4.3.3\lib\</path>
         <kind>archive</kind>
         <file>rts430x_lc_ld_eabi.lib</file>
         <name>int46.obj</name>
      </input_file>
      <input_file id="fl-90">
         <path>c:\ti\ccsv6\tools\compiler\msp430_4.3.3\lib\</path>
         <kind>archive</kind>
         <file>rts430x_lc_ld_eabi.lib</file>
         <name>int48.obj</name>
      </input_file>
      <input_file id="fl-91">
         <path>c:\ti\ccsv6\tools\compiler\msp430_4.3.3\lib\</path>
         <kind>archive</kind>
         <file>rts430x_lc_ld_eabi.lib</file>
         <name>int49.obj</name>
      </input_file>
      <input_file id="fl-92">
         <path>c:\ti\ccsv6\tools\compiler\msp430_4.3.3\lib\</path>
         <kind>archive</kind>
         <file>rts430x_lc_ld_eabi.lib</file>
         <name>int50.obj</name>
      </input_file>
      <input_file id="fl-93">
         <path>c:\ti\ccsv6\tools\compiler\msp430_4.3.3\lib\</path>
         <kind>archive</kind>
         <file>rts430x_lc_ld_eabi.lib</file>
         <name>int51.obj</name>
      </input_file>
      <input_file id="fl-94">
         <path>c:\ti\ccsv6\tools\compiler\msp430_4.3.3\lib\</path>
         <kind>archive</kind>
         <file>rts430x_lc_ld_eabi.lib</file>
         <name>int52.obj</name>
      </input_file>
      <input_file id="fl-95">
         <path>c:\ti\ccsv6\tools\compiler\msp430_4.3.3\lib\</path>
         <kind>archive</kind>
         <file>rts430x_lc_ld_eabi.lib</file>
         <name>int53.obj</name>
      </input_file>
      <input_file id="fl-96">
         <path>c:\ti\ccsv6\tools\compiler\msp430_4.3.3\lib\</path>
         <kind>archive</kind>
         <file>rts430x_lc_ld_eabi.lib</file>
         <name>int55.obj</name>
      </input_file>
      <input_file id="fl-97">
         <path>c:\ti\ccsv6\tools\compiler\msp430_4.3.3\lib\</path>
         <kind>archive</kind>
         <file>rts430x_lc_ld_eabi.lib</file>
         <name>int56.obj</name>
      </input_file>
      <input_file id="fl-98">
         <path>c:\ti\ccsv6\tools\compiler\msp430_4.3.3\lib\</path>
         <kind>archive</kind>
         <file>rts430x_lc_ld_eabi.lib</file>
         <name>int58.obj</name>
      </input_file>
      <input_file id="fl-99">
         <path>c:\ti\ccsv6\tools\compiler\msp430_4.3.3\lib\</path>
         <kind>archive</kind>
         <file>rts430x_lc_ld_eabi.lib</file>
         <name>int59.obj</name>
      </input_file>
      <input_file id="fl-9a">
         <path>c:\ti\ccsv6\tools\compiler\msp430_4.3.3\lib\</path>
         <kind>archive</kind>
         <file>rts430x_lc_ld_eabi.lib</file>
         <name>int60.obj</name>
      </input_file>
      <input_file id="fl-9b">
         <path>c:\ti\ccsv6\tools\compiler\msp430_4.3.3\lib\</path>
         <kind>archive</kind>
         <file>rts430x_lc_ld_eabi.lib</file>
         <name>int61.obj</name>
      </input_file>
      <input_file id="fl-9c">
         <path>c:\ti\ccsv6\tools\compiler\msp430_4.3.3\lib\</path>
         <kind>archive</kind>
         <file>rts430x_lc_ld_eabi.lib</file>
         <name>int62.obj</name>
      </input_file>
      <input_file id="fl-9d">
         <path>c:\ti\ccsv6\tools\compiler\msp430_4.3.3\lib\</path>
         <kind>archive</kind>
         <file>rts430x_lc_ld_eabi.lib</file>
         <name>isr_trap.obj</name>
      </input_file>
      <input_file id="fl-9e">
         <path>c:\ti\ccsv6\tools\compiler\msp430_4.3.3\lib\</path>
         <kind>archive</kind>
         <file>rts430x_lc_ld_eabi.lib</file>
         <name>lsl16.obj</name>
      </input_file>
      <input_file id="fl-9f">
         <path>c:\ti\ccsv6\tools\compiler\msp430_4.3.3\lib\</path>
         <kind>archive</kind>
         <file>rts430x_lc_ld_eabi.lib</file>
         <name>lsl32.obj</name>
      </input_file>
      <input_file id="fl-a0">
         <path>c:\ti\ccsv6\tools\compiler\msp430_4.3.3\lib\</path>
         <kind>archive</kind>
         <file>rts430x_lc_ld_eabi.lib</file>
         <name>lsr16.obj</name>
      </input_file>
      <input_file id="fl-a1">
         <path>c:\ti\ccsv6\tools\compiler\msp430_4.3.3\lib\</path>
         <kind>archive</kind>
         <file>rts430x_lc_ld_eabi.lib</file>
         <name>lsr32.obj</name>
      </input_file>
      <input_file id="fl-a2">
         <path>c:\ti\ccsv6\tools\compiler\msp430_4.3.3\lib\</path>
         <kind>archive</kind>
         <file>rts430x_lc_ld_eabi.lib</file>
         <name>memcpy.obj</name>
      </input_file>
      <input_file id="fl-a3">
         <path>c:\ti\ccsv6\tools\compiler\msp430_4.3.3\lib\</path>
         <kind>archive</kind>
         <file>rts430x_lc_ld_eabi.lib</file>
         <name>memset.obj</name>
      </input_file>
      <input_file id="fl-a4">
         <path>c:\ti\ccsv6\tools\compiler\msp430_4.3.3\lib\</path>
         <kind>archive</kind>
         <file>rts430x_lc_ld_eabi.lib</file>
         <name>mpu_init.obj</name>
      </input_file>
      <input_file id="fl-a5">
         <path>c:\ti\ccsv6\tools\compiler\msp430_4.3.3\lib\</path>
         <kind>archive</kind>
         <file>rts430x_lc_ld_eabi.lib</file>
         <name>mpyd.obj</name>
      </input_file>
      <input_file id="fl-a6">
         <path>c:\ti\ccsv6\tools\compiler\msp430_4.3.3\lib\</path>
         <kind>archive</kind>
         <file>rts430x_lc_ld_eabi.lib</file>
         <name>mult16_f5hw.obj</name>
      </input_file>
      <input_file id="fl-a7">
         <path>c:\ti\ccsv6\tools\compiler\msp430_4.3.3\lib\</path>
         <kind>archive</kind>
         <file>rts430x_lc_ld_eabi.lib</file>
         <name>mult32_f5hw.obj</name>
      </input_file>
      <input_file id="fl-a8">
         <path>c:\ti\ccsv6\tools\compiler\msp430_4.3.3\lib\</path>
         <kind>archive</kind>
         <file>rts430x_lc_ld_eabi.lib</file>
         <name>pow.obj</name>
      </input_file>
      <input_file id="fl-a9">
         <path>c:\ti\ccsv6\tools\compiler\msp430_4.3.3\lib\</path>
         <kind>archive</kind>
         <file>rts430x_lc_ld_eabi.lib</file>
         <name>pre_init.obj</name>
      </input_file>
      <input_file id="fl-aa">
         <path>c:\ti\ccsv6\tools\compiler\msp430_4.3.3\lib\</path>
         <kind>archive</kind>
         <file>rts430x_lc_ld_eabi.lib</file>
         <name>renormd.obj</name>
      </input_file>
      <input_file id="fl-ab">
         <path>c:\ti\ccsv6\tools\compiler\msp430_4.3.3\lib\</path>
         <kind>archive</kind>
         <file>rts430x_lc_ld_eabi.lib</file>
         <name>sin.obj</name>
      </input_file>
      <input_file id="fl-ac">
         <path>c:\ti\ccsv6\tools\compiler\msp430_4.3.3\lib\</path>
         <kind>archive</kind>
         <file>rts430x_lc_ld_eabi.lib</file>
         <name>snprintf.obj</name>
      </input_file>
      <input_file id="fl-ad">
         <path>c:\ti\ccsv6\tools\compiler\msp430_4.3.3\lib\</path>
         <kind>archive</kind>
         <file>rts430x_lc_ld_eabi.lib</file>
         <name>subd.obj</name>
      </input_file>
      <input_file id="fl-ae">
         <path>c:\ti\ccsv6\tools\compiler\msp430_4.3.3\lib\</path>
         <kind>archive</kind>
         <file>rts430x_lc_ld_eabi.lib</file>
         <name>xdint.obj</name>
      </input_file>
      <input_file id="fl-af">
         <path>c:\ti\ccsv6\tools\compiler\msp430_4.3.3\lib\</path>
         <kind>archive</kind>
         <file>rts430x_lc_ld_eabi.lib</file>
         <name>xdunscal.obj</name>
      </input_file>
      <input_file id="fl-b0">
         <path>c:\ti\ccsv6\tools\compiler\msp430_4.3.3\lib\</path>
         <kind>archive</kind>
         <file>rts430x_lc_ld_eabi.lib</file>
         <name>xexp.obj</name>
      </input_file>
      <input_file id="fl-b1">
         <path>c:\ti\ccsv6\tools\compiler\msp430_4.3.3\lib\</path>
         <kind>archive</kind>
         <file>rts430x_lc_ld_eabi.lib</file>
         <name>xferaise.obj</name>
      </input_file>
      <input_file id="fl-b2">
         <path>c:\ti\ccsv6\tools\compiler\msp430_4.3.3\lib\</path>
         <kind>archive</kind>
         <file>rts430x_lc_ld_eabi.lib</file>
         <name>xsin.obj</name>
      </input_file>
      <input_file id="fl-b3">
         <path>c:\ti\ccsv6\tools\compiler\msp430_4.3.3\lib\</path>
         <kind>archive</kind>
         <file>rts430x_lc_ld_eabi.lib</file>
         <name>xvalues.obj</name>
      </input_file>
      <input_file id="fl-b4">
         <path>c:\ti\ccsv6\tools\compiler\msp430_4.3.3\lib\</path>
         <kind>archive</kind>
         <file>rts430x_lc_ld_eabi.lib</file>
         <name>_lock.obj</name>
      </input_file>
      <input_file id="fl-b5">
         <path>c:\ti\ccsv6\tools\compiler\msp430_4.3.3\lib\</path>
         <kind>archive</kind>
         <file>rts430x_lc_ld_eabi.lib</file>
         <name>_printfi_min.obj</name>
      </input_file>
      <input_file id="fl-b6">
         <path>c:\ti\ccsv6\tools\compiler\msp430_4.3.3\lib\</path>
         <kind>archive</kind>
         <file>rts430x_lc_ld_eabi.lib</file>
         <name>args_main.obj</name>
      </input_file>
      <input_file id="fl-b7">
         <path>c:\ti\ccsv6\tools\compiler\msp430_4.3.3\lib\</path>
         <kind>archive</kind>
         <file>rts430x_lc_ld_eabi.lib</file>
         <name>asr32.obj</name>
      </input_file>
      <input_file id="fl-b8">
         <path>c:\ti\ccsv6\tools\compiler\msp430_4.3.3\lib\</path>
         <kind>archive</kind>
         <file>rts430x_lc_ld_eabi.lib</file>
         <name>autoinit.obj</name>
      </input_file>
      <input_file id="fl-b9">
         <path>c:\ti\ccsv6\tools\compiler\msp430_4.3.3\lib\</path>
         <kind>archive</kind>
         <file>rts430x_lc_ld_eabi.lib</file>
         <name>cmpd.obj</name>
      </input_file>
      <input_file id="fl-ba">
         <path>c:\ti\ccsv6\tools\compiler\msp430_4.3.3\lib\</path>
         <kind>archive</kind>
         <file>rts430x_lc_ld_eabi.lib</file>
         <name>errno.obj</name>
      </input_file>
      <input_file id="fl-bb">
         <path>c:\ti\ccsv6\tools\compiler\msp430_4.3.3\lib\</path>
         <kind>archive</kind>
         <file>rts430x_lc_ld_eabi.lib</file>
         <name>feraiseexcept.obj</name>
      </input_file>
      <input_file id="fl-bc">
         <path>c:\ti\ccsv6\tools\compiler\msp430_4.3.3\lib\</path>
         <kind>archive</kind>
         <file>rts430x_lc_ld_eabi.lib</file>
         <name>fixdi.obj</name>
      </input_file>
      <input_file id="fl-bd">
         <path>c:\ti\ccsv6\tools\compiler\msp430_4.3.3\lib\</path>
         <kind>archive</kind>
         <file>rts430x_lc_ld_eabi.lib</file>
         <name>fixdli.obj</name>
      </input_file>
      <input_file id="fl-be">
         <path>c:\ti\ccsv6\tools\compiler\msp430_4.3.3\lib\</path>
         <kind>archive</kind>
         <file>rts430x_lc_ld_eabi.lib</file>
         <name>fmod.obj</name>
      </input_file>
      <input_file id="fl-bf">
         <path>c:\ti\ccsv6\tools\compiler\msp430_4.3.3\lib\</path>
         <kind>archive</kind>
         <file>rts430x_lc_ld_eabi.lib</file>
         <name>frcmpyd.obj</name>
      </input_file>
      <input_file id="fl-c0">
         <path>c:\ti\ccsv6\tools\compiler\msp430_4.3.3\lib\</path>
         <kind>archive</kind>
         <file>rts430x_lc_ld_eabi.lib</file>
         <name>llmath.obj</name>
      </input_file>
      <input_file id="fl-c1">
         <path>c:\ti\ccsv6\tools\compiler\msp430_4.3.3\lib\</path>
         <kind>archive</kind>
         <file>rts430x_lc_ld_eabi.lib</file>
         <name>log.obj</name>
      </input_file>
      <input_file id="fl-c2">
         <path>c:\ti\ccsv6\tools\compiler\msp430_4.3.3\lib\</path>
         <kind>archive</kind>
         <file>rts430x_lc_ld_eabi.lib</file>
         <name>memccpy.obj</name>
      </input_file>
      <input_file id="fl-c3">
         <path>c:\ti\ccsv6\tools\compiler\msp430_4.3.3\lib\</path>
         <kind>archive</kind>
         <file>rts430x_lc_ld_eabi.lib</file>
         <name>mult64_f5hw.obj</name>
      </input_file>
      <input_file id="fl-c4">
         <path>c:\ti\ccsv6\tools\compiler\msp430_4.3.3\lib\</path>
         <kind>archive</kind>
         <file>rts430x_lc_ld_eabi.lib</file>
         <name>negd.obj</name>
      </input_file>
      <input_file id="fl-c5">
         <path>c:\ti\ccsv6\tools\compiler\msp430_4.3.3\lib\</path>
         <kind>archive</kind>
         <file>rts430x_lc_ld_eabi.lib</file>
         <name>raise.obj</name>
      </input_file>
      <input_file id="fl-c6">
         <path>c:\ti\ccsv6\tools\compiler\msp430_4.3.3\lib\</path>
         <kind>archive</kind>
         <file>rts430x_lc_ld_eabi.lib</file>
         <name>signal.obj</name>
      </input_file>
      <input_file id="fl-c7">
         <path>c:\ti\ccsv6\tools\compiler\msp430_4.3.3\lib\</path>
         <kind>archive</kind>
         <file>rts430x_lc_ld_eabi.lib</file>
         <name>strlen.obj</name>
      </input_file>
      <input_file id="fl-c8">
         <path>c:\ti\ccsv6\tools\compiler\msp430_4.3.3\lib\</path>
         <kind>archive</kind>
         <file>rts430x_lc_ld_eabi.lib</file>
         <name>xdnorm.obj</name>
      </input_file>
      <input_file id="fl-c9">
         <path>c:\ti\ccsv6\tools\compiler\msp430_4.3.3\lib\</path>
         <kind>archive</kind>
         <file>rts430x_lc_ld_eabi.lib</file>
         <name>xdscale.obj</name>
      </input_file>
      <input_file id="fl-ca">
         <path>c:\ti\ccsv6\tools\compiler\msp430_4.3.3\lib\</path>
         <kind>archive</kind>
         <file>rts430x_lc_ld_eabi.lib</file>
         <name>xlog.obj</name>
      </input_file>
      <input_file id="fl-cb">
         <path>c:\ti\ccsv6\tools\compiler\msp430_4.3.3\lib\</path>
         <kind>archive</kind>
         <file>rts430x_lc_ld_eabi.lib</file>
         <name>fs_neg.obj</name>
      </input_file>
      <input_file id="fl-cc">
         <path>c:\ti\ccsv6\tools\compiler\msp430_4.3.3\lib\</path>
         <kind>archive</kind>
         <file>rts430x_lc_ld_eabi.lib</file>
         <name>llabs.obj</name>
      </input_file>
      <input_file id="fl-cd">
         <path>c:\ti\ccsv6\tools\compiler\msp430_4.3.3\lib\</path>
         <kind>archive</kind>
         <file>rts430x_lc_ld_eabi.lib</file>
         <name>xfvalues.obj</name>
      </input_file>
   </input_file_list>
   <object_component_list>
      <object_component id="oc-97">
         <name>.stack</name>
         <uninitialized>true</uninitialized>
         <run_address>0x4360</run_address>
         <size>0x4</size>
         <input_file_ref idref="fl-74"/>
      </object_component>
      <object_component id="oc-50d">
         <name>.stack</name>
         <uninitialized>true</uninitialized>
         <run_address>0x4360</run_address>
         <size>0x0</size>
      </object_component>
      <object_component id="oc-1b3">
         <name>.text:GrStringDraw</name>
         <load_address>0x10000</load_address>
         <run_address>0x10000</run_address>
         <size>0x694</size>
         <input_file_ref idref="fl-c"/>
      </object_component>
      <object_component id="oc-b8">
         <name>.text:main</name>
         <load_address>0x10694</load_address>
         <run_address>0x10694</run_address>
         <size>0x478</size>
         <input_file_ref idref="fl-6"/>
      </object_component>
      <object_component id="oc-33b">
         <name>.text:Dogs102x64_UC1701RectFill</name>
         <load_address>0x10b0c</load_address>
         <run_address>0x10b0c</run_address>
         <size>0x290</size>
         <input_file_ref idref="fl-41"/>
      </object_component>
      <object_component id="oc-36c">
         <name>.text:_setfield</name>
         <load_address>0x10d9c</load_address>
         <run_address>0x10d9c</run_address>
         <size>0x17c</size>
         <input_file_ref idref="fl-b5"/>
      </object_component>
      <object_component id="oc-335">
         <name>.text:Dogs102x64_UC1701LineDrawV</name>
         <load_address>0x10f18</load_address>
         <run_address>0x10f18</run_address>
         <size>0x16e</size>
         <input_file_ref idref="fl-41"/>
      </object_component>
      <object_component id="oc-239">
         <name>.text:Dogs102x64_UC1701Init</name>
         <load_address>0x11086</load_address>
         <run_address>0x11086</run_address>
         <size>0x166</size>
         <input_file_ref idref="fl-41"/>
      </object_component>
      <object_component id="oc-2a7">
         <name>.text:Dogs102x6_verticalLineDraw</name>
         <load_address>0x111ec</load_address>
         <run_address>0x111ec</run_address>
         <size>0x14e</size>
         <input_file_ref idref="fl-4"/>
      </object_component>
      <object_component id="oc-107">
         <name>.text:set_up</name>
         <load_address>0x1133a</load_address>
         <run_address>0x1133a</run_address>
         <size>0x128</size>
         <input_file_ref idref="fl-6"/>
      </object_component>
      <object_component id="oc-1f5">
         <name>.text:Dogs102x6_lineDraw</name>
         <load_address>0x11462</load_address>
         <run_address>0x11462</run_address>
         <size>0x126</size>
         <input_file_ref idref="fl-4"/>
      </object_component>
      <object_component id="oc-458">
         <name>.text:privateUCSSourceClockFromDCO</name>
         <load_address>0x11588</load_address>
         <run_address>0x11588</run_address>
         <size>0xf2</size>
         <input_file_ref idref="fl-30"/>
      </object_component>
      <object_component id="oc-16f">
         <name>.text:Board_init</name>
         <load_address>0x1167a</load_address>
         <run_address>0x1167a</run_address>
         <size>0xe4</size>
         <input_file_ref idref="fl-2"/>
      </object_component>
      <object_component id="oc-230">
         <name>.text:UCS_initFLL</name>
         <load_address>0x1175e</load_address>
         <run_address>0x1175e</run_address>
         <size>0xe2</size>
         <input_file_ref idref="fl-30"/>
      </object_component>
      <object_component id="oc-274">
         <name>.text:__TI_printfi_minimal</name>
         <load_address>0x11840</load_address>
         <run_address>0x11840</run_address>
         <size>0xd6</size>
         <input_file_ref idref="fl-b5"/>
      </object_component>
      <object_component id="oc-135">
         <name>.text:plot</name>
         <load_address>0x11916</load_address>
         <run_address>0x11916</run_address>
         <size>0xd6</size>
         <input_file_ref idref="fl-6"/>
      </object_component>
      <object_component id="oc-3be">
         <name>.text:privateUCSComputeCLKFrequency</name>
         <load_address>0x119ec</load_address>
         <run_address>0x119ec</run_address>
         <size>0xd6</size>
         <input_file_ref idref="fl-30"/>
      </object_component>
      <object_component id="oc-228">
         <name>.text:PMM_setVCoreUp</name>
         <load_address>0x11ac2</load_address>
         <run_address>0x11ac2</run_address>
         <size>0xce</size>
         <input_file_ref idref="fl-22"/>
      </object_component>
      <object_component id="oc-46e">
         <name>.text:privateTimerBProcessClockSourceDivider</name>
         <load_address>0x11b90</load_address>
         <run_address>0x11b90</run_address>
         <size>0xc4</size>
         <input_file_ref idref="fl-2d"/>
      </object_component>
      <object_component id="oc-329">
         <name>.text:Dogs102x64_UC1701PixelDrawMultiple</name>
         <load_address>0x11c54</load_address>
         <run_address>0x11c54</run_address>
         <size>0xc2</size>
         <input_file_ref idref="fl-41"/>
      </object_component>
      <object_component id="oc-255">
         <name>.text:GrLineDrawH</name>
         <load_address>0x11d16</load_address>
         <run_address>0x11d16</run_address>
         <size>0xc0</size>
         <input_file_ref idref="fl-a"/>
      </object_component>
      <object_component id="oc-2ba">
         <name>.text:Dogs102x6_writeData</name>
         <load_address>0x11dd6</load_address>
         <run_address>0x11dd6</run_address>
         <size>0xae</size>
         <input_file_ref idref="fl-4"/>
      </object_component>
      <object_component id="oc-2a1">
         <name>.text:Dogs102x6_horizontalLineDraw</name>
         <load_address>0x11e84</load_address>
         <run_address>0x11e84</run_address>
         <size>0xaa</size>
         <input_file_ref idref="fl-4"/>
      </object_component>
      <object_component id="oc-313">
         <name>.text:Dogs102x64_setBacklight</name>
         <load_address>0x11f2e</load_address>
         <run_address>0x11f2e</run_address>
         <size>0x9e</size>
         <input_file_ref idref="fl-41"/>
      </object_component>
      <object_component id="oc-12c">
         <name>.text:print_int</name>
         <load_address>0x11fcc</load_address>
         <run_address>0x11fcc</run_address>
         <size>0x9a</size>
         <input_file_ref idref="fl-6"/>
      </object_component>
      <object_component id="oc-b2">
         <name>.text:_auto_init_hold_wdt</name>
         <load_address>0x12066</load_address>
         <run_address>0x12066</run_address>
         <size>0x98</size>
         <input_file_ref idref="fl-b8"/>
      </object_component>
      <object_component id="oc-222">
         <name>.text:PMM_setVCoreDown</name>
         <load_address>0x120fe</load_address>
         <run_address>0x120fe</run_address>
         <size>0x94</size>
         <input_file_ref idref="fl-22"/>
      </object_component>
      <object_component id="oc-32f">
         <name>.text:Dogs102x64_UC1701LineDrawH</name>
         <load_address>0x12192</load_address>
         <run_address>0x12192</run_address>
         <size>0x92</size>
         <input_file_ref idref="fl-41"/>
      </object_component>
      <object_component id="oc-2d4">
         <name>.text:GPIO_setAsOutputPin</name>
         <load_address>0x12224</load_address>
         <run_address>0x12224</run_address>
         <size>0x8e</size>
         <input_file_ref idref="fl-1e"/>
      </object_component>
      <object_component id="oc-2e6">
         <name>.text:GPIO_setAsPeripheralModuleFunctionOutputPin</name>
         <load_address>0x122b2</load_address>
         <run_address>0x122b2</run_address>
         <size>0x8e</size>
         <input_file_ref idref="fl-1e"/>
      </object_component>
      <object_component id="oc-319">
         <name>.text:Dogs102x64_fillScreen</name>
         <load_address>0x12340</load_address>
         <run_address>0x12340</run_address>
         <size>0x86</size>
         <input_file_ref idref="fl-41"/>
      </object_component>
      <object_component id="oc-2c1">
         <name>.text:Dogs102x6_charDraw</name>
         <load_address>0x123c6</load_address>
         <run_address>0x123c6</run_address>
         <size>0x86</size>
         <input_file_ref idref="fl-4"/>
      </object_component>
      <object_component id="oc-10e">
         <name>.text:highlight_and_print_string</name>
         <load_address>0x1244c</load_address>
         <run_address>0x1244c</run_address>
         <size>0x7a</size>
         <input_file_ref idref="fl-6"/>
      </object_component>
      <object_component id="oc-117">
         <name>.text:print_string</name>
         <load_address>0x124c6</load_address>
         <run_address>0x124c6</run_address>
         <size>0x7a</size>
         <input_file_ref idref="fl-6"/>
      </object_component>
      <object_component id="oc-1d8">
         <name>.text:Dogs102x6_init</name>
         <load_address>0x12540</load_address>
         <run_address>0x12540</run_address>
         <size>0x78</size>
         <input_file_ref idref="fl-4"/>
      </object_component>
      <object_component id="oc-1ce">
         <name>.text:snprintf</name>
         <load_address>0x125b8</load_address>
         <run_address>0x125b8</run_address>
         <size>0x78</size>
         <input_file_ref idref="fl-ac"/>
      </object_component>
      <object_component id="oc-323">
         <name>.text:Dogs102x64_UC1701PixelDraw</name>
         <load_address>0x12630</load_address>
         <run_address>0x12630</run_address>
         <size>0x76</size>
         <input_file_ref idref="fl-41"/>
      </object_component>
      <object_component id="oc-29b">
         <name>.text:Dogs102x6_pixelDraw</name>
         <load_address>0x126a6</load_address>
         <run_address>0x126a6</run_address>
         <size>0x76</size>
         <input_file_ref idref="fl-4"/>
      </object_component>
      <object_component id="oc-201">
         <name>.text:Dogs102x6_stringDraw</name>
         <load_address>0x1271c</load_address>
         <run_address>0x1271c</run_address>
         <size>0x72</size>
         <input_file_ref idref="fl-4"/>
      </object_component>
      <object_component id="oc-2e0">
         <name>.text:GPIO_setOutputHighOnPin</name>
         <load_address>0x1278e</load_address>
         <run_address>0x1278e</run_address>
         <size>0x70</size>
         <input_file_ref idref="fl-1e"/>
      </object_component>
      <object_component id="oc-2da">
         <name>.text:GPIO_setOutputLowOnPin</name>
         <load_address>0x127fe</load_address>
         <run_address>0x127fe</run_address>
         <size>0x70</size>
         <input_file_ref idref="fl-1e"/>
      </object_component>
      <object_component id="oc-304">
         <name>.text:WriteCommand</name>
         <load_address>0x1286e</load_address>
         <run_address>0x1286e</run_address>
         <size>0x6e</size>
         <input_file_ref idref="fl-41"/>
      </object_component>
      <object_component id="oc-40f">
         <name>.text:WriteData</name>
         <load_address>0x128dc</load_address>
         <run_address>0x128dc</run_address>
         <size>0x6e</size>
         <input_file_ref idref="fl-41"/>
      </object_component>
      <object_component id="oc-268">
         <name>.text:_outs</name>
         <load_address>0x1294a</load_address>
         <run_address>0x1294a</run_address>
         <size>0x6c</size>
         <input_file_ref idref="fl-ac"/>
      </object_component>
      <object_component id="oc-127">
         <name>.text</name>
         <load_address>0x129b6</load_address>
         <run_address>0x129b6</run_address>
         <size>0x68</size>
         <input_file_ref idref="fl-89"/>
      </object_component>
      <object_component id="oc-2b4">
         <name>.text:Dogs102x6_setAddress</name>
         <load_address>0x12a1e</load_address>
         <run_address>0x12a1e</run_address>
         <size>0x66</size>
         <input_file_ref idref="fl-4"/>
      </object_component>
      <object_component id="oc-e5">
         <name>.text:__TI_decompress_rle_core</name>
         <load_address>0x12a84</load_address>
         <run_address>0x12a84</run_address>
         <size>0x62</size>
         <input_file_ref idref="fl-76"/>
      </object_component>
      <object_component id="oc-30a">
         <name>.text:Dogs102x64_backlightInit</name>
         <load_address>0x12ae6</load_address>
         <run_address>0x12ae6</run_address>
         <size>0x60</size>
         <input_file_ref idref="fl-41"/>
      </object_component>
      <object_component id="oc-3b3">
         <name>.text:privateGPIOGetBaseAddress</name>
         <load_address>0x12b46</load_address>
         <run_address>0x12b46</run_address>
         <size>0x60</size>
         <input_file_ref idref="fl-1e"/>
      </object_component>
      <object_component id="oc-3f3">
         <name>.text:TIMER_B_startUpMode</name>
         <load_address>0x12ba6</load_address>
         <run_address>0x12ba6</run_address>
         <size>0x5a</size>
         <input_file_ref idref="fl-2d"/>
      </object_component>
      <object_component id="oc-2f2">
         <name>.text:USCI_B_SPI_masterInit</name>
         <load_address>0x12c00</load_address>
         <run_address>0x12c00</run_address>
         <size>0x5a</size>
         <input_file_ref idref="fl-34"/>
      </object_component>
      <object_component id="oc-193">
         <name>.text:lcd_init</name>
         <load_address>0x12c5a</load_address>
         <run_address>0x12c5a</run_address>
         <size>0x5a</size>
         <input_file_ref idref="fl-6"/>
      </object_component>
      <object_component id="oc-483">
         <name>.text:_ltostr</name>
         <load_address>0x12cb4</load_address>
         <run_address>0x12cb4</run_address>
         <size>0x58</size>
         <input_file_ref idref="fl-b5"/>
      </object_component>
      <object_component id="oc-3c5">
         <name>.text</name>
         <load_address>0x12d0c</load_address>
         <run_address>0x12d0c</run_address>
         <size>0x58</size>
         <input_file_ref idref="fl-7e"/>
      </object_component>
      <object_component id="oc-34d">
         <name>.text:Dogs102x64_UC1701ClearDisplay</name>
         <load_address>0x12d64</load_address>
         <run_address>0x12d64</run_address>
         <size>0x52</size>
         <input_file_ref idref="fl-41"/>
      </object_component>
      <object_component id="oc-437">
         <name>.text:_pproc_diouxp</name>
         <load_address>0x12db6</load_address>
         <run_address>0x12db6</run_address>
         <size>0x4c</size>
         <input_file_ref idref="fl-b5"/>
      </object_component>
      <object_component id="oc-17b">
         <name>.text:PMM_setVCore</name>
         <load_address>0x12e02</load_address>
         <run_address>0x12e02</run_address>
         <size>0x4a</size>
         <input_file_ref idref="fl-22"/>
      </object_component>
      <object_component id="oc-122">
         <name>.text</name>
         <load_address>0x12e4c</load_address>
         <run_address>0x12e4c</run_address>
         <size>0x4a</size>
         <input_file_ref idref="fl-86"/>
      </object_component>
      <object_component id="oc-372">
         <name>.text:_pproc_str</name>
         <load_address>0x12e96</load_address>
         <run_address>0x12e96</run_address>
         <size>0x48</size>
         <input_file_ref idref="fl-b5"/>
      </object_component>
      <object_component id="oc-181">
         <name>.text:UCS_LFXT1Start</name>
         <load_address>0x12ede</load_address>
         <run_address>0x12ede</run_address>
         <size>0x46</size>
         <input_file_ref idref="fl-30"/>
      </object_component>
      <object_component id="oc-289">
         <name>.text:Dogs102x6_writeCommand</name>
         <load_address>0x12f24</load_address>
         <run_address>0x12f24</run_address>
         <size>0x40</size>
         <input_file_ref idref="fl-4"/>
      </object_component>
      <object_component id="oc-45e">
         <name>.text</name>
         <load_address>0x12f64</load_address>
         <run_address>0x12f64</run_address>
         <size>0x40</size>
         <input_file_ref idref="fl-7d"/>
      </object_component>
      <object_component id="oc-1e4">
         <name>.text:Dogs102x6_setBacklight</name>
         <load_address>0x12fa4</load_address>
         <run_address>0x12fa4</run_address>
         <size>0x3e</size>
         <input_file_ref idref="fl-4"/>
      </object_component>
      <object_component id="oc-47d">
         <name>.text:_getarg_diouxp</name>
         <load_address>0x12fe2</load_address>
         <run_address>0x12fe2</run_address>
         <size>0x3e</size>
         <input_file_ref idref="fl-b5"/>
      </object_component>
      <object_component id="oc-100">
         <name>.text:l_asr_const</name>
         <load_address>0x13020</load_address>
         <run_address>0x13020</run_address>
         <size>0x3e</size>
         <input_file_ref idref="fl-b7"/>
      </object_component>
      <object_component id="oc-422">
         <name>.text:l_lsr_const</name>
         <load_address>0x1305e</load_address>
         <run_address>0x1305e</run_address>
         <size>0x3e</size>
         <input_file_ref idref="fl-a1"/>
      </object_component>
      <object_component id="oc-243">
         <name>.text:GrContextInit</name>
         <load_address>0x1309c</load_address>
         <run_address>0x1309c</run_address>
         <size>0x3c</size>
         <input_file_ref idref="fl-8"/>
      </object_component>
      <object_component id="oc-341">
         <name>.text:Dogs102x64_UC1701ColorTranslate</name>
         <load_address>0x130d8</load_address>
         <run_address>0x130d8</run_address>
         <size>0x36</size>
         <input_file_ref idref="fl-41"/>
      </object_component>
      <object_component id="oc-1fb">
         <name>.text:Dogs102x6_clearScreen</name>
         <load_address>0x1310e</load_address>
         <run_address>0x1310e</run_address>
         <size>0x36</size>
         <input_file_ref idref="fl-4"/>
      </object_component>
      <object_component id="oc-11d">
         <name>.text</name>
         <load_address>0x13144</load_address>
         <run_address>0x13144</run_address>
         <size>0x36</size>
         <input_file_ref idref="fl-87"/>
      </object_component>
      <object_component id="oc-1ea">
         <name>.text:Dogs102x6_setContrast</name>
         <load_address>0x1317a</load_address>
         <run_address>0x1317a</run_address>
         <size>0x32</size>
         <input_file_ref idref="fl-4"/>
      </object_component>
      <object_component id="oc-187">
         <name>.text:UCS_initFLLSettle</name>
         <load_address>0x131ac</load_address>
         <run_address>0x131ac</run_address>
         <size>0x32</size>
         <input_file_ref idref="fl-30"/>
      </object_component>
      <object_component id="oc-1de">
         <name>.text:Dogs102x6_backlightInit</name>
         <load_address>0x131de</load_address>
         <run_address>0x131de</run_address>
         <size>0x30</size>
         <input_file_ref idref="fl-4"/>
      </object_component>
      <object_component id="oc-260">
         <name>.text:NumLeadingZeros</name>
         <load_address>0x1320e</load_address>
         <run_address>0x1320e</run_address>
         <size>0x2e</size>
         <input_file_ref idref="fl-c"/>
      </object_component>
      <object_component id="oc-26e">
         <name>.text:_outc</name>
         <load_address>0x1323c</load_address>
         <run_address>0x1323c</run_address>
         <size>0x2e</size>
         <input_file_ref idref="fl-ac"/>
      </object_component>
      <object_component id="oc-3ed">
         <name>.text:TIMER_B_initCompare</name>
         <load_address>0x1326a</load_address>
         <run_address>0x1326a</run_address>
         <size>0x2c</size>
         <input_file_ref idref="fl-2d"/>
      </object_component>
      <object_component id="oc-418">
         <name>.text</name>
         <load_address>0x13296</load_address>
         <run_address>0x13296</run_address>
         <size>0x2c</size>
         <input_file_ref idref="fl-7b"/>
      </object_component>
      <object_component id="oc-d1">
         <name>.text:memcpy</name>
         <load_address>0x132c2</load_address>
         <run_address>0x132c2</run_address>
         <size>0x2a</size>
         <input_file_ref idref="fl-a2"/>
      </object_component>
      <object_component id="oc-8b">
         <name>.text:decompress:ZI:__TI_zero_init</name>
         <load_address>0x132ec</load_address>
         <run_address>0x132ec</run_address>
         <size>0x24</size>
         <input_file_ref idref="fl-77"/>
      </object_component>
      <object_component id="oc-1a5">
         <name>.text</name>
         <load_address>0x13310</load_address>
         <run_address>0x13310</run_address>
         <size>0x24</size>
         <input_file_ref idref="fl-8a"/>
      </object_component>
      <object_component id="oc-48c">
         <name>.text</name>
         <load_address>0x13334</load_address>
         <run_address>0x13334</run_address>
         <size>0x22</size>
         <input_file_ref idref="fl-a7"/>
      </object_component>
      <object_component id="oc-43d">
         <name>.text:memccpy</name>
         <load_address>0x13356</load_address>
         <run_address>0x13356</run_address>
         <size>0x20</size>
         <input_file_ref idref="fl-c2"/>
      </object_component>
      <object_component id="oc-2ae">
         <name>.text:memset</name>
         <load_address>0x13376</load_address>
         <run_address>0x13376</run_address>
         <size>0x20</size>
         <input_file_ref idref="fl-a3"/>
      </object_component>
      <object_component id="oc-497">
         <name>.text:_div</name>
         <load_address>0x13396</load_address>
         <run_address>0x13396</run_address>
         <size>0x1a</size>
         <input_file_ref idref="fl-b5"/>
      </object_component>
      <object_component id="oc-2ec">
         <name>.text:UCS_getSMCLK</name>
         <load_address>0x133b0</load_address>
         <run_address>0x133b0</run_address>
         <size>0x18</size>
         <input_file_ref idref="fl-30"/>
      </object_component>
      <object_component id="oc-169">
         <name>.text:WDT_A_hold</name>
         <load_address>0x133c8</load_address>
         <run_address>0x133c8</run_address>
         <size>0x16</size>
         <input_file_ref idref="fl-38"/>
      </object_component>
      <object_component id="oc-85">
         <name>.text:decompress:none:__TI_decompress_none</name>
         <load_address>0x133de</load_address>
         <run_address>0x133de</run_address>
         <size>0x16</size>
         <input_file_ref idref="fl-75"/>
      </object_component>
      <object_component id="oc-1f0">
         <name>.text</name>
         <load_address>0x133f4</load_address>
         <run_address>0x133f4</run_address>
         <size>0x16</size>
         <input_file_ref idref="fl-7c"/>
      </object_component>
      <object_component id="oc-392">
         <name>.text</name>
         <load_address>0x1340a</load_address>
         <run_address>0x1340a</run_address>
         <size>0x16</size>
         <input_file_ref idref="fl-a6"/>
      </object_component>
      <object_component id="oc-19f">
         <name>.text:Buttons_interruptEnable</name>
         <load_address>0x13420</load_address>
         <run_address>0x13420</run_address>
         <size>0x12</size>
         <input_file_ref idref="fl-3"/>
      </object_component>
      <object_component id="oc-175">
         <name>.text:UCS_setExternalClockSource</name>
         <load_address>0x13432</load_address>
         <run_address>0x13432</run_address>
         <size>0x12</size>
         <input_file_ref idref="fl-30"/>
      </object_component>
      <object_component id="oc-366">
         <name>.text:strlen</name>
         <load_address>0x13444</load_address>
         <run_address>0x13444</run_address>
         <size>0x12</size>
         <input_file_ref idref="fl-c7"/>
      </object_component>
      <object_component id="oc-199">
         <name>.text:Buttons_init</name>
         <load_address>0x13456</load_address>
         <run_address>0x13456</run_address>
         <size>0xe</size>
         <input_file_ref idref="fl-3"/>
      </object_component>
      <object_component id="oc-3fc">
         <name>.text:TIMER_B_stop</name>
         <load_address>0x13464</load_address>
         <run_address>0x13464</run_address>
         <size>0xe</size>
         <input_file_ref idref="fl-2d"/>
      </object_component>
      <object_component id="oc-402">
         <name>.text:TIMER_B_setCompareValue</name>
         <load_address>0x13472</load_address>
         <run_address>0x13472</run_address>
         <size>0xc</size>
         <input_file_ref idref="fl-2d"/>
      </object_component>
      <object_component id="oc-2fe">
         <name>.text:USCI_B_SPI_clearInterruptFlag</name>
         <load_address>0x1347e</load_address>
         <run_address>0x1347e</run_address>
         <size>0xc</size>
         <input_file_ref idref="fl-34"/>
      </object_component>
      <object_component id="oc-3da">
         <name>.text:USCI_B_SPI_isBusy</name>
         <load_address>0x1348a</load_address>
         <run_address>0x1348a</run_address>
         <size>0xc</size>
         <input_file_ref idref="fl-34"/>
      </object_component>
      <object_component id="oc-3e7">
         <name>.text:TIMER_B_getCaptureCompareCount</name>
         <load_address>0x13496</load_address>
         <run_address>0x13496</run_address>
         <size>0xa</size>
         <input_file_ref idref="fl-2d"/>
      </object_component>
      <object_component id="oc-3ce">
         <name>.text:USCI_B_SPI_getInterruptStatus</name>
         <load_address>0x134a0</load_address>
         <run_address>0x134a0</run_address>
         <size>0xa</size>
         <input_file_ref idref="fl-34"/>
      </object_component>
      <object_component id="oc-3d4">
         <name>.text:USCI_B_SPI_transmitData</name>
         <load_address>0x134aa</load_address>
         <run_address>0x134aa</run_address>
         <size>0xa</size>
         <input_file_ref idref="fl-34"/>
      </object_component>
      <object_component id="oc-38d">
         <name>.text</name>
         <load_address>0x134b4</load_address>
         <run_address>0x134b4</run_address>
         <size>0xa</size>
         <input_file_ref idref="fl-73"/>
      </object_component>
      <object_component id="oc-25b">
         <name>.text</name>
         <load_address>0x134be</load_address>
         <run_address>0x134be</run_address>
         <size>0xa</size>
         <input_file_ref idref="fl-9e"/>
      </object_component>
      <object_component id="oc-39d">
         <name>.text</name>
         <load_address>0x134c8</load_address>
         <run_address>0x134c8</run_address>
         <size>0xa</size>
         <input_file_ref idref="fl-a0"/>
      </object_component>
      <object_component id="oc-3e0">
         <name>.text:USCI_B_SPI_receiveData</name>
         <load_address>0x134d2</load_address>
         <run_address>0x134d2</run_address>
         <size>0x8</size>
         <input_file_ref idref="fl-34"/>
      </object_component>
      <object_component id="oc-18d">
         <name>.text:SFR_enableInterrupt</name>
         <load_address>0x134da</load_address>
         <run_address>0x134da</run_address>
         <size>0x6</size>
         <input_file_ref idref="fl-29"/>
      </object_component>
      <object_component id="oc-408">
         <name>.text:TIMER_B_startCounter</name>
         <load_address>0x134e0</load_address>
         <run_address>0x134e0</run_address>
         <size>0x6</size>
         <input_file_ref idref="fl-2d"/>
      </object_component>
      <object_component id="oc-2f8">
         <name>.text:USCI_B_SPI_enable</name>
         <load_address>0x134e6</load_address>
         <run_address>0x134e6</run_address>
         <size>0x6</size>
         <input_file_ref idref="fl-34"/>
      </object_component>
      <object_component id="oc-9b">
         <name>.text:__TI_ISR_TRAP</name>
         <load_address>0x134ec</load_address>
         <run_address>0x134ec</run_address>
         <size>0x6</size>
         <input_file_ref idref="fl-9d"/>
      </object_component>
      <object_component id="oc-91">
         <name>.text:decompress:rle24:__TI_decompress_rle24</name>
         <load_address>0x134f2</load_address>
         <run_address>0x134f2</run_address>
         <size>0x6</size>
         <input_file_ref idref="fl-76"/>
      </object_component>
      <object_component id="oc-ac">
         <name>.text:_system_pre_init</name>
         <load_address>0x134f8</load_address>
         <run_address>0x134f8</run_address>
         <size>0x4</size>
         <input_file_ref idref="fl-a9"/>
      </object_component>
      <object_component id="oc-be">
         <name>.text:abort</name>
         <load_address>0x134fc</load_address>
         <run_address>0x134fc</run_address>
         <size>0x4</size>
         <input_file_ref idref="fl-80"/>
      </object_component>
      <object_component id="oc-347">
         <name>.text:Dogs102x64_UC1701Flush</name>
         <load_address>0x13500</load_address>
         <run_address>0x13500</run_address>
         <size>0x2</size>
         <input_file_ref idref="fl-41"/>
      </object_component>
      <object_component id="oc-a6">
         <name>.text:_isr:Port1_ISR</name>
         <load_address>0x4400</load_address>
         <run_address>0x4400</run_address>
         <size>0x46</size>
         <input_file_ref idref="fl-3"/>
      </object_component>
      <object_component id="oc-a0">
         <name>.text:_isr:Port2_ISR</name>
         <load_address>0x4446</load_address>
         <run_address>0x4446</run_address>
         <size>0x46</size>
         <input_file_ref idref="fl-3"/>
      </object_component>
      <object_component id="oc-cb">
         <name>.text:_isr:WDT_ISR</name>
         <load_address>0x448c</load_address>
         <run_address>0x448c</run_address>
         <size>0x1a</size>
         <input_file_ref idref="fl-3"/>
      </object_component>
      <object_component id="oc-72">
         <name>.text:_isr:_c_int00_noexit</name>
         <load_address>0x44a6</load_address>
         <run_address>0x44a6</run_address>
         <size>0x1a</size>
         <input_file_ref idref="fl-74"/>
      </object_component>
      <object_component id="oc-c5">
         <name>.text:_isr:ADC12_ISR</name>
         <load_address>0x44c0</load_address>
         <run_address>0x44c0</run_address>
         <size>0x16</size>
         <input_file_ref idref="fl-5"/>
      </object_component>
      <object_component id="oc-50c">
         <name>.cinit..data.load</name>
         <load_address>0x4cac</load_address>
         <run_address>0x4cac</run_address>
         <size>0x3e</size>
      </object_component>
      <object_component id="oc-509">
         <name>__TI_handler_table</name>
         <load_address>0x4cea</load_address>
         <run_address>0x4cea</run_address>
         <size>0xc</size>
      </object_component>
      <object_component id="oc-50b">
         <name>.cinit..bss.load</name>
         <load_address>0x4cf6</load_address>
         <run_address>0x4cf6</run_address>
         <size>0x6</size>
      </object_component>
      <object_component id="oc-50a">
         <name>__TI_cinit_table</name>
         <load_address>0x4cfc</load_address>
         <run_address>0x4cfc</run_address>
         <size>0x10</size>
      </object_component>
      <object_component id="oc-358">
         <name>.const:.string:g_pucFontFixed6x8Data</name>
         <load_address>0x44d6</load_address>
         <run_address>0x44d6</run_address>
         <size>0x2f8</size>
         <input_file_ref idref="fl-d"/>
      </object_component>
      <object_component id="oc-3ad">
         <name>.const:.string:FONT6x8</name>
         <load_address>0x47ce</load_address>
         <run_address>0x47ce</run_address>
         <size>0x24c</size>
         <input_file_ref idref="fl-4"/>
      </object_component>
      <object_component id="oc-10d">
         <name>.const:.string</name>
         <load_address>0x4a1a</load_address>
         <run_address>0x4a1a</run_address>
         <size>0x188</size>
         <input_file_ref idref="fl-6"/>
      </object_component>
      <object_component id="oc-24c">
         <name>.const</name>
         <load_address>0x4ba2</load_address>
         <run_address>0x4ba2</run_address>
         <size>0xc8</size>
         <input_file_ref idref="fl-d"/>
      </object_component>
      <object_component id="oc-240">
         <name>.const</name>
         <load_address>0x4c6a</load_address>
         <run_address>0x4c6a</run_address>
         <size>0x2c</size>
         <input_file_ref idref="fl-41"/>
      </object_component>
      <object_component id="oc-436">
         <name>.const:.string</name>
         <load_address>0x4c96</load_address>
         <run_address>0x4c96</run_address>
         <size>0x14</size>
         <input_file_ref idref="fl-b5"/>
      </object_component>
      <object_component id="oc-3a6">
         <name>.const:.string:$P$T1$2</name>
         <load_address>0x4caa</load_address>
         <run_address>0x4caa</run_address>
         <size>0x2</size>
         <input_file_ref idref="fl-4"/>
      </object_component>
      <object_component id="oc-69">
         <name>.int41</name>
         <load_address>0xffd2</load_address>
         <run_address>0xffd2</run_address>
         <size>0x2</size>
         <input_file_ref idref="fl-8b"/>
      </object_component>
      <object_component id="oc-6a">
         <name>.int42</name>
         <load_address>0xffd4</load_address>
         <run_address>0xffd4</run_address>
         <size>0x2</size>
         <input_file_ref idref="fl-3"/>
      </object_component>
      <object_component id="oc-6b">
         <name>.int43</name>
         <load_address>0xffd6</load_address>
         <run_address>0xffd6</run_address>
         <size>0x2</size>
         <input_file_ref idref="fl-8c"/>
      </object_component>
      <object_component id="oc-6c">
         <name>.int44</name>
         <load_address>0xffd8</load_address>
         <run_address>0xffd8</run_address>
         <size>0x2</size>
         <input_file_ref idref="fl-8d"/>
      </object_component>
      <object_component id="oc-6d">
         <name>.int45</name>
         <load_address>0xffda</load_address>
         <run_address>0xffda</run_address>
         <size>0x2</size>
         <input_file_ref idref="fl-8e"/>
      </object_component>
      <object_component id="oc-6e">
         <name>.int46</name>
         <load_address>0xffdc</load_address>
         <run_address>0xffdc</run_address>
         <size>0x2</size>
         <input_file_ref idref="fl-8f"/>
      </object_component>
      <object_component id="oc-6f">
         <name>.int47</name>
         <load_address>0xffde</load_address>
         <run_address>0xffde</run_address>
         <size>0x2</size>
         <input_file_ref idref="fl-3"/>
      </object_component>
      <object_component id="oc-70">
         <name>.int48</name>
         <load_address>0xffe0</load_address>
         <run_address>0xffe0</run_address>
         <size>0x2</size>
         <input_file_ref idref="fl-90"/>
      </object_component>
      <object_component id="oc-71">
         <name>.int49</name>
         <load_address>0xffe2</load_address>
         <run_address>0xffe2</run_address>
         <size>0x2</size>
         <input_file_ref idref="fl-91"/>
      </object_component>
      <object_component id="oc-78">
         <name>.int50</name>
         <load_address>0xffe4</load_address>
         <run_address>0xffe4</run_address>
         <size>0x2</size>
         <input_file_ref idref="fl-92"/>
      </object_component>
      <object_component id="oc-79">
         <name>.int51</name>
         <load_address>0xffe6</load_address>
         <run_address>0xffe6</run_address>
         <size>0x2</size>
         <input_file_ref idref="fl-93"/>
      </object_component>
      <object_component id="oc-7a">
         <name>.int52</name>
         <load_address>0xffe8</load_address>
         <run_address>0xffe8</run_address>
         <size>0x2</size>
         <input_file_ref idref="fl-94"/>
      </object_component>
      <object_component id="oc-7b">
         <name>.int53</name>
         <load_address>0xffea</load_address>
         <run_address>0xffea</run_address>
         <size>0x2</size>
         <input_file_ref idref="fl-95"/>
      </object_component>
      <object_component id="oc-7c">
         <name>.int54</name>
         <load_address>0xffec</load_address>
         <run_address>0xffec</run_address>
         <size>0x2</size>
         <input_file_ref idref="fl-5"/>
      </object_component>
      <object_component id="oc-7d">
         <name>.int55</name>
         <load_address>0xffee</load_address>
         <run_address>0xffee</run_address>
         <size>0x2</size>
         <input_file_ref idref="fl-96"/>
      </object_component>
      <object_component id="oc-7e">
         <name>.int56</name>
         <load_address>0xfff0</load_address>
         <run_address>0xfff0</run_address>
         <size>0x2</size>
         <input_file_ref idref="fl-97"/>
      </object_component>
      <object_component id="oc-7f">
         <name>.int57</name>
         <load_address>0xfff2</load_address>
         <run_address>0xfff2</run_address>
         <size>0x2</size>
         <input_file_ref idref="fl-3"/>
      </object_component>
      <object_component id="oc-80">
         <name>.int58</name>
         <load_address>0xfff4</load_address>
         <run_address>0xfff4</run_address>
         <size>0x2</size>
         <input_file_ref idref="fl-98"/>
      </object_component>
      <object_component id="oc-81">
         <name>.int59</name>
         <load_address>0xfff6</load_address>
         <run_address>0xfff6</run_address>
         <size>0x2</size>
         <input_file_ref idref="fl-99"/>
      </object_component>
      <object_component id="oc-82">
         <name>.int60</name>
         <load_address>0xfff8</load_address>
         <run_address>0xfff8</run_address>
         <size>0x2</size>
         <input_file_ref idref="fl-9a"/>
      </object_component>
      <object_component id="oc-83">
         <name>.int61</name>
         <load_address>0xfffa</load_address>
         <run_address>0xfffa</run_address>
         <size>0x2</size>
         <input_file_ref idref="fl-9b"/>
      </object_component>
      <object_component id="oc-84">
         <name>.int62</name>
         <load_address>0xfffc</load_address>
         <run_address>0xfffc</run_address>
         <size>0x2</size>
         <input_file_ref idref="fl-9c"/>
      </object_component>
      <object_component id="oc-9a">
         <name>.reset</name>
         <load_address>0xfffe</load_address>
         <run_address>0xfffe</run_address>
         <size>0x2</size>
         <input_file_ref idref="fl-74"/>
      </object_component>
      <object_component id="oc-3ab">
         <name>.common:dogs102x6Memory</name>
         <uninitialized>true</uninitialized>
         <run_address>0x279c</run_address>
         <size>0x332</size>
      </object_component>
      <object_component id="oc-146">
         <name>.common:positionData</name>
         <uninitialized>true</uninitialized>
         <run_address>0x2af0</run_address>
         <size>0x2</size>
      </object_component>
      <object_component id="oc-250">
         <name>.common:g_sContext</name>
         <uninitialized>true</uninitialized>
         <run_address>0x2ace</run_address>
         <size>0x1c</size>
      </object_component>
      <object_component id="oc-1ac">
         <name>.common:FThreshold</name>
         <uninitialized>true</uninitialized>
         <run_address>0x2aea</run_address>
         <size>0x4</size>
      </object_component>
      <object_component id="oc-1aa">
         <name>.common:eeprom_address</name>
         <uninitialized>true</uninitialized>
         <run_address>0x2aee</run_address>
         <size>0x2</size>
      </object_component>
      <object_component id="oc-fa">
         <name>.data</name>
         <load_address>0x2796</load_address>
         <run_address>0x2796</run_address>
         <size>0x4</size>
         <input_file_ref idref="fl-3"/>
      </object_component>
      <object_component id="oc-114">
         <name>.data</name>
         <load_address>0x2730</load_address>
         <run_address>0x2730</run_address>
         <size>0x3e</size>
         <input_file_ref idref="fl-6"/>
      </object_component>
      <object_component id="oc-132">
         <name>.data:total_options</name>
         <load_address>0x277e</load_address>
         <run_address>0x277e</run_address>
         <size>0xa</size>
         <input_file_ref idref="fl-6"/>
      </object_component>
      <object_component id="oc-21d">
         <name>.data</name>
         <load_address>0x2788</load_address>
         <run_address>0x2788</run_address>
         <size>0x8</size>
         <input_file_ref idref="fl-30"/>
      </object_component>
      <object_component id="oc-286">
         <name>.data:Dogs102x6_initMacro</name>
         <load_address>0x276e</load_address>
         <run_address>0x276e</run_address>
         <size>0x10</size>
         <input_file_ref idref="fl-4"/>
      </object_component>
      <object_component id="oc-295">
         <name>.data</name>
         <load_address>0x2790</load_address>
         <run_address>0x2790</run_address>
         <size>0x5</size>
         <input_file_ref idref="fl-4"/>
      </object_component>
      <object_component id="oc-310">
         <name>.data</name>
         <load_address>0x279a</load_address>
         <run_address>0x279a</run_address>
         <size>0x2</size>
         <input_file_ref idref="fl-41"/>
      </object_component>
      <object_component id="oc-320">
         <name>.data:DOGS102x64Memory</name>
         <load_address>0x2400</load_address>
         <run_address>0x2400</run_address>
         <size>0x330</size>
         <input_file_ref idref="fl-41"/>
      </object_component>
      <object_component id="oc-73">
         <name>.debug_info</name>
         <load_address>0x0</load_address>
         <run_address>0x0</run_address>
         <size>0x13a</size>
         <input_file_ref idref="fl-74"/>
      </object_component>
      <object_component id="oc-87">
         <name>.debug_info</name>
         <load_address>0x13a</load_address>
         <run_address>0x13a</run_address>
         <size>0x1a9</size>
         <input_file_ref idref="fl-75"/>
      </object_component>
      <object_component id="oc-8c">
         <name>.debug_info</name>
         <load_address>0x2e3</load_address>
         <run_address>0x2e3</run_address>
         <size>0x184</size>
         <input_file_ref idref="fl-77"/>
      </object_component>
      <object_component id="oc-92">
         <name>.debug_info</name>
         <load_address>0x467</load_address>
         <run_address>0x467</run_address>
         <size>0x1a3</size>
         <input_file_ref idref="fl-76"/>
      </object_component>
      <object_component id="oc-98">
         <name>.debug_info</name>
         <load_address>0x60a</load_address>
         <run_address>0x60a</run_address>
         <size>0xbf</size>
         <input_file_ref idref="fl-74"/>
      </object_component>
      <object_component id="oc-9e">
         <name>.debug_info</name>
         <load_address>0x6c9</load_address>
         <run_address>0x6c9</run_address>
         <size>0xd7</size>
         <input_file_ref idref="fl-9d"/>
      </object_component>
      <object_component id="oc-a2">
         <name>.debug_info</name>
         <load_address>0x7a0</load_address>
         <run_address>0x7a0</run_address>
         <size>0x102</size>
         <input_file_ref idref="fl-3"/>
      </object_component>
      <object_component id="oc-a8">
         <name>.debug_info</name>
         <load_address>0x8a2</load_address>
         <run_address>0x8a2</run_address>
         <size>0x103</size>
         <input_file_ref idref="fl-3"/>
      </object_component>
      <object_component id="oc-ad">
         <name>.debug_info</name>
         <load_address>0x9a5</load_address>
         <run_address>0x9a5</run_address>
         <size>0x112</size>
         <input_file_ref idref="fl-a9"/>
      </object_component>
      <object_component id="oc-b3">
         <name>.debug_info</name>
         <load_address>0xab7</load_address>
         <run_address>0xab7</run_address>
         <size>0x1cb</size>
         <input_file_ref idref="fl-b8"/>
      </object_component>
      <object_component id="oc-bb">
         <name>.debug_info</name>
         <load_address>0xc82</load_address>
         <run_address>0xc82</run_address>
         <size>0x54c</size>
         <input_file_ref idref="fl-6"/>
      </object_component>
      <object_component id="oc-bf">
         <name>.debug_info</name>
         <load_address>0x11ce</load_address>
         <run_address>0x11ce</run_address>
         <size>0xe1</size>
         <input_file_ref idref="fl-80"/>
      </object_component>
      <object_component id="oc-c6">
         <name>.debug_info</name>
         <load_address>0x12af</load_address>
         <run_address>0x12af</run_address>
         <size>0xfc</size>
         <input_file_ref idref="fl-5"/>
      </object_component>
      <object_component id="oc-cd">
         <name>.debug_info</name>
         <load_address>0x13ab</load_address>
         <run_address>0x13ab</run_address>
         <size>0xfe</size>
         <input_file_ref idref="fl-3"/>
      </object_component>
      <object_component id="oc-d2">
         <name>.debug_info</name>
         <load_address>0x14a9</load_address>
         <run_address>0x14a9</run_address>
         <size>0x188</size>
[...]
      </symbol>
      <symbol id="sm-66f">
         <name>GPIO_setOutputHighOnPin</name>
         <value>0x1278e</value>
         <object_component_ref idref="oc-2e0"/>
      </symbol>
      <symbol id="sm-670">
         <name>GPIO_setAsOutputPin</name>
         <value>0x12224</value>
         <object_component_ref idref="oc-2d4"/>
      </symbol>
      <symbol id="sm-671">
         <name>GPIO_setOutputLowOnPin</name>
         <value>0x127fe</value>
         <object_component_ref idref="oc-2da"/>
      </symbol>
      <symbol id="sm-672">
         <name>GPIO_setAsPeripheralModuleFunctionOutputPin</name>
         <value>0x122b2</value>
         <object_component_ref idref="oc-2e6"/>
      </symbol>
      <symbol id="sm-69e">
         <name>PMM_setVCore</name>
         <value>0x12e02</value>
         <object_component_ref idref="oc-17b"/>
      </symbol>
      <symbol id="sm-69f">
         <name>PMM_setVCoreDown</name>
         <value>0x120fe</value>
         <object_component_ref idref="oc-222"/>
      </symbol>
      <symbol id="sm-6a0">
         <name>PMM_setVCoreUp</name>
         <value>0x11ac2</value>
         <object_component_ref idref="oc-228"/>
      </symbol>
      <symbol id="sm-6b2">
         <name>SFR_enableInterrupt</name>
         <value>0x134da</value>
         <object_component_ref idref="oc-18d"/>
      </symbol>
      <symbol id="sm-6fa">
         <name>TIMER_B_getCaptureCompareCount</name>
         <value>0x13496</value>
         <object_component_ref idref="oc-3e7"/>
      </symbol>
      <symbol id="sm-6fb">
         <name>TIMER_B_setCompareValue</name>
         <value>0x13472</value>
         <object_component_ref idref="oc-402"/>
      </symbol>
      <symbol id="sm-6fc">
         <name>TIMER_B_startUpMode</name>
         <value>0x12ba6</value>
         <object_component_ref idref="oc-3f3"/>
      </symbol>
      <symbol id="sm-6fd">
         <name>TIMER_B_startCounter</name>
         <value>0x134e0</value>
         <object_component_ref idref="oc-408"/>
      </symbol>
      <symbol id="sm-6fe">
         <name>TIMER_B_stop</name>
         <value>0x13464</value>
         <object_component_ref idref="oc-3fc"/>
      </symbol>
      <symbol id="sm-6ff">
         <name>TIMER_B_initCompare</name>
         <value>0x1326a</value>
         <object_component_ref idref="oc-3ed"/>
      </symbol>
      <symbol id="sm-768">
         <name>UCS_XT2ClockFrequency</name>
         <value>0x278c</value>
         <object_component_ref idref="oc-21d"/>
      </symbol>
      <symbol id="sm-769">
         <name>UCS_XT1ClockFrequency</name>
         <value>0x2788</value>
         <object_component_ref idref="oc-21d"/>
      </symbol>
      <symbol id="sm-76a">
         <name>UCS_LFXT1Start</name>
         <value>0x12ede</value>
         <object_component_ref idref="oc-181"/>
      </symbol>
      <symbol id="sm-76b">
         <name>UCS_initFLLSettle</name>
         <value>0x131ac</value>
         <object_component_ref idref="oc-187"/>
      </symbol>
      <symbol id="sm-76c">
         <name>UCS_setExternalClockSource</name>
         <value>0x13432</value>
         <object_component_ref idref="oc-175"/>
      </symbol>
      <symbol id="sm-76d">
         <name>UCS_initFLL</name>
         <value>0x1175e</value>
         <object_component_ref idref="oc-230"/>
      </symbol>
      <symbol id="sm-76e">
         <name>UCS_getSMCLK</name>
         <value>0x133b0</value>
         <object_component_ref idref="oc-2ec"/>
      </symbol>
      <symbol id="sm-7a7">
         <name>USCI_B_SPI_enable</name>
         <value>0x134e6</value>
         <object_component_ref idref="oc-2f8"/>
      </symbol>
      <symbol id="sm-7a8">
         <name>USCI_B_SPI_clearInterruptFlag</name>
         <value>0x1347e</value>
         <object_component_ref idref="oc-2fe"/>
      </symbol>
      <symbol id="sm-7a9">
         <name>USCI_B_SPI_masterInit</name>
         <value>0x12c00</value>
         <object_component_ref idref="oc-2f2"/>
      </symbol>
      <symbol id="sm-7aa">
         <name>USCI_B_SPI_getInterruptStatus</name>
         <value>0x134a0</value>
         <object_component_ref idref="oc-3ce"/>
      </symbol>
      <symbol id="sm-7ab">
         <name>USCI_B_SPI_transmitData</name>
         <value>0x134aa</value>
         <object_component_ref idref="oc-3d4"/>
      </symbol>
      <symbol id="sm-7ac">
         <name>USCI_B_SPI_isBusy</name>
         <value>0x1348a</value>
         <object_component_ref idref="oc-3da"/>
      </symbol>
      <symbol id="sm-7ad">
         <name>USCI_B_SPI_receiveData</name>
         <value>0x134d2</value>
         <object_component_ref idref="oc-3e0"/>
      </symbol>
      <symbol id="sm-7bc">
         <name>WDT_A_hold</name>
         <value>0x133c8</value>
         <object_component_ref idref="oc-169"/>
      </symbol>
      <symbol id="sm-884">
         <name>g_sDogs102x64_UC1701</name>
         <value>0x4c6a</value>
         <object_component_ref idref="oc-240"/>
      </symbol>
      <symbol id="sm-885">
         <name>Dogs102x64_setBacklight</name>
         <value>0x11f2e</value>
         <object_component_ref idref="oc-313"/>
      </symbol>
      <symbol id="sm-886">
         <name>Dogs102x64_UC1701Init</name>
         <value>0x11086</value>
         <object_component_ref idref="oc-239"/>
      </symbol>
      <symbol id="sm-887">
         <name>DOGS102x64Memory</name>
         <value>0x2400</value>
         <object_component_ref idref="oc-320"/>
      </symbol>
      <symbol id="sm-888">
         <name>Dogs102x64_UC1701ClearDisplay</name>
         <value>0x12d64</value>
         <object_component_ref idref="oc-34d"/>
      </symbol>
      <symbol id="sm-889">
         <name>ucContrast</name>
         <value>0x279b</value>
         <object_component_ref idref="oc-310"/>
      </symbol>
      <symbol id="sm-88a">
         <name>Dogs102x64_backlightInit</name>
         <value>0x12ae6</value>
         <object_component_ref idref="oc-30a"/>
      </symbol>
      <symbol id="sm-88b">
         <name>ucBacklightLevel</name>
         <value>0x279a</value>
         <object_component_ref idref="oc-310"/>
      </symbol>
      <symbol id="sm-88c">
         <name>Dogs102x64_fillScreen</name>
         <value>0x12340</value>
         <object_component_ref idref="oc-319"/>
      </symbol>
      <symbol id="sm-898">
         <name>__mspabi_srai</name>
         <value>0x134b4</value>
         <object_component_ref idref="oc-38d"/>
      </symbol>
      <symbol id="sm-8a8">
         <name>_c_int00_noexit</name>
         <value>0x44a6</value>
         <object_component_ref idref="oc-72"/>
      </symbol>
      <symbol id="sm-8a9">
         <name>_c_int00</name>
         <value>0x44a6</value>
         <object_component_ref idref="oc-72"/>
      </symbol>
      <symbol id="sm-8aa">
         <name>_stack</name>
         <value>0x4360</value>
         <object_component_ref idref="oc-97"/>
      </symbol>
      <symbol id="sm-8ab">
         <name>_reset_vector</name>
         <value>0xfffe</value>
         <object_component_ref idref="oc-9a"/>
      </symbol>
      <symbol id="sm-8c1">
         <name>__TI_decompress_none</name>
         <value>0x133de</value>
         <object_component_ref idref="oc-85"/>
      </symbol>
      <symbol id="sm-8e3">
         <name>__TI_decompress_rle24</name>
         <value>0x134f2</value>
         <object_component_ref idref="oc-91"/>
      </symbol>
      <symbol id="sm-8f6">
         <name>__TI_zero_init</name>
         <value>0x132ec</value>
         <object_component_ref idref="oc-8b"/>
      </symbol>
      <symbol id="sm-905">
         <name>__mspabi_remi</name>
         <value>0x13296</value>
         <object_component_ref idref="oc-418"/>
      </symbol>
      <symbol id="sm-906">
         <name>__mspabi_divi</name>
         <value>0x13296</value>
         <object_component_ref idref="oc-418"/>
      </symbol>
      <symbol id="sm-910">
         <name>__mspabi_remu</name>
         <value>0x133f4</value>
         <object_component_ref idref="oc-1f0"/>
      </symbol>
      <symbol id="sm-911">
         <name>__mspabi_divu</name>
         <value>0x133f4</value>
         <object_component_ref idref="oc-1f0"/>
      </symbol>
      <symbol id="sm-91d">
         <name>__mspabi_remli</name>
         <value>0x12f64</value>
         <object_component_ref idref="oc-45e"/>
      </symbol>
      <symbol id="sm-91e">
         <name>__mspabi_divli</name>
         <value>0x12f64</value>
         <object_component_ref idref="oc-45e"/>
      </symbol>
      <symbol id="sm-92c">
         <name>__mspabi_remul</name>
         <value>0x12d0c</value>
         <object_component_ref idref="oc-3c5"/>
      </symbol>
      <symbol id="sm-92d">
         <name>__mspabi_divul</name>
         <value>0x12d0c</value>
         <object_component_ref idref="oc-3c5"/>
      </symbol>
      <symbol id="sm-938">
         <name>C$$EXIT</name>
         <value>0x134fc</value>
         <object_component_ref idref="oc-be"/>
      </symbol>
      <symbol id="sm-939">
         <name>abort</name>
         <value>0x134fc</value>
         <object_component_ref idref="oc-be"/>
      </symbol>
      <symbol id="sm-94e">
         <name>__mspabi_cmpf</name>
         <value>0x12e4c</value>
         <object_component_ref idref="oc-122"/>
      </symbol>
      <symbol id="sm-95b">
         <name>__mspabi_fltif</name>
         <value>0x13144</value>
         <object_component_ref idref="oc-11d"/>
      </symbol>
      <symbol id="sm-96e">
         <name>__mspabi_fixfi</name>
         <value>0x129b6</value>
         <object_component_ref idref="oc-127"/>
      </symbol>
      <symbol id="sm-979">
         <name>__mspabi_fltuf</name>
         <value>0x13310</value>
         <object_component_ref idref="oc-1a5"/>
      </symbol>
      <symbol id="sm-97c">
         <name>__TI_int41</name>
         <value>0xffd2</value>
         <object_component_ref idref="oc-69"/>
      </symbol>
      <symbol id="sm-97f">
         <name>__TI_int43</name>
         <value>0xffd6</value>
         <object_component_ref idref="oc-6b"/>
      </symbol>
      <symbol id="sm-982">
         <name>__TI_int44</name>
         <value>0xffd8</value>
         <object_component_ref idref="oc-6c"/>
      </symbol>
      <symbol id="sm-985">
         <name>__TI_int45</name>
         <value>0xffda</value>
         <object_component_ref idref="oc-6d"/>
      </symbol>
      <symbol id="sm-988">
         <name>__TI_int46</name>
         <value>0xffdc</value>
         <object_component_ref idref="oc-6e"/>
      </symbol>
      <symbol id="sm-98b">
         <name>__TI_int48</name>
         <value>0xffe0</value>
         <object_component_ref idref="oc-70"/>
      </symbol>
      <symbol id="sm-98e">
         <name>__TI_int49</name>
         <value>0xffe2</value>
         <object_component_ref idref="oc-71"/>
      </symbol>
      <symbol id="sm-991">
         <name>__TI_int50</name>
         <value>0xffe4</value>
         <object_component_ref idref="oc-78"/>
      </symbol>
      <symbol id="sm-994">
         <name>__TI_int51</name>
         <value>0xffe6</value>
         <object_component_ref idref="oc-79"/>
      </symbol>
      <symbol id="sm-997">
         <name>__TI_int52</name>
         <value>0xffe8</value>
         <object_component_ref idref="oc-7a"/>
      </symbol>
      <symbol id="sm-99a">
         <name>__TI_int53</name>
         <value>0xffea</value>
         <object_component_ref idref="oc-7b"/>
      </symbol>
      <symbol id="sm-99d">
         <name>__TI_int55</name>
         <value>0xffee</value>
         <object_component_ref idref="oc-7d"/>
      </symbol>
      <symbol id="sm-9a0">
         <name>__TI_int56</name>
         <value>0xfff0</value>
         <object_component_ref idref="oc-7e"/>
      </symbol>
      <symbol id="sm-9a3">
         <name>__TI_int58</name>
         <value>0xfff4</value>
         <object_component_ref idref="oc-80"/>
      </symbol>
      <symbol id="sm-9a6">
         <name>__TI_int59</name>
         <value>0xfff6</value>
         <object_component_ref idref="oc-81"/>
      </symbol>
      <symbol id="sm-9a9">
         <name>__TI_int60</name>
         <value>0xfff8</value>
         <object_component_ref idref="oc-82"/>
      </symbol>
      <symbol id="sm-9ac">
         <name>__TI_int61</name>
         <value>0xfffa</value>
         <object_component_ref idref="oc-83"/>
      </symbol>
      <symbol id="sm-9af">
         <name>__TI_int62</name>
         <value>0xfffc</value>
         <object_component_ref idref="oc-84"/>
      </symbol>
      <symbol id="sm-9b7">
         <name>__TI_ISR_TRAP</name>
         <value>0x134ec</value>
         <object_component_ref idref="oc-9b"/>
      </symbol>
      <symbol id="sm-9c0">
         <name>__mspabi_slli</name>
         <value>0x134be</value>
         <object_component_ref idref="oc-25b"/>
      </symbol>
      <symbol id="sm-9ca">
         <name>__mspabi_srli</name>
         <value>0x134c8</value>
         <object_component_ref idref="oc-39d"/>
      </symbol>
      <symbol id="sm-9d2">
         <name>__mspabi_srll_8</name>
         <value>0x1307a</value>
         <object_component_ref idref="oc-422"/>
      </symbol>
      <symbol id="sm-9d3">
         <name>__mspabi_srll_9</name>
         <value>0x13076</value>
         <object_component_ref idref="oc-422"/>
      </symbol>
      <symbol id="sm-9d4">
         <name>__mspabi_srll_6</name>
         <value>0x13082</value>
         <object_component_ref idref="oc-422"/>
      </symbol>
      <symbol id="sm-9d5">
         <name>__mspabi_srll_7</name>
         <value>0x1307e</value>
         <object_component_ref idref="oc-422"/>
      </symbol>
      <symbol id="sm-9d6">
         <name>__mspabi_srll_4</name>
         <value>0x1308a</value>
         <object_component_ref idref="oc-422"/>
      </symbol>
      <symbol id="sm-9d7">
         <name>__mspabi_srll_5</name>
         <value>0x13086</value>
         <object_component_ref idref="oc-422"/>
      </symbol>
      <symbol id="sm-9d8">
         <name>__mspabi_srll_2</name>
         <value>0x13092</value>
         <object_component_ref idref="oc-422"/>
      </symbol>
      <symbol id="sm-9d9">
         <name>__mspabi_srll_3</name>
         <value>0x1308e</value>
         <object_component_ref idref="oc-422"/>
      </symbol>
      <symbol id="sm-9da">
         <name>__mspabi_srll_1</name>
         <value>0x13096</value>
         <object_component_ref idref="oc-422"/>
      </symbol>
      <symbol id="sm-9db">
         <name>__mspabi_srll_15</name>
         <value>0x1305e</value>
         <object_component_ref idref="oc-422"/>
      </symbol>
      <symbol id="sm-9dc">
         <name>__mspabi_srll_14</name>
         <value>0x13062</value>
         <object_component_ref idref="oc-422"/>
      </symbol>
      <symbol id="sm-9dd">
         <name>__mspabi_srll_13</name>
         <value>0x13066</value>
         <object_component_ref idref="oc-422"/>
      </symbol>
      <symbol id="sm-9de">
         <name>__mspabi_srll_12</name>
         <value>0x1306a</value>
         <object_component_ref idref="oc-422"/>
      </symbol>
      <symbol id="sm-9df">
         <name>__mspabi_srll_11</name>
         <value>0x1306e</value>
         <object_component_ref idref="oc-422"/>
      </symbol>
      <symbol id="sm-9e0">
         <name>__mspabi_srll_10</name>
         <value>0x13072</value>
         <object_component_ref idref="oc-422"/>
      </symbol>
      <symbol id="sm-9f4">
         <name>memcpy</name>
         <value>0x132c2</value>
         <object_component_ref idref="oc-d1"/>
      </symbol>
      <symbol id="sm-a03">
         <name>memset</name>
         <value>0x13376</value>
         <object_component_ref idref="oc-2ae"/>
      </symbol>
      <symbol id="sm-a0d">
         <name>__mspabi_mpyi_f5hw</name>
         <value>0x1340a</value>
         <object_component_ref idref="oc-392"/>
      </symbol>
      <symbol id="sm-a15">
         <name>__mspabi_mpyl_f5hw</name>
         <value>0x13334</value>
         <object_component_ref idref="oc-48c"/>
      </symbol>
      <symbol id="sm-a1f">
         <name>_system_pre_init</name>
         <value>0x134f8</value>
         <object_component_ref idref="oc-ac"/>
      </symbol>
      <symbol id="sm-a52">
         <name>snprintf</name>
         <value>0x125b8</value>
         <object_component_ref idref="oc-1ce"/>
      </symbol>
      <symbol id="sm-ac3">
         <name>__TI_printfi_minimal</name>
         <value>0x11840</value>
         <object_component_ref idref="oc-274"/>
      </symbol>
      <symbol id="sm-acc">
         <name>__mspabi_sral_15</name>
         <value>0x13020</value>
         <object_component_ref idref="oc-100"/>
      </symbol>
      <symbol id="sm-acd">
         <name>__mspabi_sral_14</name>
         <value>0x13024</value>
         <object_component_ref idref="oc-100"/>
      </symbol>
      <symbol id="sm-ace">
         <name>__mspabi_sral_13</name>
         <value>0x13028</value>
         <object_component_ref idref="oc-100"/>
      </symbol>
      <symbol id="sm-acf">
         <name>__mspabi_sral_12</name>
         <value>0x1302c</value>
         <object_component_ref idref="oc-100"/>
      </symbol>
      <symbol id="sm-ad0">
         <name>__mspabi_sral_11</name>
         <value>0x13030</value>
         <object_component_ref idref="oc-100"/>
      </symbol>
      <symbol id="sm-ad1">
         <name>__mspabi_sral_10</name>
         <value>0x13034</value>
         <object_component_ref idref="oc-100"/>
      </symbol>
      <symbol id="sm-ad2">
         <name>__mspabi_sral_8</name>
         <value>0x1303c</value>
         <object_component_ref idref="oc-100"/>
      </symbol>
      <symbol id="sm-ad3">
         <name>__mspabi_sral_9</name>
         <value>0x13038</value>
         <object_component_ref idref="oc-100"/>
      </symbol>
      <symbol id="sm-ad4">
         <name>__mspabi_sral_6</name>
         <value>0x13044</value>
         <object_component_ref idref="oc-100"/>
      </symbol>
      <symbol id="sm-ad5">
         <name>__mspabi_sral_7</name>
         <value>0x13040</value>
         <object_component_ref idref="oc-100"/>
      </symbol>
      <symbol id="sm-ad6">
         <name>__mspabi_sral_4</name>
         <value>0x1304c</value>
         <object_component_ref idref="oc-100"/>
      </symbol>
      <symbol id="sm-ad7">
         <name>__mspabi_sral_5</name>
         <value>0x13048</value>
         <object_component_ref idref="oc-100"/>
      </symbol>
      <symbol id="sm-ad8">
         <name>__mspabi_sral_2</name>
         <value>0x13054</value>
         <object_component_ref idref="oc-100"/>
      </symbol>
      <symbol id="sm-ad9">
         <name>__mspabi_sral_3</name>
         <value>0x13050</value>
         <object_component_ref idref="oc-100"/>
      </symbol>
      <symbol id="sm-ada">
         <name>__mspabi_sral_1</name>
         <value>0x13058</value>
         <object_component_ref idref="oc-100"/>
      </symbol>
      <symbol id="sm-af0">
         <name>_auto_init_hold_wdt</name>
         <value>0x12066</value>
         <object_component_ref idref="oc-b2"/>
      </symbol>
      <symbol id="sm-b08">
         <name>memccpy</name>
         <value>0x13356</value>
         <object_component_ref idref="oc-43d"/>
      </symbol>
      <symbol id="sm-b19">
         <name>strlen</name>
         <value>0x13444</value>
         <object_component_ref idref="oc-366"/>
      </symbol>
      <symbol id="sm-b20">
         <name>__TI_exit</name>
         <value>0x1</value>
      </symbol>
      <symbol id="sm-b21">
         <name>__TI_args_main</name>
         <value>0x1</value>
      </symbol>
      <symbol id="sm-b22">
         <name>__TI_INITARRAY_Base</name>
         <value>0x0</value>
      </symbol>
      <symbol id="sm-b23">
         <name>__TI_INITARRAY_Limit</name>
         <value>0x0</value>
      </symbol>
   </symbol_table>
   <title>Link successful</title>
</link_info>
